ARM Linker, 4.1 [Build 713] [Standard]

==============================================================================

Section Cross References

    memory.o(i.main) refers to usbhw.o(i.USB_Init) for USB_Init
    memory.o(i.main) refers to usbhw.o(i.USB_Connect) for USB_Connect
    memory.o(i.main) refers to diskimg.o(.constdata) for DiskImage
    memory.o(i.main) refers to mscuser.o(.bss) for Memory
    mscuser.o(i.DataInFormat) refers to mscuser.o(i.MSC_SetCSW) for MSC_SetCSW
    mscuser.o(i.DataInFormat) refers to usbhw.o(i.USB_SetStallEP) for USB_SetStallEP
    mscuser.o(i.DataInFormat) refers to mscuser.o(.bss) for CBW
    mscuser.o(i.DataInTransfer) refers to usbhw.o(i.USB_WriteEP) for USB_WriteEP
    mscuser.o(i.DataInTransfer) refers to mscuser.o(.bss) for CBW
    mscuser.o(i.DataInTransfer) refers to mscuser.o(.data) for BulkLen
    mscuser.o(i.MSC_BulkIn) refers to mscuser.o(i.MSC_MemoryRead) for MSC_MemoryRead
    mscuser.o(i.MSC_BulkIn) refers to mscuser.o(i.MSC_SetCSW) for MSC_SetCSW
    mscuser.o(i.MSC_BulkIn) refers to usbhw.o(i.USB_SetStallEP) for USB_SetStallEP
    mscuser.o(i.MSC_BulkIn) refers to mscuser.o(.data) for BulkStage
    mscuser.o(i.MSC_BulkIn) refers to mscuser.o(.bss) for CBW
    mscuser.o(i.MSC_BulkOut) refers to usbhw.o(i.USB_ReadEP) for USB_ReadEP
    mscuser.o(i.MSC_BulkOut) refers to mscuser.o(i.MSC_GetCBW) for MSC_GetCBW
    mscuser.o(i.MSC_BulkOut) refers to mscuser.o(i.MSC_MemoryWrite) for MSC_MemoryWrite
    mscuser.o(i.MSC_BulkOut) refers to mscuser.o(i.MSC_MemoryVerify) for MSC_MemoryVerify
    mscuser.o(i.MSC_BulkOut) refers to usbhw.o(i.USB_SetStallEP) for USB_SetStallEP
    mscuser.o(i.MSC_BulkOut) refers to mscuser.o(i.MSC_SetCSW) for MSC_SetCSW
    mscuser.o(i.MSC_BulkOut) refers to mscuser.o(.bss) for BulkBuf
    mscuser.o(i.MSC_BulkOut) refers to mscuser.o(.data) for BulkLen
    mscuser.o(i.MSC_GetCBW) refers to mscuser.o(i.MSC_SetCSW) for MSC_SetCSW
    mscuser.o(i.MSC_GetCBW) refers to mscuser.o(i.MSC_TestUnitReady) for MSC_TestUnitReady
    mscuser.o(i.MSC_GetCBW) refers to mscuser.o(i.MSC_RequestSense) for MSC_RequestSense
    mscuser.o(i.MSC_GetCBW) refers to mscuser.o(i.MSC_Inquiry) for MSC_Inquiry
    mscuser.o(i.MSC_GetCBW) refers to mscuser.o(i.MSC_ModeSense6) for MSC_ModeSense6
    mscuser.o(i.MSC_GetCBW) refers to mscuser.o(i.MSC_ModeSense10) for MSC_ModeSense10
    mscuser.o(i.MSC_GetCBW) refers to mscuser.o(i.MSC_ReadFormatCapacity) for MSC_ReadFormatCapacity
    mscuser.o(i.MSC_GetCBW) refers to mscuser.o(i.MSC_ReadCapacity) for MSC_ReadCapacity
    mscuser.o(i.MSC_GetCBW) refers to mscuser.o(i.MSC_RWSetup) for MSC_RWSetup
    mscuser.o(i.MSC_GetCBW) refers to mscuser.o(i.MSC_MemoryRead) for MSC_MemoryRead
    mscuser.o(i.MSC_GetCBW) refers to usbhw.o(i.USB_SetStallEP) for USB_SetStallEP
    mscuser.o(i.MSC_GetCBW) refers to mscuser.o(.bss) for BulkBuf
    mscuser.o(i.MSC_GetCBW) refers to mscuser.o(.data) for BulkLen
    mscuser.o(i.MSC_GetMaxLUN) refers to usbcore.o(.bss) for EP0Buf
    mscuser.o(i.MSC_Inquiry) refers to mscuser.o(i.DataInFormat) for DataInFormat
    mscuser.o(i.MSC_Inquiry) refers to mscuser.o(i.DataInTransfer) for DataInTransfer
    mscuser.o(i.MSC_Inquiry) refers to mscuser.o(.bss) for BulkBuf
    mscuser.o(i.MSC_Inquiry) refers to mscuser.o(.data) for BulkLen
    mscuser.o(i.MSC_MemoryRead) refers to usbhw.o(i.USB_WriteEP) for USB_WriteEP
    mscuser.o(i.MSC_MemoryRead) refers to mscuser.o(.data) for Length
    mscuser.o(i.MSC_MemoryRead) refers to mscuser.o(.bss) for Memory
    mscuser.o(i.MSC_MemoryVerify) refers to usbhw.o(i.USB_SetStallEP) for USB_SetStallEP
    mscuser.o(i.MSC_MemoryVerify) refers to mscuser.o(i.MSC_SetCSW) for MSC_SetCSW
    mscuser.o(i.MSC_MemoryVerify) refers to mscuser.o(.data) for Offset
    mscuser.o(i.MSC_MemoryVerify) refers to mscuser.o(.bss) for Memory
    mscuser.o(i.MSC_MemoryWrite) refers to usbhw.o(i.USB_SetStallEP) for USB_SetStallEP
    mscuser.o(i.MSC_MemoryWrite) refers to mscuser.o(i.MSC_SetCSW) for MSC_SetCSW
    mscuser.o(i.MSC_MemoryWrite) refers to mscuser.o(.data) for Offset
    mscuser.o(i.MSC_MemoryWrite) refers to mscuser.o(.bss) for BulkBuf
    mscuser.o(i.MSC_ModeSense10) refers to mscuser.o(i.DataInFormat) for DataInFormat
    mscuser.o(i.MSC_ModeSense10) refers to mscuser.o(i.DataInTransfer) for DataInTransfer
    mscuser.o(i.MSC_ModeSense10) refers to mscuser.o(.bss) for BulkBuf
    mscuser.o(i.MSC_ModeSense10) refers to mscuser.o(.data) for BulkLen
    mscuser.o(i.MSC_ModeSense6) refers to mscuser.o(i.DataInFormat) for DataInFormat
    mscuser.o(i.MSC_ModeSense6) refers to mscuser.o(i.DataInTransfer) for DataInTransfer
    mscuser.o(i.MSC_ModeSense6) refers to mscuser.o(.bss) for BulkBuf
    mscuser.o(i.MSC_ModeSense6) refers to mscuser.o(.data) for BulkLen
    mscuser.o(i.MSC_RWSetup) refers to usbhw.o(i.USB_SetStallEP) for USB_SetStallEP
    mscuser.o(i.MSC_RWSetup) refers to mscuser.o(i.MSC_SetCSW) for MSC_SetCSW
    mscuser.o(i.MSC_RWSetup) refers to mscuser.o(.bss) for CBW
    mscuser.o(i.MSC_RWSetup) refers to mscuser.o(.data) for Offset
    mscuser.o(i.MSC_ReadCapacity) refers to mscuser.o(i.DataInFormat) for DataInFormat
    mscuser.o(i.MSC_ReadCapacity) refers to mscuser.o(i.DataInTransfer) for DataInTransfer
    mscuser.o(i.MSC_ReadCapacity) refers to mscuser.o(.bss) for BulkBuf
    mscuser.o(i.MSC_ReadCapacity) refers to mscuser.o(.data) for BulkLen
    mscuser.o(i.MSC_ReadFormatCapacity) refers to mscuser.o(i.DataInFormat) for DataInFormat
    mscuser.o(i.MSC_ReadFormatCapacity) refers to mscuser.o(i.DataInTransfer) for DataInTransfer
    mscuser.o(i.MSC_ReadFormatCapacity) refers to mscuser.o(.bss) for BulkBuf
    mscuser.o(i.MSC_ReadFormatCapacity) refers to mscuser.o(.data) for BulkLen
    mscuser.o(i.MSC_RequestSense) refers to mscuser.o(i.DataInFormat) for DataInFormat
    mscuser.o(i.MSC_RequestSense) refers to mscuser.o(i.DataInTransfer) for DataInTransfer
    mscuser.o(i.MSC_RequestSense) refers to mscuser.o(.bss) for BulkBuf
    mscuser.o(i.MSC_RequestSense) refers to mscuser.o(.data) for BulkLen
    mscuser.o(i.MSC_Reset) refers to mscuser.o(.data) for BulkStage
    mscuser.o(i.MSC_SetCSW) refers to usbhw.o(i.USB_WriteEP) for USB_WriteEP
    mscuser.o(i.MSC_SetCSW) refers to mscuser.o(.bss) for CSW
    mscuser.o(i.MSC_SetCSW) refers to mscuser.o(.data) for BulkStage
    mscuser.o(i.MSC_TestUnitReady) refers to usbhw.o(i.USB_SetStallEP) for USB_SetStallEP
    mscuser.o(i.MSC_TestUnitReady) refers to mscuser.o(i.MSC_SetCSW) for MSC_SetCSW
    mscuser.o(i.MSC_TestUnitReady) refers to mscuser.o(.bss) for CBW
    usbcore.o(i.USB_DataInStage) refers to usbhw.o(i.USB_WriteEP) for USB_WriteEP
    usbcore.o(i.USB_DataInStage) refers to usbcore.o(.data) for EP0Data
    usbcore.o(i.USB_DataOutStage) refers to usbhw.o(i.USB_ReadEP) for USB_ReadEP
    usbcore.o(i.USB_DataOutStage) refers to usbcore.o(.data) for EP0Data
    usbcore.o(i.USB_EndPoint0) refers to usbcore.o(i.USB_SetupStage) for USB_SetupStage
    usbcore.o(i.USB_EndPoint0) refers to usbhw.o(i.USB_DirCtrlEP) for USB_DirCtrlEP
    usbcore.o(i.USB_EndPoint0) refers to usbcore.o(i.USB_GetStatus) for USB_GetStatus
    usbcore.o(i.USB_EndPoint0) refers to usbcore.o(i.USB_SetClrFeature) for USB_SetClrFeature
    usbcore.o(i.USB_EndPoint0) refers to usbcore.o(i.USB_StatusInStage) for USB_StatusInStage
    usbcore.o(i.USB_EndPoint0) refers to usbcore.o(i.USB_GetDescriptor) for USB_GetDescriptor
    usbcore.o(i.USB_EndPoint0) refers to usbhw.o(i.USB_SetStallEP) for USB_SetStallEP
    usbcore.o(i.USB_EndPoint0) refers to usbcore.o(i.USB_DataInStage) for USB_DataInStage
    usbcore.o(i.USB_EndPoint0) refers to usbcore.o(i.USB_SetConfiguration) for USB_SetConfiguration
    usbcore.o(i.USB_EndPoint0) refers to usbuser.o(i.USB_Configure_Event) for USB_Configure_Event
    usbcore.o(i.USB_EndPoint0) refers to usbcore.o(i.USB_SetInterface) for USB_SetInterface
    usbcore.o(i.USB_EndPoint0) refers to mscuser.o(i.MSC_Reset) for MSC_Reset
    usbcore.o(i.USB_EndPoint0) refers to mscuser.o(i.MSC_GetMaxLUN) for MSC_GetMaxLUN
    usbcore.o(i.USB_EndPoint0) refers to usbcore.o(i.USB_DataOutStage) for USB_DataOutStage
    usbcore.o(i.USB_EndPoint0) refers to usbcore.o(i.USB_StatusOutStage) for USB_StatusOutStage
    usbcore.o(i.USB_EndPoint0) refers to usbhw.o(i.USB_SetAddress) for USB_SetAddress
    usbcore.o(i.USB_EndPoint0) refers to usbhw.o(i.USB_ClrStallEP) for USB_ClrStallEP
    usbcore.o(i.USB_EndPoint0) refers to usbcore.o(.data) for SetupPacket
    usbcore.o(i.USB_EndPoint0) refers to usbcore.o(.bss) for EP0Buf
    usbcore.o(i.USB_ResetCore) refers to usbcore.o(.data) for USB_DeviceStatus
    usbcore.o(i.USB_SetupStage) refers to usbhw.o(i.USB_ReadEP) for USB_ReadEP
    usbcore.o(i.USB_SetupStage) refers to usbcore.o(.data) for SetupPacket
    usbcore.o(i.USB_StatusInStage) refers to usbhw.o(i.USB_WriteEP) for USB_WriteEP
    usbcore.o(i.USB_StatusOutStage) refers to usbhw.o(i.USB_ReadEP) for USB_ReadEP
    usbcore.o(i.USB_StatusOutStage) refers to usbcore.o(.bss) for EP0Buf
    usbhw.o(i.USB_ClearEPBuf) refers to usbhw.o(i.WrCmdEP) for WrCmdEP
    usbhw.o(i.USB_ClrStallEP) refers to usbhw.o(i.EPAdr) for EPAdr
    usbhw.o(i.USB_ClrStallEP) refers to usbhw.o(i.WrCmdDat) for WrCmdDat
    usbhw.o(i.USB_ConfigEP) refers to usbhw.o(i.EPAdr) for EPAdr
    usbhw.o(i.USB_Configure) refers to usbhw.o(i.WrCmdDat) for WrCmdDat
    usbhw.o(i.USB_Connect) refers to usbhw.o(i.WrCmdDat) for WrCmdDat
    usbhw.o(i.USB_DMA_BufAdr) refers to usbhw.o(i.EPAdr) for EPAdr
    usbhw.o(i.USB_DMA_BufAdr) refers to usbhw.o(USB_RAM) for UDCA
    usbhw.o(i.USB_DMA_BufCnt) refers to usbhw.o(i.EPAdr) for EPAdr
    usbhw.o(i.USB_DMA_BufCnt) refers to usbhw.o(USB_RAM) for UDCA
    usbhw.o(i.USB_DMA_Disable) refers to usbhw.o(i.EPAdr) for EPAdr
    usbhw.o(i.USB_DMA_Enable) refers to usbhw.o(i.EPAdr) for EPAdr
    usbhw.o(i.USB_DMA_Setup) refers to usbhw.o(i.EPAdr) for EPAdr
    usbhw.o(i.USB_DMA_Setup) refers to usbhw.o(.bss) for udca
    usbhw.o(i.USB_DMA_Setup) refers to usbhw.o(.constdata) for DDAdr
    usbhw.o(i.USB_DMA_Setup) refers to usbhw.o(.data) for DDMemMap
    usbhw.o(i.USB_DMA_Setup) refers to usbhw.o(USB_RAM) for UDCA
    usbhw.o(i.USB_DMA_Status) refers to usbhw.o(i.EPAdr) for EPAdr
    usbhw.o(i.USB_DMA_Status) refers to usbhw.o(USB_RAM) for UDCA
    usbhw.o(i.USB_DisableEP) refers to usbhw.o(i.EPAdr) for EPAdr
    usbhw.o(i.USB_DisableEP) refers to usbhw.o(i.WrCmdDat) for WrCmdDat
    usbhw.o(i.USB_EnableEP) refers to usbhw.o(i.EPAdr) for EPAdr
    usbhw.o(i.USB_EnableEP) refers to usbhw.o(i.WrCmdDat) for WrCmdDat
    usbhw.o(i.USB_GetFrame) refers to usbhw.o(i.WrCmd) for WrCmd
    usbhw.o(i.USB_GetFrame) refers to usbhw.o(i.RdCmdDat) for RdCmdDat
    usbhw.o(i.USB_IRQHandler) refers to usbhw.o(i.WrCmd) for WrCmd
    usbhw.o(i.USB_IRQHandler) refers to usbhw.o(i.RdCmdDat) for RdCmdDat
    usbhw.o(i.USB_IRQHandler) refers to usbhw.o(i.USB_Reset) for USB_Reset
    usbhw.o(i.USB_IRQHandler) refers to usbuser.o(i.USB_Reset_Event) for USB_Reset_Event
    usbhw.o(i.USB_IRQHandler) refers to usbhw.o(i.USB_Suspend) for USB_Suspend
    usbhw.o(i.USB_IRQHandler) refers to usbhw.o(i.USB_Resume) for USB_Resume
    usbhw.o(i.USB_IRQHandler) refers to usbuser.o(.constdata) for USB_P_EP
    usbhw.o(i.USB_Init) refers to lpc177x_8x_pinsel.o(i.PINSEL_ConfigPin) for PINSEL_ConfigPin
    usbhw.o(i.USB_Init) refers to lpc177x_8x_gpio.o(i.GPIO_SetDir) for GPIO_SetDir
    usbhw.o(i.USB_Init) refers to lpc177x_8x_gpio.o(i.GPIO_ClearValue) for GPIO_ClearValue
    usbhw.o(i.USB_Init) refers to usbhw.o(i.USB_Reset) for USB_Reset
    usbhw.o(i.USB_Init) refers to usbhw.o(i.USB_SetAddress) for USB_SetAddress
    usbhw.o(i.USB_ReadEP) refers to usbhw.o(i.WrCmdEP) for WrCmdEP
    usbhw.o(i.USB_Reset) refers to usbhw.o(.data) for DDMemMap
    usbhw.o(i.USB_Reset) refers to usbhw.o(.bss) for udca
    usbhw.o(i.USB_Reset) refers to usbhw.o(USB_RAM) for UDCA
    usbhw.o(i.USB_ResetEP) refers to usbhw.o(i.EPAdr) for EPAdr
    usbhw.o(i.USB_ResetEP) refers to usbhw.o(i.WrCmdDat) for WrCmdDat
    usbhw.o(i.USB_SetAddress) refers to usbhw.o(i.WrCmdDat) for WrCmdDat
    usbhw.o(i.USB_SetStallEP) refers to usbhw.o(i.EPAdr) for EPAdr
    usbhw.o(i.USB_SetStallEP) refers to usbhw.o(i.WrCmdDat) for WrCmdDat
    usbhw.o(i.USB_WakeUp) refers to usbhw.o(i.WrCmdDat) for WrCmdDat
    usbhw.o(i.USB_WakeUp) refers to usbcore.o(.data) for USB_DeviceStatus
    usbhw.o(i.USB_WriteEP) refers to usbhw.o(i.WrCmdEP) for WrCmdEP
    usbhw.o(i.WrCmdEP) refers to usbhw.o(i.EPAdr) for EPAdr
    usbuser.o(i.USB_EndPoint2) refers to mscuser.o(i.MSC_BulkOut) for MSC_BulkOut
    usbuser.o(i.USB_EndPoint2) refers to mscuser.o(i.MSC_BulkIn) for MSC_BulkIn
    usbuser.o(i.USB_Reset_Event) refers to usbcore.o(i.USB_ResetCore) for USB_ResetCore
    usbuser.o(.constdata) refers to usbcore.o(i.USB_EndPoint0) for USB_EndPoint0
    usbuser.o(.constdata) refers to usbuser.o(i.USB_EndPoint2) for USB_EndPoint2
    lpc177x_8x_clkpwr.o(i.CLKPWR_GetCLK) refers to system_lpc177x_8x.o(.data) for SystemCoreClock
    lpc177x_8x_clkpwr.o(i.CLKPWR_SetCLKDiv) refers to system_lpc177x_8x.o(i.SystemCoreClockUpdate) for SystemCoreClockUpdate
    lpc177x_8x_gpio.o(i.FIO_ByteClearValue) refers to lpc177x_8x_gpio.o(i.FIO_ByteGetPointer) for FIO_ByteGetPointer
    lpc177x_8x_gpio.o(i.FIO_ByteReadValue) refers to lpc177x_8x_gpio.o(i.FIO_ByteGetPointer) for FIO_ByteGetPointer
    lpc177x_8x_gpio.o(i.FIO_ByteSetDir) refers to lpc177x_8x_gpio.o(i.FIO_ByteGetPointer) for FIO_ByteGetPointer
    lpc177x_8x_gpio.o(i.FIO_ByteSetMask) refers to lpc177x_8x_gpio.o(i.FIO_ByteGetPointer) for FIO_ByteGetPointer
    lpc177x_8x_gpio.o(i.FIO_ByteSetValue) refers to lpc177x_8x_gpio.o(i.FIO_ByteGetPointer) for FIO_ByteGetPointer
    lpc177x_8x_gpio.o(i.FIO_ClearInt) refers to lpc177x_8x_gpio.o(i.GPIO_ClearInt) for GPIO_ClearInt
    lpc177x_8x_gpio.o(i.FIO_ClearValue) refers to lpc177x_8x_gpio.o(i.GPIO_ClearValue) for GPIO_ClearValue
    lpc177x_8x_gpio.o(i.FIO_GetIntStatus) refers to lpc177x_8x_gpio.o(i.GPIO_GetIntStatus) for GPIO_GetIntStatus
    lpc177x_8x_gpio.o(i.FIO_HalfWordClearValue) refers to lpc177x_8x_gpio.o(i.FIO_HalfWordGetPointer) for FIO_HalfWordGetPointer
    lpc177x_8x_gpio.o(i.FIO_HalfWordReadValue) refers to lpc177x_8x_gpio.o(i.FIO_HalfWordGetPointer) for FIO_HalfWordGetPointer
    lpc177x_8x_gpio.o(i.FIO_HalfWordSetDir) refers to lpc177x_8x_gpio.o(i.FIO_HalfWordGetPointer) for FIO_HalfWordGetPointer
    lpc177x_8x_gpio.o(i.FIO_HalfWordSetMask) refers to lpc177x_8x_gpio.o(i.FIO_HalfWordGetPointer) for FIO_HalfWordGetPointer
    lpc177x_8x_gpio.o(i.FIO_HalfWordSetValue) refers to lpc177x_8x_gpio.o(i.FIO_HalfWordGetPointer) for FIO_HalfWordGetPointer
    lpc177x_8x_gpio.o(i.FIO_IntCmd) refers to lpc177x_8x_gpio.o(i.GPIO_IntCmd) for GPIO_IntCmd
    lpc177x_8x_gpio.o(i.FIO_ReadValue) refers to lpc177x_8x_gpio.o(i.GPIO_ReadValue) for GPIO_ReadValue
    lpc177x_8x_gpio.o(i.FIO_SetDir) refers to lpc177x_8x_gpio.o(i.GPIO_SetDir) for GPIO_SetDir
    lpc177x_8x_gpio.o(i.FIO_SetMask) refers to lpc177x_8x_gpio.o(i.GPIO_GetPointer) for GPIO_GetPointer
    lpc177x_8x_gpio.o(i.FIO_SetValue) refers to lpc177x_8x_gpio.o(i.GPIO_SetValue) for GPIO_SetValue
    lpc177x_8x_gpio.o(i.GPIO_ClearValue) refers to lpc177x_8x_gpio.o(i.GPIO_GetPointer) for GPIO_GetPointer
    lpc177x_8x_gpio.o(i.GPIO_Deinit) refers to lpc177x_8x_clkpwr.o(i.CLKPWR_ConfigPPWR) for CLKPWR_ConfigPPWR
    lpc177x_8x_gpio.o(i.GPIO_Init) refers to lpc177x_8x_clkpwr.o(i.CLKPWR_ConfigPPWR) for CLKPWR_ConfigPPWR
    lpc177x_8x_gpio.o(i.GPIO_OutputValue) refers to lpc177x_8x_gpio.o(i.GPIO_ClearValue) for GPIO_ClearValue
    lpc177x_8x_gpio.o(i.GPIO_OutputValue) refers to lpc177x_8x_gpio.o(i.GPIO_SetValue) for GPIO_SetValue
    lpc177x_8x_gpio.o(i.GPIO_ReadValue) refers to lpc177x_8x_gpio.o(i.GPIO_GetPointer) for GPIO_GetPointer
    lpc177x_8x_gpio.o(i.GPIO_SetDir) refers to lpc177x_8x_gpio.o(i.GPIO_GetPointer) for GPIO_GetPointer
    lpc177x_8x_gpio.o(i.GPIO_SetValue) refers to lpc177x_8x_gpio.o(i.GPIO_GetPointer) for GPIO_GetPointer
    lpc177x_8x_pinsel.o(i.PINSEL_ConfigPin) refers to lpc177x_8x_pinsel.o(i.PINSEL_GetPinType) for PINSEL_GetPinType
    lpc177x_8x_pinsel.o(i.PINSEL_ConfigPin) refers to lpc177x_8x_pinsel.o(i.PIN_GetPointer) for PIN_GetPointer
    lpc177x_8x_pinsel.o(i.PINSEL_DacEnable) refers to lpc177x_8x_pinsel.o(i.PINSEL_GetPinType) for PINSEL_GetPinType
    lpc177x_8x_pinsel.o(i.PINSEL_DacEnable) refers to lpc177x_8x_pinsel.o(i.PIN_GetPointer) for PIN_GetPointer
    lpc177x_8x_pinsel.o(i.PINSEL_SetAnalogPinMode) refers to lpc177x_8x_pinsel.o(i.PINSEL_GetPinType) for PINSEL_GetPinType
    lpc177x_8x_pinsel.o(i.PINSEL_SetAnalogPinMode) refers to lpc177x_8x_pinsel.o(i.PIN_GetPointer) for PIN_GetPointer
    lpc177x_8x_pinsel.o(i.PINSEL_SetFilter) refers to lpc177x_8x_pinsel.o(i.PINSEL_GetPinType) for PINSEL_GetPinType
    lpc177x_8x_pinsel.o(i.PINSEL_SetFilter) refers to lpc177x_8x_pinsel.o(i.PIN_GetPointer) for PIN_GetPointer
    lpc177x_8x_pinsel.o(i.PINSEL_SetHysMode) refers to lpc177x_8x_pinsel.o(i.PINSEL_GetPinType) for PINSEL_GetPinType
    lpc177x_8x_pinsel.o(i.PINSEL_SetHysMode) refers to lpc177x_8x_pinsel.o(i.PIN_GetPointer) for PIN_GetPointer
    lpc177x_8x_pinsel.o(i.PINSEL_SetI2CFilter) refers to lpc177x_8x_pinsel.o(i.PINSEL_GetPinType) for PINSEL_GetPinType
    lpc177x_8x_pinsel.o(i.PINSEL_SetI2CFilter) refers to lpc177x_8x_pinsel.o(i.PIN_GetPointer) for PIN_GetPointer
    lpc177x_8x_pinsel.o(i.PINSEL_SetI2CMode) refers to lpc177x_8x_pinsel.o(i.PINSEL_GetPinType) for PINSEL_GetPinType
    lpc177x_8x_pinsel.o(i.PINSEL_SetI2CMode) refers to lpc177x_8x_pinsel.o(i.PIN_GetPointer) for PIN_GetPointer
    lpc177x_8x_pinsel.o(i.PINSEL_SetI2CMode) refers to lpc177x_8x_pinsel.o(i.PINSEL_SetI2CFilter) for PINSEL_SetI2CFilter
    lpc177x_8x_pinsel.o(i.PINSEL_SetInvertInput) refers to lpc177x_8x_pinsel.o(i.PINSEL_GetPinType) for PINSEL_GetPinType
    lpc177x_8x_pinsel.o(i.PINSEL_SetInvertInput) refers to lpc177x_8x_pinsel.o(i.PIN_GetPointer) for PIN_GetPointer
    lpc177x_8x_pinsel.o(i.PINSEL_SetOpenDrainMode) refers to lpc177x_8x_pinsel.o(i.PINSEL_GetPinType) for PINSEL_GetPinType
    lpc177x_8x_pinsel.o(i.PINSEL_SetOpenDrainMode) refers to lpc177x_8x_pinsel.o(i.PIN_GetPointer) for PIN_GetPointer
    lpc177x_8x_pinsel.o(i.PINSEL_SetPinMode) refers to lpc177x_8x_pinsel.o(i.PINSEL_GetPinType) for PINSEL_GetPinType
    lpc177x_8x_pinsel.o(i.PINSEL_SetPinMode) refers to lpc177x_8x_pinsel.o(i.PIN_GetPointer) for PIN_GetPointer
    lpc177x_8x_pinsel.o(i.PINSEL_SetSlewMode) refers to lpc177x_8x_pinsel.o(i.PINSEL_GetPinType) for PINSEL_GetPinType
    lpc177x_8x_pinsel.o(i.PINSEL_SetSlewMode) refers to lpc177x_8x_pinsel.o(i.PIN_GetPointer) for PIN_GetPointer
    system_lpc177x_8x.o(i.SystemCoreClockUpdate) refers to system_lpc177x_8x.o(.data) for SystemCoreClock
    system_lpc177x_8x.o(i.SystemInit) refers to system_lpc177x_8x.o(i.SystemCoreClockUpdate) for SystemCoreClockUpdate
    startup_lpc177x_8x.o(RESET) refers to startup_lpc177x_8x.o(STACK) for __initial_sp
    startup_lpc177x_8x.o(RESET) refers to startup_lpc177x_8x.o(.text) for Reset_Handler
    startup_lpc177x_8x.o(RESET) refers to usbhw.o(i.USB_IRQHandler) for USB_IRQHandler
    startup_lpc177x_8x.o(.text) refers to system_lpc177x_8x.o(i.SystemInit) for SystemInit
    startup_lpc177x_8x.o(.text) refers to entry.o(.ARM.Collect$$$$00000000) for __main
    entry.o(.ARM.Collect$$$$00000000) refers (Special) to entry7.o(.ARM.Collect$$$$00000007) for _main_init
    entry.o(.ARM.Collect$$$$00000000) refers (Special) to entry5.o(.ARM.Collect$$$$00000004) for _main_scatterload
    entry.o(.ARM.Collect$$$$00000000) refers (Special) to entry2.o(.ARM.Collect$$$$00000001) for _main_stk
    entry2.o(.ARM.Collect$$$$00000001) refers to entry2.o(.ARM.Collect$$$$00002712) for __lit__00000000
    entry2.o(.ARM.Collect$$$$00002712) refers to startup_lpc177x_8x.o(STACK) for __initial_sp
    entry2.o(__vectab_stack_and_reset_area) refers to startup_lpc177x_8x.o(STACK) for __initial_sp
    entry2.o(__vectab_stack_and_reset_area) refers to entry.o(.ARM.Collect$$$$00000000) for __main
    entry5.o(.ARM.Collect$$$$00000004) refers to init.o(.text) for __scatterload
    entry7.o(.ARM.Collect$$$$00000007) refers to memory.o(i.main) for main
    init.o(.text) refers to entry5.o(.ARM.Collect$$$$00000004) for __main_after_scatterload
    usbcore.o(i.USB_GetStatus) refers to usbcore.o(i.USB_DataInStage) for USB_DataInStage
    usbcore.o(i.USB_GetStatus) refers to usbcore.o(.data) for SetupPacket
    usbcore.o(i.USB_GetStatus) refers to usbcore.o(.bss) for EP0Buf
    usbcore.o(i.USB_SetClrFeature) refers to usbhw.o(i.USB_WakeUpCfg) for USB_WakeUpCfg
    usbcore.o(i.USB_SetClrFeature) refers to usbhw.o(i.USB_SetStallEP) for USB_SetStallEP
    usbcore.o(i.USB_SetClrFeature) refers to usbhw.o(i.USB_ClrStallEP) for USB_ClrStallEP
    usbcore.o(i.USB_SetClrFeature) refers to usbcore.o(.data) for SetupPacket
    usbcore.o(i.USB_GetDescriptor) refers to usbcore.o(i.USB_DataInStage) for USB_DataInStage
    usbcore.o(i.USB_GetDescriptor) refers to usbcore.o(.data) for SetupPacket
    usbcore.o(i.USB_GetDescriptor) refers to usbdesc.o(.constdata) for USB_DeviceDescriptor
    usbcore.o(i.USB_SetConfiguration) refers to usbhw.o(i.USB_DisableEP) for USB_DisableEP
    usbcore.o(i.USB_SetConfiguration) refers to usbhw.o(i.USB_Configure) for USB_Configure
    usbcore.o(i.USB_SetConfiguration) refers to usbhw.o(i.USB_ConfigEP) for USB_ConfigEP
    usbcore.o(i.USB_SetConfiguration) refers to usbhw.o(i.USB_EnableEP) for USB_EnableEP
    usbcore.o(i.USB_SetConfiguration) refers to usbhw.o(i.USB_ResetEP) for USB_ResetEP
    usbcore.o(i.USB_SetConfiguration) refers to usbcore.o(.data) for SetupPacket
    usbcore.o(i.USB_SetConfiguration) refers to usbdesc.o(.constdata) for USB_ConfigDescriptor
    usbcore.o(i.USB_SetInterface) refers to usbhw.o(i.USB_ConfigEP) for USB_ConfigEP
    usbcore.o(i.USB_SetInterface) refers to usbhw.o(i.USB_EnableEP) for USB_EnableEP
    usbcore.o(i.USB_SetInterface) refers to usbhw.o(i.USB_ResetEP) for USB_ResetEP
    usbcore.o(i.USB_SetInterface) refers to usbhw.o(i.USB_DisableEP) for USB_DisableEP
    usbcore.o(i.USB_SetInterface) refers to usbcore.o(.data) for USB_Configuration
    usbcore.o(i.USB_SetInterface) refers to usbdesc.o(.constdata) for USB_ConfigDescriptor


==============================================================================

Removing Unused input sections from the image.

    Removing memory.o(.emb_text), (8 bytes).
    Removing mscuser.o(.emb_text), (8 bytes).
    Removing usbhw.o(.emb_text), (8 bytes).
    Removing usbhw.o(i.USB_ClearEPBuf), (20 bytes).
    Removing usbhw.o(i.USB_DMA_BufAdr), (36 bytes).
    Removing usbhw.o(i.USB_DMA_BufCnt), (36 bytes).
    Removing usbhw.o(i.USB_DMA_Disable), (28 bytes).
    Removing usbhw.o(i.USB_DMA_Enable), (28 bytes).
    Removing usbhw.o(i.USB_DMA_Setup), (308 bytes).
    Removing usbhw.o(i.USB_DMA_Status), (80 bytes).
    Removing usbhw.o(i.USB_GetFrame), (40 bytes).
    Removing usbhw.o(i.USB_WakeUp), (36 bytes).
    Removing usbhw.o(.constdata), (16 bytes).
    Removing usbuser.o(.emb_text), (8 bytes).
    Removing usbuser.o(i.USB_EndPoint1), (2 bytes).
    Removing usbuser.o(i.USB_EndPoint10), (2 bytes).
    Removing usbuser.o(i.USB_EndPoint11), (2 bytes).
    Removing usbuser.o(i.USB_EndPoint12), (2 bytes).
    Removing usbuser.o(i.USB_EndPoint13), (2 bytes).
    Removing usbuser.o(i.USB_EndPoint14), (2 bytes).
    Removing usbuser.o(i.USB_EndPoint15), (2 bytes).
    Removing usbuser.o(i.USB_EndPoint3), (2 bytes).
    Removing usbuser.o(i.USB_EndPoint4), (2 bytes).
    Removing usbuser.o(i.USB_EndPoint5), (2 bytes).
    Removing usbuser.o(i.USB_EndPoint6), (2 bytes).
    Removing usbuser.o(i.USB_EndPoint7), (2 bytes).
    Removing usbuser.o(i.USB_EndPoint8), (2 bytes).
    Removing usbuser.o(i.USB_EndPoint9), (2 bytes).
    Removing lpc177x_8x_clkpwr.o(.emb_text), (8 bytes).
    Removing lpc177x_8x_clkpwr.o(i.CLKPWR_ConfigPPWR), (48 bytes).
    Removing lpc177x_8x_clkpwr.o(i.CLKPWR_DeepPowerDown), (28 bytes).
    Removing lpc177x_8x_clkpwr.o(i.CLKPWR_DeepSleep), (28 bytes).
    Removing lpc177x_8x_clkpwr.o(i.CLKPWR_GetCLK), (64 bytes).
    Removing lpc177x_8x_clkpwr.o(i.CLKPWR_PowerDown), (28 bytes).
    Removing lpc177x_8x_clkpwr.o(i.CLKPWR_SetCLKDiv), (176 bytes).
    Removing lpc177x_8x_clkpwr.o(i.CLKPWR_Sleep), (16 bytes).
    Removing lpc177x_8x_clkpwr.o(.data), (4 bytes).
    Removing lpc177x_8x_gpio.o(.emb_text), (8 bytes).
    Removing lpc177x_8x_gpio.o(i.FIO_ByteClearValue), (34 bytes).
    Removing lpc177x_8x_gpio.o(i.FIO_ByteGetPointer), (76 bytes).
    Removing lpc177x_8x_gpio.o(i.FIO_ByteReadValue), (32 bytes).
    Removing lpc177x_8x_gpio.o(i.FIO_ByteSetDir), (54 bytes).
    Removing lpc177x_8x_gpio.o(i.FIO_ByteSetMask), (70 bytes).
    Removing lpc177x_8x_gpio.o(i.FIO_ByteSetValue), (34 bytes).
    Removing lpc177x_8x_gpio.o(i.FIO_ClearInt), (16 bytes).
    Removing lpc177x_8x_gpio.o(i.FIO_ClearValue), (16 bytes).
    Removing lpc177x_8x_gpio.o(i.FIO_GetIntStatus), (20 bytes).
    Removing lpc177x_8x_gpio.o(i.FIO_HalfWordClearValue), (32 bytes).
    Removing lpc177x_8x_gpio.o(i.FIO_HalfWordGetPointer), (76 bytes).
    Removing lpc177x_8x_gpio.o(i.FIO_HalfWordReadValue), (30 bytes).
    Removing lpc177x_8x_gpio.o(i.FIO_HalfWordSetDir), (70 bytes).
    Removing lpc177x_8x_gpio.o(i.FIO_HalfWordSetMask), (70 bytes).
    Removing lpc177x_8x_gpio.o(i.FIO_HalfWordSetValue), (32 bytes).
    Removing lpc177x_8x_gpio.o(i.FIO_IntCmd), (20 bytes).
    Removing lpc177x_8x_gpio.o(i.FIO_ReadValue), (12 bytes).
    Removing lpc177x_8x_gpio.o(i.FIO_SetDir), (20 bytes).
    Removing lpc177x_8x_gpio.o(i.FIO_SetMask), (44 bytes).
    Removing lpc177x_8x_gpio.o(i.FIO_SetValue), (16 bytes).
    Removing lpc177x_8x_gpio.o(i.GPIO_ClearInt), (32 bytes).
    Removing lpc177x_8x_gpio.o(i.GPIO_Deinit), (14 bytes).
    Removing lpc177x_8x_gpio.o(i.GPIO_GetIntStatus), (104 bytes).
    Removing lpc177x_8x_gpio.o(i.GPIO_Init), (12 bytes).
    Removing lpc177x_8x_gpio.o(i.GPIO_IntCmd), (72 bytes).
    Removing lpc177x_8x_gpio.o(i.GPIO_OutputValue), (30 bytes).
    Removing lpc177x_8x_gpio.o(i.GPIO_ReadValue), (22 bytes).
    Removing lpc177x_8x_gpio.o(i.GPIO_SetValue), (20 bytes).
    Removing lpc177x_8x_nvic.o(.emb_text), (8 bytes).
    Removing lpc177x_8x_nvic.o(i.NVIC_DeInit), (80 bytes).
    Removing lpc177x_8x_nvic.o(i.NVIC_SCBDeInit), (112 bytes).
    Removing lpc177x_8x_nvic.o(i.NVIC_SetVTOR), (12 bytes).
    Removing lpc177x_8x_pinsel.o(.emb_text), (8 bytes).
    Removing lpc177x_8x_pinsel.o(i.PINSEL_DacEnable), (88 bytes).
    Removing lpc177x_8x_pinsel.o(i.PINSEL_SetAnalogPinMode), (84 bytes).
    Removing lpc177x_8x_pinsel.o(i.PINSEL_SetFilter), (88 bytes).
    Removing lpc177x_8x_pinsel.o(i.PINSEL_SetHysMode), (84 bytes).
    Removing lpc177x_8x_pinsel.o(i.PINSEL_SetI2CFilter), (84 bytes).
    Removing lpc177x_8x_pinsel.o(i.PINSEL_SetI2CMode), (144 bytes).
    Removing lpc177x_8x_pinsel.o(i.PINSEL_SetInvertInput), (84 bytes).
    Removing lpc177x_8x_pinsel.o(i.PINSEL_SetOpenDrainMode), (88 bytes).
    Removing lpc177x_8x_pinsel.o(i.PINSEL_SetPinMode), (96 bytes).
    Removing lpc177x_8x_pinsel.o(i.PINSEL_SetSlewMode), (84 bytes).
    Removing system_lpc177x_8x.o(.emb_text), (8 bytes).
    Removing startup_lpc177x_8x.o(HEAP), (0 bytes).

83 unused section(s) (total 3328 bytes) removed from the image.

==============================================================================

Image Symbol Table

    Local Symbols

    Symbol Name                              Value     Ov Type        Size  Object(Section)

    RESET                                    0x00000000   Section      228  startup_lpc177x_8x.o(RESET)
    ../../microlib/init/entry.s              0x00000000   Number         0  entry5.o ABSOLUTE
    ../../microlib/init/entry.s              0x00000000   Number         0  entry7.o ABSOLUTE
    ../../microlib/init/entry.s              0x00000000   Number         0  entry2.o ABSOLUTE
    ../../microlib/init/entry.s              0x00000000   Number         0  entry.o ABSOLUTE
    ..\..\Common\lpc177x.lpc178x.cmsis.driver.library_2012.8.13\Core\Device\NXP\LPC177x_8x\Source\Templates\ARM\startup_LPC177x_8x.s 0x00000000   Number         0  startup_lpc177x_8x.o ABSOLUTE
    ..\..\Common\lpc177x.lpc178x.cmsis.driver.library_2012.8.13\Core\Device\NXP\LPC177x_8x\Source\Templates\system_LPC177x_8x.c 0x00000000   Number         0  system_lpc177x_8x.o ABSOLUTE
    ..\..\Common\lpc177x.lpc178x.cmsis.driver.library_2012.8.13\Drivers\source\lpc177x_8x_clkpwr.c 0x00000000   Number         0  lpc177x_8x_clkpwr.o ABSOLUTE
    ..\..\Common\lpc177x.lpc178x.cmsis.driver.library_2012.8.13\Drivers\source\lpc177x_8x_gpio.c 0x00000000   Number         0  lpc177x_8x_gpio.o ABSOLUTE
    ..\..\Common\lpc177x.lpc178x.cmsis.driver.library_2012.8.13\Drivers\source\lpc177x_8x_nvic.c 0x00000000   Number         0  lpc177x_8x_nvic.o ABSOLUTE
    ..\..\Common\lpc177x.lpc178x.cmsis.driver.library_2012.8.13\Drivers\source\lpc177x_8x_pinsel.c 0x00000000   Number         0  lpc177x_8x_pinsel.o ABSOLUTE
    ..\USER\DiskImg.c                        0x00000000   Number         0  diskimg.o ABSOLUTE
    ..\USER\memory.c                         0x00000000   Number         0  memory.o ABSOLUTE
    ..\USER\mscuser.c                        0x00000000   Number         0  mscuser.o ABSOLUTE
    ..\USER\usbcore.c                        0x00000000   Number         0  usbcore.o ABSOLUTE
    ..\USER\usbdesc.c                        0x00000000   Number         0  usbdesc.o ABSOLUTE
    ..\USER\usbhw.c                          0x00000000   Number         0  usbhw.o ABSOLUTE
    ..\USER\usbuser.c                        0x00000000   Number         0  usbuser.o ABSOLUTE
    ..\\..\\Common\\lpc177x.lpc178x.cmsis.driver.library_2012.8.13\\Core\\Device\\NXP\\LPC177x_8x\\Source\\Templates\\system_LPC177x_8x.c 0x00000000   Number         0  system_lpc177x_8x.o ABSOLUTE
    ..\\..\\Common\\lpc177x.lpc178x.cmsis.driver.library_2012.8.13\\Drivers\\source\\lpc177x_8x_clkpwr.c 0x00000000   Number         0  lpc177x_8x_clkpwr.o ABSOLUTE
    ..\\..\\Common\\lpc177x.lpc178x.cmsis.driver.library_2012.8.13\\Drivers\\source\\lpc177x_8x_gpio.c 0x00000000   Number         0  lpc177x_8x_gpio.o ABSOLUTE
    ..\\..\\Common\\lpc177x.lpc178x.cmsis.driver.library_2012.8.13\\Drivers\\source\\lpc177x_8x_nvic.c 0x00000000   Number         0  lpc177x_8x_nvic.o ABSOLUTE
    ..\\..\\Common\\lpc177x.lpc178x.cmsis.driver.library_2012.8.13\\Drivers\\source\\lpc177x_8x_pinsel.c 0x00000000   Number         0  lpc177x_8x_pinsel.o ABSOLUTE
    ..\\USER\\memory.c                       0x00000000   Number         0  memory.o ABSOLUTE
    ..\\USER\\mscuser.c                      0x00000000   Number         0  mscuser.o ABSOLUTE
    ..\\USER\\usbhw.c                        0x00000000   Number         0  usbhw.o ABSOLUTE
    ..\\USER\\usbuser.c                      0x00000000   Number         0  usbuser.o ABSOLUTE
    dc.s                                     0x00000000   Number         0  dc.o ABSOLUTE
    handlers.s                               0x00000000   Number         0  handlers.o ABSOLUTE
    init.s                                   0x00000000   Number         0  init.o ABSOLUTE
    .ARM.Collect$$$$00000000                 0x000000e4   Section        0  entry.o(.ARM.Collect$$$$00000000)
    .ARM.Collect$$$$00000001                 0x000000e4   Section        4  entry2.o(.ARM.Collect$$$$00000001)
    .ARM.Collect$$$$00000004                 0x000000e8   Section        4  entry5.o(.ARM.Collect$$$$00000004)
    .ARM.Collect$$$$00000007                 0x000000ec   Section        8  entry7.o(.ARM.Collect$$$$00000007)
    .ARM.Collect$$$$00002712                 0x000000f4   Section        4  entry2.o(.ARM.Collect$$$$00002712)
    __lit__00000000                          0x000000f4   Data           4  entry2.o(.ARM.Collect$$$$00002712)
    .text                                    0x000000f8   Section       36  startup_lpc177x_8x.o(.text)
    .text                                    0x0000011c   Section       36  init.o(.text)
    i.DataInFormat                           0x00000140   Section        0  mscuser.o(i.DataInFormat)
    i.DataInTransfer                         0x00000184   Section        0  mscuser.o(i.DataInTransfer)
    i.EPAdr                                  0x000001dc   Section        0  usbhw.o(i.EPAdr)
    i.GPIO_ClearValue                        0x000001f2   Section        0  lpc177x_8x_gpio.o(i.GPIO_ClearValue)
    i.GPIO_GetPointer                        0x00000208   Section        0  lpc177x_8x_gpio.o(i.GPIO_GetPointer)
    GPIO_GetPointer                          0x00000209   Thumb Code    50  lpc177x_8x_gpio.o(i.GPIO_GetPointer)
    i.GPIO_SetDir                            0x00000254   Section        0  lpc177x_8x_gpio.o(i.GPIO_SetDir)
    i.MSC_BulkIn                             0x00000280   Section        0  mscuser.o(i.MSC_BulkIn)
    i.MSC_GetMaxLUN                          0x000002d4   Section        0  mscuser.o(i.MSC_GetMaxLUN)
    i.MSC_Reset                              0x000002e8   Section        0  mscuser.o(i.MSC_Reset)
    .ARM.__at_0x02FC                         0x000002fc   Section        4  startup_lpc177x_8x.o(.ARM.__at_0x02FC)
    i.MSC_BulkOut                            0x00000300   Section        0  mscuser.o(i.MSC_BulkOut)
    i.MSC_GetCBW                             0x0000036c   Section        0  mscuser.o(i.MSC_GetCBW)
    i.MSC_Inquiry                            0x0000051c   Section        0  mscuser.o(i.MSC_Inquiry)
    i.MSC_MemoryRead                         0x00000604   Section        0  mscuser.o(i.MSC_MemoryRead)
    i.MSC_MemoryVerify                       0x0000069c   Section        0  mscuser.o(i.MSC_MemoryVerify)
    i.MSC_MemoryWrite                        0x00000770   Section        0  mscuser.o(i.MSC_MemoryWrite)
    i.MSC_ModeSense10                        0x00000824   Section        0  mscuser.o(i.MSC_ModeSense10)
    i.MSC_ModeSense6                         0x00000864   Section        0  mscuser.o(i.MSC_ModeSense6)
    i.MSC_RWSetup                            0x00000898   Section        0  mscuser.o(i.MSC_RWSetup)
    i.MSC_ReadCapacity                       0x00000910   Section        0  mscuser.o(i.MSC_ReadCapacity)
    i.MSC_ReadFormatCapacity                 0x00000958   Section        0  mscuser.o(i.MSC_ReadFormatCapacity)
    i.MSC_RequestSense                       0x000009b4   Section        0  mscuser.o(i.MSC_RequestSense)
    i.MSC_SetCSW                             0x00000a20   Section        0  mscuser.o(i.MSC_SetCSW)
    i.MSC_TestUnitReady                      0x00000a4c   Section        0  mscuser.o(i.MSC_TestUnitReady)
    i.PINSEL_ConfigPin                       0x00000a84   Section        0  lpc177x_8x_pinsel.o(i.PINSEL_ConfigPin)
    i.PINSEL_GetPinType                      0x00000ad0   Section        0  lpc177x_8x_pinsel.o(i.PINSEL_GetPinType)
    i.PIN_GetPointer                         0x00000b8c   Section        0  lpc177x_8x_pinsel.o(i.PIN_GetPointer)
    PIN_GetPointer                           0x00000b8d   Thumb Code    20  lpc177x_8x_pinsel.o(i.PIN_GetPointer)
    i.RdCmdDat                               0x00000ba4   Section        0  usbhw.o(i.RdCmdDat)
    i.SystemCoreClockUpdate                  0x00000bd4   Section        0  system_lpc177x_8x.o(i.SystemCoreClockUpdate)
    i.SystemInit                             0x00000ed8   Section        0  system_lpc177x_8x.o(i.SystemInit)
    i.USB_ClrStallEP                         0x00000fe4   Section        0  usbhw.o(i.USB_ClrStallEP)
    i.USB_ConfigEP                           0x00001004   Section        0  usbhw.o(i.USB_ConfigEP)
    i.USB_Configure                          0x00001058   Section        0  usbhw.o(i.USB_Configure)
    i.USB_Configure_Event                    0x000010a0   Section        0  usbuser.o(i.USB_Configure_Event)
    i.USB_Connect                            0x000010a4   Section        0  usbhw.o(i.USB_Connect)
    i.USB_DataInStage                        0x000010c4   Section        0  usbcore.o(i.USB_DataInStage)
    i.USB_DataOutStage                       0x00001100   Section        0  usbcore.o(i.USB_DataOutStage)
    i.USB_DirCtrlEP                          0x00001128   Section        0  usbhw.o(i.USB_DirCtrlEP)
    i.USB_DisableEP                          0x0000112c   Section        0  usbhw.o(i.USB_DisableEP)
    i.USB_EnableEP                           0x00001150   Section        0  usbhw.o(i.USB_EnableEP)
    i.USB_EndPoint0                          0x00001170   Section        0  usbcore.o(i.USB_EndPoint0)
    i.USB_EndPoint2                          0x000013e4   Section        0  usbuser.o(i.USB_EndPoint2)
    i.USB_GetDescriptor                      0x00001404   Section        0  usbcore.o(i.USB_GetDescriptor)
    i.USB_GetStatus                          0x000014b0   Section        0  usbcore.o(i.USB_GetStatus)
    i.USB_IRQHandler                         0x0000158c   Section        0  usbhw.o(i.USB_IRQHandler)
    i.USB_Init                               0x000017d4   Section        0  usbhw.o(i.USB_Init)
    i.USB_ReadEP                             0x000018b8   Section        0  usbhw.o(i.USB_ReadEP)
    i.USB_Reset                              0x0000192c   Section        0  usbhw.o(i.USB_Reset)
    i.USB_ResetCore                          0x00001a10   Section        0  usbcore.o(i.USB_ResetCore)
    i.USB_ResetEP                            0x00001a48   Section        0  usbhw.o(i.USB_ResetEP)
    i.USB_Reset_Event                        0x00001a68   Section        0  usbuser.o(i.USB_Reset_Event)
    i.USB_Resume                             0x00001a70   Section        0  usbhw.o(i.USB_Resume)
    i.USB_SetAddress                         0x00001a74   Section        0  usbhw.o(i.USB_SetAddress)
    i.USB_SetClrFeature                      0x00001aa4   Section        0  usbcore.o(i.USB_SetClrFeature)
    i.USB_SetConfiguration                   0x00001b88   Section        0  usbcore.o(i.USB_SetConfiguration)
    i.USB_SetInterface                       0x00001d48   Section        0  usbcore.o(i.USB_SetInterface)
    i.USB_SetStallEP                         0x00001e74   Section        0  usbhw.o(i.USB_SetStallEP)
    i.USB_SetupStage                         0x00001e98   Section        0  usbcore.o(i.USB_SetupStage)
    i.USB_StatusInStage                      0x00001ea8   Section        0  usbcore.o(i.USB_StatusInStage)
    i.USB_StatusOutStage                     0x00001eb8   Section        0  usbcore.o(i.USB_StatusOutStage)
    i.USB_Suspend                            0x00001ec8   Section        0  usbhw.o(i.USB_Suspend)
    i.USB_WakeUpCfg                          0x00001eca   Section        0  usbhw.o(i.USB_WakeUpCfg)
    i.USB_WriteEP                            0x00001ecc   Section        0  usbhw.o(i.USB_WriteEP)
    i.WrCmd                                  0x00001f2c   Section        0  usbhw.o(i.WrCmd)
    i.WrCmdDat                               0x00001f54   Section        0  usbhw.o(i.WrCmdDat)
    i.WrCmdEP                                0x00001f98   Section        0  usbhw.o(i.WrCmdEP)
    i.__scatterload_copy                     0x00001ff0   Section       14  handlers.o(i.__scatterload_copy)
    i.__scatterload_null                     0x00001ffe   Section        2  handlers.o(i.__scatterload_null)
    i.__scatterload_zeroinit                 0x00002000   Section       14  handlers.o(i.__scatterload_zeroinit)
    i.main                                   0x00002010   Section        0  memory.o(i.main)
    .constdata                               0x00002040   Section     4096  diskimg.o(.constdata)
    .constdata                               0x00003040   Section      163  usbdesc.o(.constdata)
    .constdata                               0x000030e4   Section       64  usbuser.o(.constdata)
    .data                                    0x10000000   Section       14  mscuser.o(.data)
    .data                                    0x10000010   Section       36  usbcore.o(.data)
    .data                                    0x10000034   Section        8  usbhw.o(.data)
    .data                                    0x1000003c   Section       16  system_lpc177x_8x.o(.data)
    .bss                                     0x1000004c   Section     8300  mscuser.o(.bss)
    .bss                                     0x100020b8   Section       64  usbcore.o(.bss)
    .bss                                     0x100020f8   Section      128  usbhw.o(.bss)
    STACK                                    0x10002178   Section      512  startup_lpc177x_8x.o(STACK)
    USB_RAM                                  0x10002378   Section      544  usbhw.o(USB_RAM)

    Global Symbols

    Symbol Name                              Value     Ov Type        Size  Object(Section)

    BuildAttributes$$THM_ISAv4$P$D$K$B$S$PE$A:L22UL41UL21$X:L11$S22US41US21$IEEE1$IW$USESV6$~STKCKD$USESV7$~SHL$OSPACE$EBA8$MICROLIB$REQ8$PRES8$EABIv2 0x00000000   Number         0  anon$$obj.o ABSOLUTE
    __ARM_use_no_argv                        0x00000000   Number         0  memory.o ABSOLUTE
    __Vectors                                0x00000000   Data           4  startup_lpc177x_8x.o(RESET)
    __decompress                              - Undefined Weak Reference
    __main                                   0x000000e5   Thumb Code     0  entry.o(.ARM.Collect$$$$00000000)
    _main_stk                                0x000000e5   Thumb Code     0  entry2.o(.ARM.Collect$$$$00000001)
    _main_scatterload                        0x000000e9   Thumb Code     0  entry5.o(.ARM.Collect$$$$00000004)
    __main_after_scatterload                 0x000000ed   Thumb Code     0  entry5.o(.ARM.Collect$$$$00000004)
    _main_init                               0x000000ed   Thumb Code     0  entry7.o(.ARM.Collect$$$$00000007)
    Reset_Handler                            0x000000f9   Thumb Code     8  startup_lpc177x_8x.o(.text)
    NMI_Handler                              0x00000101   Thumb Code     2  startup_lpc177x_8x.o(.text)
    HardFault_Handler                        0x00000103   Thumb Code     2  startup_lpc177x_8x.o(.text)
    MemManage_Handler                        0x00000105   Thumb Code     2  startup_lpc177x_8x.o(.text)
    BusFault_Handler                         0x00000107   Thumb Code     2  startup_lpc177x_8x.o(.text)
    UsageFault_Handler                       0x00000109   Thumb Code     2  startup_lpc177x_8x.o(.text)
    SVC_Handler                              0x0000010b   Thumb Code     2  startup_lpc177x_8x.o(.text)
    DebugMon_Handler                         0x0000010d   Thumb Code     2  startup_lpc177x_8x.o(.text)
    PendSV_Handler                           0x0000010f   Thumb Code     2  startup_lpc177x_8x.o(.text)
    SysTick_Handler                          0x00000111   Thumb Code     2  startup_lpc177x_8x.o(.text)
    ADC_IRQHandler                           0x00000113   Thumb Code     0  startup_lpc177x_8x.o(.text)
    BOD_IRQHandler                           0x00000113   Thumb Code     0  startup_lpc177x_8x.o(.text)
    CANActivity_IRQHandler                   0x00000113   Thumb Code     0  startup_lpc177x_8x.o(.text)
    CAN_IRQHandler                           0x00000113   Thumb Code     0  startup_lpc177x_8x.o(.text)
    DMA_IRQHandler                           0x00000113   Thumb Code     0  startup_lpc177x_8x.o(.text)
    EEPROM_IRQHandler                        0x00000113   Thumb Code     0  startup_lpc177x_8x.o(.text)
    EINT0_IRQHandler                         0x00000113   Thumb Code     0  startup_lpc177x_8x.o(.text)
    EINT1_IRQHandler                         0x00000113   Thumb Code     0  startup_lpc177x_8x.o(.text)
    EINT2_IRQHandler                         0x00000113   Thumb Code     0  startup_lpc177x_8x.o(.text)
    EINT3_IRQHandler                         0x00000113   Thumb Code     0  startup_lpc177x_8x.o(.text)
    ENET_IRQHandler                          0x00000113   Thumb Code     0  startup_lpc177x_8x.o(.text)
    GPIO_IRQHandler                          0x00000113   Thumb Code     0  startup_lpc177x_8x.o(.text)
    I2C0_IRQHandler                          0x00000113   Thumb Code     0  startup_lpc177x_8x.o(.text)
    I2C1_IRQHandler                          0x00000113   Thumb Code     0  startup_lpc177x_8x.o(.text)
    I2C2_IRQHandler                          0x00000113   Thumb Code     0  startup_lpc177x_8x.o(.text)
    I2S_IRQHandler                           0x00000113   Thumb Code     0  startup_lpc177x_8x.o(.text)
    LCD_IRQHandler                           0x00000113   Thumb Code     0  startup_lpc177x_8x.o(.text)
    MCI_IRQHandler                           0x00000113   Thumb Code     0  startup_lpc177x_8x.o(.text)
    MCPWM_IRQHandler                         0x00000113   Thumb Code     0  startup_lpc177x_8x.o(.text)
    PLL0_IRQHandler                          0x00000113   Thumb Code     0  startup_lpc177x_8x.o(.text)
    PLL1_IRQHandler                          0x00000113   Thumb Code     0  startup_lpc177x_8x.o(.text)
    PWM0_IRQHandler                          0x00000113   Thumb Code     0  startup_lpc177x_8x.o(.text)
    PWM1_IRQHandler                          0x00000113   Thumb Code     0  startup_lpc177x_8x.o(.text)
    QEI_IRQHandler                           0x00000113   Thumb Code     0  startup_lpc177x_8x.o(.text)
    RTC_IRQHandler                           0x00000113   Thumb Code     0  startup_lpc177x_8x.o(.text)
    SSP0_IRQHandler                          0x00000113   Thumb Code     0  startup_lpc177x_8x.o(.text)
    SSP1_IRQHandler                          0x00000113   Thumb Code     0  startup_lpc177x_8x.o(.text)
    SSP2_IRQHandler                          0x00000113   Thumb Code     0  startup_lpc177x_8x.o(.text)
    TIMER0_IRQHandler                        0x00000113   Thumb Code     0  startup_lpc177x_8x.o(.text)
    TIMER1_IRQHandler                        0x00000113   Thumb Code     0  startup_lpc177x_8x.o(.text)
    TIMER2_IRQHandler                        0x00000113   Thumb Code     0  startup_lpc177x_8x.o(.text)
    TIMER3_IRQHandler                        0x00000113   Thumb Code     0  startup_lpc177x_8x.o(.text)
    UART0_IRQHandler                         0x00000113   Thumb Code     0  startup_lpc177x_8x.o(.text)
    UART1_IRQHandler                         0x00000113   Thumb Code     0  startup_lpc177x_8x.o(.text)
    UART2_IRQHandler                         0x00000113   Thumb Code     0  startup_lpc177x_8x.o(.text)
    UART3_IRQHandler                         0x00000113   Thumb Code     0  startup_lpc177x_8x.o(.text)
    UART4_IRQHandler                         0x00000113   Thumb Code     0  startup_lpc177x_8x.o(.text)
    USBActivity_IRQHandler                   0x00000113   Thumb Code     0  startup_lpc177x_8x.o(.text)
    WDT_IRQHandler                           0x00000113   Thumb Code     0  startup_lpc177x_8x.o(.text)
    __scatterload                            0x0000011d   Thumb Code    28  init.o(.text)
    __scatterload_rt2                        0x0000011d   Thumb Code     0  init.o(.text)
    DataInFormat                             0x00000141   Thumb Code    60  mscuser.o(i.DataInFormat)
    DataInTransfer                           0x00000185   Thumb Code    66  mscuser.o(i.DataInTransfer)
    EPAdr                                    0x000001dd   Thumb Code    22  usbhw.o(i.EPAdr)
    GPIO_ClearValue                          0x000001f3   Thumb Code    20  lpc177x_8x_gpio.o(i.GPIO_ClearValue)
    GPIO_SetDir                              0x00000255   Thumb Code    44  lpc177x_8x_gpio.o(i.GPIO_SetDir)
    MSC_BulkIn                               0x00000281   Thumb Code    74  mscuser.o(i.MSC_BulkIn)
    MSC_GetMaxLUN                            0x000002d5   Thumb Code    14  mscuser.o(i.MSC_GetMaxLUN)
    MSC_Reset                                0x000002e9   Thumb Code    14  mscuser.o(i.MSC_Reset)
    MSC_BulkOut                              0x00000301   Thumb Code    86  mscuser.o(i.MSC_BulkOut)
    MSC_GetCBW                               0x0000036d   Thumb Code   402  mscuser.o(i.MSC_GetCBW)
    MSC_Inquiry                              0x0000051d   Thumb Code   224  mscuser.o(i.MSC_Inquiry)
    MSC_MemoryRead                           0x00000605   Thumb Code   130  mscuser.o(i.MSC_MemoryRead)
    MSC_MemoryVerify                         0x0000069d   Thumb Code   180  mscuser.o(i.MSC_MemoryVerify)
    MSC_MemoryWrite                          0x00000771   Thumb Code   152  mscuser.o(i.MSC_MemoryWrite)
    MSC_ModeSense10                          0x00000825   Thumb Code    56  mscuser.o(i.MSC_ModeSense10)
    MSC_ModeSense6                           0x00000865   Thumb Code    44  mscuser.o(i.MSC_ModeSense6)
    MSC_RWSetup                              0x00000899   Thumb Code   102  mscuser.o(i.MSC_RWSetup)
    MSC_ReadCapacity                         0x00000911   Thumb Code    64  mscuser.o(i.MSC_ReadCapacity)
    MSC_ReadFormatCapacity                   0x00000959   Thumb Code    84  mscuser.o(i.MSC_ReadFormatCapacity)
    MSC_RequestSense                         0x000009b5   Thumb Code   100  mscuser.o(i.MSC_RequestSense)
    MSC_SetCSW                               0x00000a21   Thumb Code    30  mscuser.o(i.MSC_SetCSW)
    MSC_TestUnitReady                        0x00000a4d   Thumb Code    46  mscuser.o(i.MSC_TestUnitReady)
    PINSEL_ConfigPin                         0x00000a85   Thumb Code    72  lpc177x_8x_pinsel.o(i.PINSEL_ConfigPin)
    PINSEL_GetPinType                        0x00000ad1   Thumb Code   186  lpc177x_8x_pinsel.o(i.PINSEL_GetPinType)
    RdCmdDat                                 0x00000ba5   Thumb Code    36  usbhw.o(i.RdCmdDat)
    SystemCoreClockUpdate                    0x00000bd5   Thumb Code   724  system_lpc177x_8x.o(i.SystemCoreClockUpdate)
    SystemInit                               0x00000ed9   Thumb Code   212  system_lpc177x_8x.o(i.SystemInit)
    USB_ClrStallEP                           0x00000fe5   Thumb Code    26  usbhw.o(i.USB_ClrStallEP)
    USB_ConfigEP                             0x00001005   Thumb Code    68  usbhw.o(i.USB_ConfigEP)
    USB_Configure                            0x00001059   Thumb Code    58  usbhw.o(i.USB_Configure)
    USB_Configure_Event                      0x000010a1   Thumb Code     2  usbuser.o(i.USB_Configure_Event)
    USB_Connect                              0x000010a5   Thumb Code    28  usbhw.o(i.USB_Connect)
    USB_DataInStage                          0x000010c5   Thumb Code    56  usbcore.o(i.USB_DataInStage)
    USB_DataOutStage                         0x00001101   Thumb Code    36  usbcore.o(i.USB_DataOutStage)
    USB_DirCtrlEP                            0x00001129   Thumb Code     2  usbhw.o(i.USB_DirCtrlEP)
    USB_DisableEP                            0x0000112d   Thumb Code    26  usbhw.o(i.USB_DisableEP)
    USB_EnableEP                             0x00001151   Thumb Code    26  usbhw.o(i.USB_EnableEP)
    USB_EndPoint0                            0x00001171   Thumb Code   598  usbcore.o(i.USB_EndPoint0)
    USB_EndPoint2                            0x000013e5   Thumb Code    30  usbuser.o(i.USB_EndPoint2)
    USB_GetDescriptor                        0x00001405   Thumb Code   152  usbcore.o(i.USB_GetDescriptor)
    USB_GetStatus                            0x000014b1   Thumb Code   186  usbcore.o(i.USB_GetStatus)
    USB_IRQHandler                           0x0000158d   Thumb Code   526  usbhw.o(i.USB_IRQHandler)
    USB_Init                                 0x000017d5   Thumb Code   208  usbhw.o(i.USB_Init)
    USB_ReadEP                               0x000018b9   Thumb Code   100  usbhw.o(i.USB_ReadEP)
    USB_Reset                                0x0000192d   Thumb Code   172  usbhw.o(i.USB_Reset)
    USB_ResetCore                            0x00001a11   Thumb Code    34  usbcore.o(i.USB_ResetCore)
    USB_ResetEP                              0x00001a49   Thumb Code    26  usbhw.o(i.USB_ResetEP)
    USB_Reset_Event                          0x00001a69   Thumb Code     8  usbuser.o(i.USB_Reset_Event)
    USB_Resume                               0x00001a71   Thumb Code     2  usbhw.o(i.USB_Resume)
    USB_SetAddress                           0x00001a75   Thumb Code    42  usbhw.o(i.USB_SetAddress)
    USB_SetClrFeature                        0x00001aa5   Thumb Code   208  usbcore.o(i.USB_SetClrFeature)
    USB_SetConfiguration                     0x00001b89   Thumb Code   414  usbcore.o(i.USB_SetConfiguration)
    USB_SetInterface                         0x00001d49   Thumb Code   274  usbcore.o(i.USB_SetInterface)
    USB_SetStallEP                           0x00001e75   Thumb Code    26  usbhw.o(i.USB_SetStallEP)
    USB_SetupStage                           0x00001e99   Thumb Code    12  usbcore.o(i.USB_SetupStage)
    USB_StatusInStage                        0x00001ea9   Thumb Code    14  usbcore.o(i.USB_StatusInStage)
    USB_StatusOutStage                       0x00001eb9   Thumb Code    12  usbcore.o(i.USB_StatusOutStage)
    USB_Suspend                              0x00001ec9   Thumb Code     2  usbhw.o(i.USB_Suspend)
    USB_WakeUpCfg                            0x00001ecb   Thumb Code     2  usbhw.o(i.USB_WakeUpCfg)
    USB_WriteEP                              0x00001ecd   Thumb Code    78  usbhw.o(i.USB_WriteEP)
    WrCmd                                    0x00001f2d   Thumb Code    30  usbhw.o(i.WrCmd)
    WrCmdDat                                 0x00001f55   Thumb Code    58  usbhw.o(i.WrCmdDat)
    WrCmdEP                                  0x00001f99   Thumb Code    78  usbhw.o(i.WrCmdEP)
    __scatterload_copy                       0x00001ff1   Thumb Code    14  handlers.o(i.__scatterload_copy)
    __scatterload_null                       0x00001fff   Thumb Code     2  handlers.o(i.__scatterload_null)
    __scatterload_zeroinit                   0x00002001   Thumb Code    14  handlers.o(i.__scatterload_zeroinit)
    main                                     0x00002011   Thumb Code    38  memory.o(i.main)
    DiskImage                                0x00002040   Data        4096  diskimg.o(.constdata)
    USB_DeviceDescriptor                     0x00003040   Data          18  usbdesc.o(.constdata)
    USB_ConfigDescriptor                     0x00003052   Data          33  usbdesc.o(.constdata)
    USB_StringDescriptor                     0x00003073   Data         112  usbdesc.o(.constdata)
    USB_P_EP                                 0x000030e4   Data          64  usbuser.o(.constdata)
    Region$$Table$$Base                      0x00003124   Number         0  anon$$obj.o(Region$$Table)
    Region$$Table$$Limit                     0x00003144   Number         0  anon$$obj.o(Region$$Table)
    MemOK                                    0x10000000   Data           4  mscuser.o(.data)
    Offset                                   0x10000004   Data           4  mscuser.o(.data)
    Length                                   0x10000008   Data           4  mscuser.o(.data)
    BulkStage                                0x1000000c   Data           1  mscuser.o(.data)
    BulkLen                                  0x1000000d   Data           1  mscuser.o(.data)
    USB_DeviceStatus                         0x10000010   Data           2  usbcore.o(.data)
    USB_DeviceAddress                        0x10000012   Data           1  usbcore.o(.data)
    USB_Configuration                        0x10000013   Data           1  usbcore.o(.data)
    USB_EndPointMask                         0x10000014   Data           4  usbcore.o(.data)
    USB_EndPointHalt                         0x10000018   Data           4  usbcore.o(.data)
    USB_NumInterfaces                        0x1000001c   Data           1  usbcore.o(.data)
    USB_AltSetting                           0x1000001d   Data           4  usbcore.o(.data)
    EP0Data                                  0x10000024   Data           8  usbcore.o(.data)
    SetupPacket                              0x1000002c   Data           8  usbcore.o(.data)
    DDMemMap                                 0x10000034   Data           8  usbhw.o(.data)
    SystemCoreClock                          0x1000003c   Data           4  system_lpc177x_8x.o(.data)
    PeripheralClock                          0x10000040   Data           4  system_lpc177x_8x.o(.data)
    EMCClock                                 0x10000044   Data           4  system_lpc177x_8x.o(.data)
    USBClock                                 0x10000048   Data           4  system_lpc177x_8x.o(.data)
    Memory                                   0x1000004c   Data        8192  mscuser.o(.bss)
    BulkBuf                                  0x1000204c   Data          64  mscuser.o(.bss)
    CBW                                      0x1000208c   Data          31  mscuser.o(.bss)
    CSW                                      0x100020ab   Data          13  mscuser.o(.bss)
    EP0Buf                                   0x100020b8   Data          64  usbcore.o(.bss)
    udca                                     0x100020f8   Data         128  usbhw.o(.bss)
    UDCA                                     0x10002378   Data         128  usbhw.o(USB_RAM)
    __initial_sp                             0x10002378   Data           0  startup_lpc177x_8x.o(STACK)
    DD_NISO_Mem                              0x100023f8   Data         256  usbhw.o(USB_RAM)
    DD_ISO_Mem                               0x100024f8   Data         160  usbhw.o(USB_RAM)



==============================================================================

Memory Map of the image

  Image Entry point : 0x000000e5

  Load Region LR_IROM1 (Base: 0x00000000, Size: 0x00003190, Max: 0x00080000, ABSOLUTE)

    Execution Region ER_IROM1 (Base: 0x00000000, Size: 0x00003144, Max: 0x00080000, ABSOLUTE)

    Base Addr    Size         Type   Attr      Idx    E Section Name        Object

    0x00000000   0x000000e4   Data   RO         1057    RESET               startup_lpc177x_8x.o
    0x000000e4   0x00000000   Code   RO         1065  * .ARM.Collect$$$$00000000  mc_w.l(entry.o)
    0x000000e4   0x00000004   Code   RO         1068    .ARM.Collect$$$$00000001  mc_w.l(entry2.o)
    0x000000e8   0x00000004   Code   RO         1071    .ARM.Collect$$$$00000004  mc_w.l(entry5.o)
    0x000000ec   0x00000008   Code   RO         1072    .ARM.Collect$$$$00000007  mc_w.l(entry7.o)
    0x000000f4   0x00000004   Code   RO         1069    .ARM.Collect$$$$00002712  mc_w.l(entry2.o)
    0x000000f8   0x00000024   Code   RO         1059    .text               startup_lpc177x_8x.o
    0x0000011c   0x00000024   Code   RO         1073    .text               mc_w.l(init.o)
    0x00000140   0x00000044   Code   RO           76    i.DataInFormat      mscuser.o
    0x00000184   0x00000058   Code   RO           77    i.DataInTransfer    mscuser.o
    0x000001dc   0x00000016   Code   RO          313    i.EPAdr             usbhw.o
    0x000001f2   0x00000014   Code   RO          732    i.GPIO_ClearValue   lpc177x_8x_gpio.o
    0x00000206   0x00000002   PAD
    0x00000208   0x0000004c   Code   RO          735    i.GPIO_GetPointer   lpc177x_8x_gpio.o
    0x00000254   0x0000002c   Code   RO          740    i.GPIO_SetDir       lpc177x_8x_gpio.o
    0x00000280   0x00000054   Code   RO           78    i.MSC_BulkIn        mscuser.o
    0x000002d4   0x00000014   Code   RO           81    i.MSC_GetMaxLUN     mscuser.o
    0x000002e8   0x00000014   Code   RO           92    i.MSC_Reset         mscuser.o
    0x000002fc   0x00000004   Code   RO         1058    .ARM.__at_0x02FC    startup_lpc177x_8x.o
    0x00000300   0x0000006c   Code   RO           79    i.MSC_BulkOut       mscuser.o
    0x0000036c   0x000001b0   Code   RO           80    i.MSC_GetCBW        mscuser.o
    0x0000051c   0x000000e8   Code   RO           82    i.MSC_Inquiry       mscuser.o
    0x00000604   0x00000098   Code   RO           83    i.MSC_MemoryRead    mscuser.o
    0x0000069c   0x000000d4   Code   RO           84    i.MSC_MemoryVerify  mscuser.o
    0x00000770   0x000000b4   Code   RO           85    i.MSC_MemoryWrite   mscuser.o
    0x00000824   0x00000040   Code   RO           86    i.MSC_ModeSense10   mscuser.o
    0x00000864   0x00000034   Code   RO           87    i.MSC_ModeSense6    mscuser.o
    0x00000898   0x00000078   Code   RO           88    i.MSC_RWSetup       mscuser.o
    0x00000910   0x00000048   Code   RO           89    i.MSC_ReadCapacity  mscuser.o
    0x00000958   0x0000005c   Code   RO           90    i.MSC_ReadFormatCapacity  mscuser.o
    0x000009b4   0x0000006c   Code   RO           91    i.MSC_RequestSense  mscuser.o
    0x00000a20   0x0000002c   Code   RO           93    i.MSC_SetCSW        mscuser.o
    0x00000a4c   0x00000038   Code   RO           94    i.MSC_TestUnitReady  mscuser.o
    0x00000a84   0x0000004c   Code   RO          938    i.PINSEL_ConfigPin  lpc177x_8x_pinsel.o
    0x00000ad0   0x000000ba   Code   RO          940    i.PINSEL_GetPinType  lpc177x_8x_pinsel.o
    0x00000b8a   0x00000002   PAD
    0x00000b8c   0x00000018   Code   RO          950    i.PIN_GetPointer    lpc177x_8x_pinsel.o
    0x00000ba4   0x00000030   Code   RO          314    i.RdCmdDat          usbhw.o
    0x00000bd4   0x00000304   Code   RO         1028    i.SystemCoreClockUpdate  system_lpc177x_8x.o
    0x00000ed8   0x0000010c   Code   RO         1029    i.SystemInit        system_lpc177x_8x.o
    0x00000fe4   0x00000020   Code   RO          316    i.USB_ClrStallEP    usbhw.o
    0x00001004   0x00000054   Code   RO          317    i.USB_ConfigEP      usbhw.o
    0x00001058   0x00000048   Code   RO          318    i.USB_Configure     usbhw.o
    0x000010a0   0x00000002   Code   RO          531    i.USB_Configure_Event  usbuser.o
    0x000010a2   0x00000002   PAD
    0x000010a4   0x00000020   Code   RO          319    i.USB_Connect       usbhw.o
    0x000010c4   0x0000003c   Code   RO          206    i.USB_DataInStage   usbcore.o
    0x00001100   0x00000028   Code   RO          207    i.USB_DataOutStage  usbcore.o
    0x00001128   0x00000002   Code   RO          326    i.USB_DirCtrlEP     usbhw.o
    0x0000112a   0x00000002   PAD
    0x0000112c   0x00000024   Code   RO          327    i.USB_DisableEP     usbhw.o
    0x00001150   0x00000020   Code   RO          328    i.USB_EnableEP      usbhw.o
    0x00001170   0x00000274   Code   RO          208    i.USB_EndPoint0     usbcore.o
    0x000013e4   0x0000001e   Code   RO          539    i.USB_EndPoint2     usbuser.o
    0x00001402   0x00000002   PAD
    0x00001404   0x000000ac   Code   RO          267    i.USB_GetDescriptor  usbcore.o
    0x000014b0   0x000000dc   Code   RO          255    i.USB_GetStatus     usbcore.o
    0x0000158c   0x00000248   Code   RO          330    i.USB_IRQHandler    usbhw.o
    0x000017d4   0x000000e4   Code   RO          331    i.USB_Init          usbhw.o
    0x000018b8   0x00000074   Code   RO          332    i.USB_ReadEP        usbhw.o
    0x0000192c   0x000000e4   Code   RO          333    i.USB_Reset         usbhw.o
    0x00001a10   0x00000038   Code   RO          209    i.USB_ResetCore     usbcore.o
    0x00001a48   0x00000020   Code   RO          334    i.USB_ResetEP       usbhw.o
    0x00001a68   0x00000008   Code   RO          547    i.USB_Reset_Event   usbuser.o
    0x00001a70   0x00000002   Code   RO          335    i.USB_Resume        usbhw.o
    0x00001a72   0x00000002   PAD
    0x00001a74   0x00000030   Code   RO          336    i.USB_SetAddress    usbhw.o
    0x00001aa4   0x000000e4   Code   RO          261    i.USB_SetClrFeature  usbcore.o
    0x00001b88   0x000001c0   Code   RO          273    i.USB_SetConfiguration  usbcore.o
    0x00001d48   0x0000012c   Code   RO          279    i.USB_SetInterface  usbcore.o
    0x00001e74   0x00000024   Code   RO          337    i.USB_SetStallEP    usbhw.o
    0x00001e98   0x00000010   Code   RO          210    i.USB_SetupStage    usbcore.o
    0x00001ea8   0x0000000e   Code   RO          211    i.USB_StatusInStage  usbcore.o
    0x00001eb6   0x00000002   PAD
    0x00001eb8   0x00000010   Code   RO          212    i.USB_StatusOutStage  usbcore.o
    0x00001ec8   0x00000002   Code   RO          338    i.USB_Suspend       usbhw.o
    0x00001eca   0x00000002   Code   RO          340    i.USB_WakeUpCfg     usbhw.o
    0x00001ecc   0x00000060   Code   RO          341    i.USB_WriteEP       usbhw.o
    0x00001f2c   0x00000028   Code   RO          342    i.WrCmd             usbhw.o
    0x00001f54   0x00000044   Code   RO          343    i.WrCmdDat          usbhw.o
    0x00001f98   0x00000058   Code   RO          344    i.WrCmdEP           usbhw.o
    0x00001ff0   0x0000000e   Code   RO         1077    i.__scatterload_copy  mc_w.l(handlers.o)
    0x00001ffe   0x00000002   Code   RO         1078    i.__scatterload_null  mc_w.l(handlers.o)
    0x00002000   0x0000000e   Code   RO         1079    i.__scatterload_zeroinit  mc_w.l(handlers.o)
    0x0000200e   0x00000002   PAD
    0x00002010   0x00000030   Code   RO           25    i.main              memory.o
    0x00002040   0x00001000   Data   RO            1    .constdata          diskimg.o
    0x00003040   0x000000a3   Data   RO          300    .constdata          usbdesc.o
    0x000030e3   0x00000001   PAD
    0x000030e4   0x00000040   Data   RO          548    .constdata          usbuser.o
    0x00003124   0x00000020   Data   RO         1075    Region$$Table       anon$$obj.o


    Execution Region RW_IRAM1 (Base: 0x10000000, Size: 0x00002598, Max: 0x00010000, ABSOLUTE)

    Base Addr    Size         Type   Attr      Idx    E Section Name        Object

    0x10000000   0x0000000e   Data   RW           96    .data               mscuser.o
    0x1000000e   0x00000002   PAD
    0x10000010   0x00000024   Data   RW          214    .data               usbcore.o
    0x10000034   0x00000008   Data   RW          347    .data               usbhw.o
    0x1000003c   0x00000010   Data   RW         1030    .data               system_lpc177x_8x.o
    0x1000004c   0x0000206c   Zero   RW           95    .bss                mscuser.o
    0x100020b8   0x00000040   Zero   RW          213    .bss                usbcore.o
    0x100020f8   0x00000080   Zero   RW          345    .bss                usbhw.o
    0x10002178   0x00000200   Zero   RW         1055    STACK               startup_lpc177x_8x.o
    0x10002378   0x00000220   Zero   RW          348    USB_RAM             usbhw.o


    Execution Region RW_IRAM2 (Base: 0x20000000, Size: 0x00000000, Max: 0x00008000, ABSOLUTE)

    **** No section assigned to this execution region ****


==============================================================================

Image component sizes


      Code (inc. data)   RO Data    RW Data    ZI Data      Debug   Object Name

         0          0       4096          0          0       4736   diskimg.o
       140         32          0          0          0       4300   lpc177x_8x_gpio.o
       286         14          0          0          0       5403   lpc177x_8x_pinsel.o
        48         10          0          0          0      27931   memory.o
      2204        276          0         14       8300      11452   mscuser.o
        40         12        228          0        512       1168   startup_lpc177x_8x.o
      1040        104          0         16          0       2525   system_lpc177x_8x.o
      2198        222          0         36         64       8904   usbcore.o
         0          0        163          0          0        761   usbdesc.o
      1930        288          0          8        672      27997   usbhw.o
        40          0         64          0          0       2111   usbuser.o

    ----------------------------------------------------------------------
      7940        958       4584         76       9548      97288   Object Totals
         0          0         32          0          0          0   (incl. Generated)
        14          0          1          2          0          0   (incl. Padding)

    ----------------------------------------------------------------------

      Code (inc. data)   RO Data    RW Data    ZI Data      Debug   Library Member Name

         0          0          0          0          0          0   entry.o
         8          4          0          0          0          0   entry2.o
         4          0          0          0          0          0   entry5.o
         8          4          0          0          0          0   entry7.o
        30          0          0          0          0          0   handlers.o
        36          8          0          0          0         68   init.o

    ----------------------------------------------------------------------
        88         16          0          0          0         68   Library Totals
         2          0          0          0          0          0   (incl. Padding)

    ----------------------------------------------------------------------

      Code (inc. data)   RO Data    RW Data    ZI Data      Debug   Library Name

        86         16          0          0          0         68   mc_w.l

    ----------------------------------------------------------------------
        88         16          0          0          0         68   Library Totals

    ----------------------------------------------------------------------

==============================================================================


      Code (inc. data)   RO Data    RW Data    ZI Data      Debug   

      8028        974       4584         76       9548      94132   Grand Totals
      8028        974       4584         76       9548      94132   ELF Image Totals
      8028        974       4584         76          0          0   ROM Totals

==============================================================================

    Total RO  Size (Code + RO Data)                12612 (  12.32kB)
    Total RW  Size (RW Data + ZI Data)              9624 (   9.40kB)
    Total ROM Size (Code + RO Data + RW Data)      12688 (  12.39kB)

==============================================================================

