ARM Linker, 4.1 [Build 713] [Standard]

==============================================================================

Section Cross References

    main.o(i.USART_Configuration) refers to lpc177x_8x_pinsel.o(i.PINSEL_ConfigPin) for PINSEL_ConfigPin
    main.o(i.USART_Configuration) refers to lpc177x_8x_uart.o(i.UART_ConfigStructInit) for UART_ConfigStructInit
    main.o(i.USART_Configuration) refers to lpc177x_8x_uart.o(i.UART_Init) for UART_Init
    main.o(i.USART_Configuration) refers to lpc177x_8x_uart.o(i.UART_TxCmd) for UART_TxCmd
    main.o(i.main) refers to main.o(i.USART_Configuration) for USART_Configuration
    main.o(i.main) refers to debug_frmwrk.o(i.UARTPuts_) for UARTPuts_
    main.o(i.main) refers to debug_frmwrk.o(i.UARTGetChar) for UARTGetChar
    main.o(i.main) refers to main.o(.constdata) for .constdata
    debug_frmwrk.o(i.UARTGetChar) refers to lpc177x_8x_uart.o(i.UART_Receive) for UART_Receive
    debug_frmwrk.o(i.UARTGetCharInNonBlock) refers to lpc177x_8x_uart.o(i.UART_Receive) for UART_Receive
    debug_frmwrk.o(i.UARTGetValue) refers to lpc177x_8x_uart.o(i.UART_Receive) for UART_Receive
    debug_frmwrk.o(i.UARTGetValue) refers to debug_frmwrk.o(i.UARTPuts) for UARTPuts
    debug_frmwrk.o(i.UARTGetValue) refers to debug_frmwrk.o(i.UARTPutChar) for UARTPutChar
    debug_frmwrk.o(i.UARTGetValue) refers to debug_frmwrk.o(.constdata) for .constdata
    debug_frmwrk.o(i.UARTPutChar) refers to lpc177x_8x_uart.o(i.UART_Send) for UART_Send
    debug_frmwrk.o(i.UARTPutDec) refers to debug_frmwrk.o(i.UARTPutChar) for UARTPutChar
    debug_frmwrk.o(i.UARTPutDec16) refers to debug_frmwrk.o(i.UARTPutChar) for UARTPutChar
    debug_frmwrk.o(i.UARTPutDec32) refers to debug_frmwrk.o(i.UARTPutChar) for UARTPutChar
    debug_frmwrk.o(i.UARTPutHex) refers to debug_frmwrk.o(i.UARTPuts) for UARTPuts
    debug_frmwrk.o(i.UARTPutHex) refers to debug_frmwrk.o(i.UARTPutChar) for UARTPutChar
    debug_frmwrk.o(i.UARTPutHex16) refers to debug_frmwrk.o(i.UARTPuts) for UARTPuts
    debug_frmwrk.o(i.UARTPutHex16) refers to debug_frmwrk.o(i.UARTPutChar) for UARTPutChar
    debug_frmwrk.o(i.UARTPutHex16_) refers to debug_frmwrk.o(i.UARTPutChar) for UARTPutChar
    debug_frmwrk.o(i.UARTPutHex32) refers to debug_frmwrk.o(i.UARTPuts) for UARTPuts
    debug_frmwrk.o(i.UARTPutHex32) refers to debug_frmwrk.o(i.UARTPutChar) for UARTPutChar
    debug_frmwrk.o(i.UARTPutHex32_) refers to debug_frmwrk.o(i.UARTPutChar) for UARTPutChar
    debug_frmwrk.o(i.UARTPutHex_) refers to debug_frmwrk.o(i.UARTPutChar) for UARTPutChar
    debug_frmwrk.o(i.UARTPuts) refers to debug_frmwrk.o(i.UARTPutChar) for UARTPutChar
    debug_frmwrk.o(i.UARTPuts_) refers to debug_frmwrk.o(i.UARTPuts) for UARTPuts
    debug_frmwrk.o(i.debug_frmwrk_init) refers to lpc177x_8x_pinsel.o(i.PINSEL_ConfigPin) for PINSEL_ConfigPin
    debug_frmwrk.o(i.debug_frmwrk_init) refers to lpc177x_8x_uart.o(i.UART_ConfigStructInit) for UART_ConfigStructInit
    debug_frmwrk.o(i.debug_frmwrk_init) refers to lpc177x_8x_uart.o(i.UART_Init) for UART_Init
    debug_frmwrk.o(i.debug_frmwrk_init) refers to lpc177x_8x_uart.o(i.UART_TxCmd) for UART_TxCmd
    debug_frmwrk.o(i.debug_frmwrk_init) refers to debug_frmwrk.o(i.UARTPuts) for UARTPuts
    debug_frmwrk.o(i.debug_frmwrk_init) refers to debug_frmwrk.o(.data) for _db_msg
    debug_frmwrk.o(i.debug_frmwrk_init) refers to debug_frmwrk.o(i.UARTPuts_) for UARTPuts_
    debug_frmwrk.o(i.debug_frmwrk_init) refers to debug_frmwrk.o(i.UARTPutChar) for UARTPutChar
    debug_frmwrk.o(i.debug_frmwrk_init) refers to debug_frmwrk.o(i.UARTPutHex) for UARTPutHex
    debug_frmwrk.o(i.debug_frmwrk_init) refers to debug_frmwrk.o(i.UARTPutHex16) for UARTPutHex16
    debug_frmwrk.o(i.debug_frmwrk_init) refers to debug_frmwrk.o(i.UARTPutHex32) for UARTPutHex32
    debug_frmwrk.o(i.debug_frmwrk_init) refers to debug_frmwrk.o(i.UARTPutHex_) for UARTPutHex_
    debug_frmwrk.o(i.debug_frmwrk_init) refers to debug_frmwrk.o(i.UARTPutHex16_) for UARTPutHex16_
    debug_frmwrk.o(i.debug_frmwrk_init) refers to debug_frmwrk.o(i.UARTPutHex32_) for UARTPutHex32_
    debug_frmwrk.o(i.debug_frmwrk_init) refers to debug_frmwrk.o(i.UARTPutDec) for UARTPutDec
    debug_frmwrk.o(i.debug_frmwrk_init) refers to debug_frmwrk.o(i.UARTPutDec16) for UARTPutDec16
    debug_frmwrk.o(i.debug_frmwrk_init) refers to debug_frmwrk.o(i.UARTPutDec32) for UARTPutDec32
    debug_frmwrk.o(i.debug_frmwrk_init) refers to debug_frmwrk.o(i.UARTGetChar) for UARTGetChar
    debug_frmwrk.o(i.debug_frmwrk_init) refers to debug_frmwrk.o(i.UARTGetValue) for UARTGetValue
    debug_frmwrk.o(i.debug_frmwrk_init) refers to debug_frmwrk.o(i.UARTGetCharInNonBlock) for UARTGetCharInNonBlock
    lpc177x_8x_clkpwr.o(i.CLKPWR_GetCLK) refers to system_lpc177x_8x.o(.data) for SystemCoreClock
    lpc177x_8x_clkpwr.o(i.CLKPWR_SetCLKDiv) refers to system_lpc177x_8x.o(i.SystemCoreClockUpdate) for SystemCoreClockUpdate
    lpc177x_8x_pinsel.o(i.PINSEL_ConfigPin) refers to lpc177x_8x_pinsel.o(i.PINSEL_GetPinType) for PINSEL_GetPinType
    lpc177x_8x_pinsel.o(i.PINSEL_ConfigPin) refers to lpc177x_8x_pinsel.o(i.PIN_GetPointer) for PIN_GetPointer
    lpc177x_8x_pinsel.o(i.PINSEL_DacEnable) refers to lpc177x_8x_pinsel.o(i.PINSEL_GetPinType) for PINSEL_GetPinType
    lpc177x_8x_pinsel.o(i.PINSEL_DacEnable) refers to lpc177x_8x_pinsel.o(i.PIN_GetPointer) for PIN_GetPointer
    lpc177x_8x_pinsel.o(i.PINSEL_SetAnalogPinMode) refers to lpc177x_8x_pinsel.o(i.PINSEL_GetPinType) for PINSEL_GetPinType
    lpc177x_8x_pinsel.o(i.PINSEL_SetAnalogPinMode) refers to lpc177x_8x_pinsel.o(i.PIN_GetPointer) for PIN_GetPointer
    lpc177x_8x_pinsel.o(i.PINSEL_SetFilter) refers to lpc177x_8x_pinsel.o(i.PINSEL_GetPinType) for PINSEL_GetPinType
    lpc177x_8x_pinsel.o(i.PINSEL_SetFilter) refers to lpc177x_8x_pinsel.o(i.PIN_GetPointer) for PIN_GetPointer
    lpc177x_8x_pinsel.o(i.PINSEL_SetHysMode) refers to lpc177x_8x_pinsel.o(i.PINSEL_GetPinType) for PINSEL_GetPinType
    lpc177x_8x_pinsel.o(i.PINSEL_SetHysMode) refers to lpc177x_8x_pinsel.o(i.PIN_GetPointer) for PIN_GetPointer
    lpc177x_8x_pinsel.o(i.PINSEL_SetI2CFilter) refers to lpc177x_8x_pinsel.o(i.PINSEL_GetPinType) for PINSEL_GetPinType
    lpc177x_8x_pinsel.o(i.PINSEL_SetI2CFilter) refers to lpc177x_8x_pinsel.o(i.PIN_GetPointer) for PIN_GetPointer
    lpc177x_8x_pinsel.o(i.PINSEL_SetI2CMode) refers to lpc177x_8x_pinsel.o(i.PINSEL_GetPinType) for PINSEL_GetPinType
    lpc177x_8x_pinsel.o(i.PINSEL_SetI2CMode) refers to lpc177x_8x_pinsel.o(i.PIN_GetPointer) for PIN_GetPointer
    lpc177x_8x_pinsel.o(i.PINSEL_SetI2CMode) refers to lpc177x_8x_pinsel.o(i.PINSEL_SetI2CFilter) for PINSEL_SetI2CFilter
    lpc177x_8x_pinsel.o(i.PINSEL_SetInvertInput) refers to lpc177x_8x_pinsel.o(i.PINSEL_GetPinType) for PINSEL_GetPinType
    lpc177x_8x_pinsel.o(i.PINSEL_SetInvertInput) refers to lpc177x_8x_pinsel.o(i.PIN_GetPointer) for PIN_GetPointer
    lpc177x_8x_pinsel.o(i.PINSEL_SetOpenDrainMode) refers to lpc177x_8x_pinsel.o(i.PINSEL_GetPinType) for PINSEL_GetPinType
    lpc177x_8x_pinsel.o(i.PINSEL_SetOpenDrainMode) refers to lpc177x_8x_pinsel.o(i.PIN_GetPointer) for PIN_GetPointer
    lpc177x_8x_pinsel.o(i.PINSEL_SetPinMode) refers to lpc177x_8x_pinsel.o(i.PINSEL_GetPinType) for PINSEL_GetPinType
    lpc177x_8x_pinsel.o(i.PINSEL_SetPinMode) refers to lpc177x_8x_pinsel.o(i.PIN_GetPointer) for PIN_GetPointer
    lpc177x_8x_pinsel.o(i.PINSEL_SetSlewMode) refers to lpc177x_8x_pinsel.o(i.PINSEL_GetPinType) for PINSEL_GetPinType
    lpc177x_8x_pinsel.o(i.PINSEL_SetSlewMode) refers to lpc177x_8x_pinsel.o(i.PIN_GetPointer) for PIN_GetPointer
    lpc177x_8x_gpio.o(i.FIO_ByteClearValue) refers to lpc177x_8x_gpio.o(i.FIO_ByteGetPointer) for FIO_ByteGetPointer
    lpc177x_8x_gpio.o(i.FIO_ByteReadValue) refers to lpc177x_8x_gpio.o(i.FIO_ByteGetPointer) for FIO_ByteGetPointer
    lpc177x_8x_gpio.o(i.FIO_ByteSetDir) refers to lpc177x_8x_gpio.o(i.FIO_ByteGetPointer) for FIO_ByteGetPointer
    lpc177x_8x_gpio.o(i.FIO_ByteSetMask) refers to lpc177x_8x_gpio.o(i.FIO_ByteGetPointer) for FIO_ByteGetPointer
    lpc177x_8x_gpio.o(i.FIO_ByteSetValue) refers to lpc177x_8x_gpio.o(i.FIO_ByteGetPointer) for FIO_ByteGetPointer
    lpc177x_8x_gpio.o(i.FIO_ClearInt) refers to lpc177x_8x_gpio.o(i.GPIO_ClearInt) for GPIO_ClearInt
    lpc177x_8x_gpio.o(i.FIO_ClearValue) refers to lpc177x_8x_gpio.o(i.GPIO_ClearValue) for GPIO_ClearValue
    lpc177x_8x_gpio.o(i.FIO_GetIntStatus) refers to lpc177x_8x_gpio.o(i.GPIO_GetIntStatus) for GPIO_GetIntStatus
    lpc177x_8x_gpio.o(i.FIO_HalfWordClearValue) refers to lpc177x_8x_gpio.o(i.FIO_HalfWordGetPointer) for FIO_HalfWordGetPointer
    lpc177x_8x_gpio.o(i.FIO_HalfWordReadValue) refers to lpc177x_8x_gpio.o(i.FIO_HalfWordGetPointer) for FIO_HalfWordGetPointer
    lpc177x_8x_gpio.o(i.FIO_HalfWordSetDir) refers to lpc177x_8x_gpio.o(i.FIO_HalfWordGetPointer) for FIO_HalfWordGetPointer
    lpc177x_8x_gpio.o(i.FIO_HalfWordSetMask) refers to lpc177x_8x_gpio.o(i.FIO_HalfWordGetPointer) for FIO_HalfWordGetPointer
    lpc177x_8x_gpio.o(i.FIO_HalfWordSetValue) refers to lpc177x_8x_gpio.o(i.FIO_HalfWordGetPointer) for FIO_HalfWordGetPointer
    lpc177x_8x_gpio.o(i.FIO_IntCmd) refers to lpc177x_8x_gpio.o(i.GPIO_IntCmd) for GPIO_IntCmd
    lpc177x_8x_gpio.o(i.FIO_ReadValue) refers to lpc177x_8x_gpio.o(i.GPIO_ReadValue) for GPIO_ReadValue
    lpc177x_8x_gpio.o(i.FIO_SetDir) refers to lpc177x_8x_gpio.o(i.GPIO_SetDir) for GPIO_SetDir
    lpc177x_8x_gpio.o(i.FIO_SetMask) refers to lpc177x_8x_gpio.o(i.GPIO_GetPointer) for GPIO_GetPointer
    lpc177x_8x_gpio.o(i.FIO_SetValue) refers to lpc177x_8x_gpio.o(i.GPIO_SetValue) for GPIO_SetValue
    lpc177x_8x_gpio.o(i.GPIO_ClearValue) refers to lpc177x_8x_gpio.o(i.GPIO_GetPointer) for GPIO_GetPointer
    lpc177x_8x_gpio.o(i.GPIO_Deinit) refers to lpc177x_8x_clkpwr.o(i.CLKPWR_ConfigPPWR) for CLKPWR_ConfigPPWR
    lpc177x_8x_gpio.o(i.GPIO_Init) refers to lpc177x_8x_clkpwr.o(i.CLKPWR_ConfigPPWR) for CLKPWR_ConfigPPWR
    lpc177x_8x_gpio.o(i.GPIO_OutputValue) refers to lpc177x_8x_gpio.o(i.GPIO_ClearValue) for GPIO_ClearValue
    lpc177x_8x_gpio.o(i.GPIO_OutputValue) refers to lpc177x_8x_gpio.o(i.GPIO_SetValue) for GPIO_SetValue
    lpc177x_8x_gpio.o(i.GPIO_ReadValue) refers to lpc177x_8x_gpio.o(i.GPIO_GetPointer) for GPIO_GetPointer
    lpc177x_8x_gpio.o(i.GPIO_SetDir) refers to lpc177x_8x_gpio.o(i.GPIO_GetPointer) for GPIO_GetPointer
    lpc177x_8x_gpio.o(i.GPIO_SetValue) refers to lpc177x_8x_gpio.o(i.GPIO_GetPointer) for GPIO_GetPointer
    lpc177x_8x_uart.o(i.UART_ABClearIntPending) refers to lpc177x_8x_uart.o(i.uart_get_pointer) for uart_get_pointer
    lpc177x_8x_uart.o(i.UART_ABCmd) refers to lpc177x_8x_uart.o(i.uart_get_pointer) for uart_get_pointer
    lpc177x_8x_uart.o(i.UART_DeInit) refers to lpc177x_8x_uart.o(i.UART_TxCmd) for UART_TxCmd
    lpc177x_8x_uart.o(i.UART_DeInit) refers to lpc177x_8x_clkpwr.o(i.CLKPWR_ConfigPPWR) for CLKPWR_ConfigPPWR
    lpc177x_8x_uart.o(i.UART_Init) refers to lpc177x_8x_uart.o(i.uart_get_pointer) for uart_get_pointer
    lpc177x_8x_uart.o(i.UART_Init) refers to lpc177x_8x_clkpwr.o(i.CLKPWR_ConfigPPWR) for CLKPWR_ConfigPPWR
    lpc177x_8x_uart.o(i.UART_Init) refers to lpc177x_8x_uart.o(i.uart_set_divisors) for uart_set_divisors
    lpc177x_8x_uart.o(i.UART_RS485Config) refers to lpc177x_8x_uart.o(i.uart_get_pointer) for uart_get_pointer
    lpc177x_8x_uart.o(i.UART_RS485ReceiverCmd) refers to lpc177x_8x_uart.o(i.uart_get_pointer) for uart_get_pointer
    lpc177x_8x_uart.o(i.UART_RS485Send) refers to lpc177x_8x_uart.o(i.uart_get_pointer) for uart_get_pointer
    lpc177x_8x_uart.o(i.UART_RS485Send) refers to lpc177x_8x_uart.o(i.UART_Send) for UART_Send
    lpc177x_8x_uart.o(i.UART_RS485SendData) refers to lpc177x_8x_uart.o(i.UART_RS485Send) for UART_RS485Send
    lpc177x_8x_uart.o(i.UART_RS485SendSlvAddr) refers to lpc177x_8x_uart.o(i.UART_RS485Send) for UART_RS485Send
    lpc177x_8x_uart.o(i.UART_Receive) refers to lpc177x_8x_uart.o(i.UART_ReceiveByte) for UART_ReceiveByte
    lpc177x_8x_uart.o(i.UART_Send) refers to lpc177x_8x_uart.o(i.UART_SendByte) for UART_SendByte
    lpc177x_8x_uart.o(i.UART_TxCmd) refers to lpc177x_8x_uart.o(i.uart_get_pointer) for uart_get_pointer
    lpc177x_8x_uart.o(i.uart_set_divisors) refers to lpc177x_8x_clkpwr.o(i.CLKPWR_GetCLK) for CLKPWR_GetCLK
    lpc177x_8x_uart.o(i.uart_set_divisors) refers to llshl.o(.text) for __aeabi_llsl
    lpc177x_8x_uart.o(i.uart_set_divisors) refers to uldiv.o(.text) for __aeabi_uldivmod
    lpc177x_8x_uart.o(i.uart_set_divisors) refers to llushr.o(.text) for __aeabi_llsr
    lpc177x_8x_uart.o(i.uart_set_divisors) refers to lpc177x_8x_uart.o(i.uart_get_pointer) for uart_get_pointer
    system_lpc177x_8x.o(i.SystemCoreClockUpdate) refers to system_lpc177x_8x.o(.data) for SystemCoreClock
    system_lpc177x_8x.o(i.SystemInit) refers to system_lpc177x_8x.o(i.SystemCoreClockUpdate) for SystemCoreClockUpdate
    startup_lpc177x_8x.o(RESET) refers to startup_lpc177x_8x.o(STACK) for __initial_sp
    startup_lpc177x_8x.o(RESET) refers to startup_lpc177x_8x.o(.text) for Reset_Handler
    startup_lpc177x_8x.o(.text) refers to system_lpc177x_8x.o(i.SystemInit) for SystemInit
    startup_lpc177x_8x.o(.text) refers to entry.o(.ARM.Collect$$$$00000000) for __main
    entry.o(.ARM.Collect$$$$00000000) refers (Special) to entry7.o(.ARM.Collect$$$$00000007) for _main_init
    entry.o(.ARM.Collect$$$$00000000) refers (Special) to entry5.o(.ARM.Collect$$$$00000004) for _main_scatterload
    entry.o(.ARM.Collect$$$$00000000) refers (Special) to entry2.o(.ARM.Collect$$$$00000001) for _main_stk
    uldiv.o(.text) refers to llushr.o(.text) for __aeabi_llsr
    uldiv.o(.text) refers to llshl.o(.text) for __aeabi_llsl
    entry2.o(.ARM.Collect$$$$00000001) refers to entry2.o(.ARM.Collect$$$$00002712) for __lit__00000000
    entry2.o(.ARM.Collect$$$$00002712) refers to startup_lpc177x_8x.o(STACK) for __initial_sp
    entry2.o(__vectab_stack_and_reset_area) refers to startup_lpc177x_8x.o(STACK) for __initial_sp
    entry2.o(__vectab_stack_and_reset_area) refers to entry.o(.ARM.Collect$$$$00000000) for __main
    entry5.o(.ARM.Collect$$$$00000004) refers to init.o(.text) for __scatterload
    entry7.o(.ARM.Collect$$$$00000007) refers to main.o(i.main) for main
    init.o(.text) refers to entry5.o(.ARM.Collect$$$$00000004) for __main_after_scatterload


==============================================================================

Removing Unused input sections from the image.

    Removing main.o(.emb_text), (8 bytes).
    Removing debug_frmwrk.o(.emb_text), (8 bytes).
    Removing debug_frmwrk.o(i.UARTGetCharInNonBlock), (34 bytes).
    Removing debug_frmwrk.o(i.UARTGetValue), (464 bytes).
    Removing debug_frmwrk.o(i.UARTPutDec), (104 bytes).
    Removing debug_frmwrk.o(i.UARTPutDec16), (168 bytes).
    Removing debug_frmwrk.o(i.UARTPutDec32), (340 bytes).
    Removing debug_frmwrk.o(i.UARTPutHex), (76 bytes).
    Removing debug_frmwrk.o(i.UARTPutHex16), (76 bytes).
    Removing debug_frmwrk.o(i.UARTPutHex16_), (62 bytes).
    Removing debug_frmwrk.o(i.UARTPutHex32), (76 bytes).
    Removing debug_frmwrk.o(i.UARTPutHex32_), (62 bytes).
    Removing debug_frmwrk.o(i.UARTPutHex_), (62 bytes).
    Removing debug_frmwrk.o(i.debug_frmwrk_init), (256 bytes).
    Removing debug_frmwrk.o(.constdata), (89 bytes).
    Removing debug_frmwrk.o(.data), (60 bytes).
    Removing lpc177x_8x_clkpwr.o(.emb_text), (8 bytes).
    Removing lpc177x_8x_clkpwr.o(i.CLKPWR_DeepPowerDown), (28 bytes).
    Removing lpc177x_8x_clkpwr.o(i.CLKPWR_DeepSleep), (28 bytes).
    Removing lpc177x_8x_clkpwr.o(i.CLKPWR_PowerDown), (28 bytes).
    Removing lpc177x_8x_clkpwr.o(i.CLKPWR_SetCLKDiv), (176 bytes).
    Removing lpc177x_8x_clkpwr.o(i.CLKPWR_Sleep), (16 bytes).
    Removing lpc177x_8x_clkpwr.o(.data), (4 bytes).
    Removing lpc177x_8x_pinsel.o(.emb_text), (8 bytes).
    Removing lpc177x_8x_pinsel.o(i.PINSEL_DacEnable), (88 bytes).
    Removing lpc177x_8x_pinsel.o(i.PINSEL_SetAnalogPinMode), (84 bytes).
    Removing lpc177x_8x_pinsel.o(i.PINSEL_SetFilter), (88 bytes).
    Removing lpc177x_8x_pinsel.o(i.PINSEL_SetHysMode), (84 bytes).
    Removing lpc177x_8x_pinsel.o(i.PINSEL_SetI2CFilter), (84 bytes).
    Removing lpc177x_8x_pinsel.o(i.PINSEL_SetI2CMode), (144 bytes).
    Removing lpc177x_8x_pinsel.o(i.PINSEL_SetInvertInput), (84 bytes).
    Removing lpc177x_8x_pinsel.o(i.PINSEL_SetOpenDrainMode), (88 bytes).
    Removing lpc177x_8x_pinsel.o(i.PINSEL_SetPinMode), (96 bytes).
    Removing lpc177x_8x_pinsel.o(i.PINSEL_SetSlewMode), (84 bytes).
    Removing lpc177x_8x_gpio.o(.emb_text), (8 bytes).
    Removing lpc177x_8x_gpio.o(i.FIO_ByteClearValue), (34 bytes).
    Removing lpc177x_8x_gpio.o(i.FIO_ByteGetPointer), (76 bytes).
    Removing lpc177x_8x_gpio.o(i.FIO_ByteReadValue), (32 bytes).
    Removing lpc177x_8x_gpio.o(i.FIO_ByteSetDir), (54 bytes).
    Removing lpc177x_8x_gpio.o(i.FIO_ByteSetMask), (70 bytes).
    Removing lpc177x_8x_gpio.o(i.FIO_ByteSetValue), (34 bytes).
    Removing lpc177x_8x_gpio.o(i.FIO_ClearInt), (16 bytes).
    Removing lpc177x_8x_gpio.o(i.FIO_ClearValue), (16 bytes).
    Removing lpc177x_8x_gpio.o(i.FIO_GetIntStatus), (20 bytes).
    Removing lpc177x_8x_gpio.o(i.FIO_HalfWordClearValue), (32 bytes).
    Removing lpc177x_8x_gpio.o(i.FIO_HalfWordGetPointer), (76 bytes).
    Removing lpc177x_8x_gpio.o(i.FIO_HalfWordReadValue), (30 bytes).
    Removing lpc177x_8x_gpio.o(i.FIO_HalfWordSetDir), (70 bytes).
    Removing lpc177x_8x_gpio.o(i.FIO_HalfWordSetMask), (70 bytes).
    Removing lpc177x_8x_gpio.o(i.FIO_HalfWordSetValue), (32 bytes).
    Removing lpc177x_8x_gpio.o(i.FIO_IntCmd), (20 bytes).
    Removing lpc177x_8x_gpio.o(i.FIO_ReadValue), (12 bytes).
    Removing lpc177x_8x_gpio.o(i.FIO_SetDir), (20 bytes).
    Removing lpc177x_8x_gpio.o(i.FIO_SetMask), (44 bytes).
    Removing lpc177x_8x_gpio.o(i.FIO_SetValue), (16 bytes).
    Removing lpc177x_8x_gpio.o(i.GPIO_ClearInt), (32 bytes).
    Removing lpc177x_8x_gpio.o(i.GPIO_ClearValue), (20 bytes).
    Removing lpc177x_8x_gpio.o(i.GPIO_Deinit), (14 bytes).
    Removing lpc177x_8x_gpio.o(i.GPIO_GetIntStatus), (104 bytes).
    Removing lpc177x_8x_gpio.o(i.GPIO_GetPointer), (76 bytes).
    Removing lpc177x_8x_gpio.o(i.GPIO_Init), (12 bytes).
    Removing lpc177x_8x_gpio.o(i.GPIO_IntCmd), (72 bytes).
    Removing lpc177x_8x_gpio.o(i.GPIO_OutputValue), (30 bytes).
    Removing lpc177x_8x_gpio.o(i.GPIO_ReadValue), (22 bytes).
    Removing lpc177x_8x_gpio.o(i.GPIO_SetDir), (44 bytes).
    Removing lpc177x_8x_gpio.o(i.GPIO_SetValue), (20 bytes).
    Removing lpc177x_8x_uart.o(.emb_text), (8 bytes).
    Removing lpc177x_8x_uart.o(i.UART_ABClearIntPending), (72 bytes).
    Removing lpc177x_8x_uart.o(i.UART_ABCmd), (240 bytes).
    Removing lpc177x_8x_uart.o(i.UART_CheckBusy), (108 bytes).
    Removing lpc177x_8x_uart.o(i.UART_DeInit), (84 bytes).
    Removing lpc177x_8x_uart.o(i.UART_FIFOConfig), (176 bytes).
    Removing lpc177x_8x_uart.o(i.UART_FIFOConfigStructInit), (18 bytes).
    Removing lpc177x_8x_uart.o(i.UART_ForceBreak), (108 bytes).
    Removing lpc177x_8x_uart.o(i.UART_FullModemConfigMode), (92 bytes).
    Removing lpc177x_8x_uart.o(i.UART_FullModemForcePinState), (84 bytes).
    Removing lpc177x_8x_uart.o(i.UART_FullModemGetStatus), (20 bytes).
    Removing lpc177x_8x_uart.o(i.UART_GetIntId), (100 bytes).
    Removing lpc177x_8x_uart.o(i.UART_GetLineStatus), (72 bytes).
    Removing lpc177x_8x_uart.o(i.UART_IntConfig), (180 bytes).
    Removing lpc177x_8x_uart.o(i.UART_IrDACmd), (44 bytes).
    Removing lpc177x_8x_uart.o(i.UART_IrDAInvtInputCmd), (48 bytes).
    Removing lpc177x_8x_uart.o(i.UART_IrDAPulseDivConfig), (48 bytes).
    Removing lpc177x_8x_uart.o(i.UART_RS485Config), (188 bytes).
    Removing lpc177x_8x_uart.o(i.UART_RS485ReceiverCmd), (72 bytes).
    Removing lpc177x_8x_uart.o(i.UART_RS485Send), (148 bytes).
    Removing lpc177x_8x_uart.o(i.UART_RS485SendData), (24 bytes).
    Removing lpc177x_8x_uart.o(i.UART_RS485SendSlvAddr), (20 bytes).
    Removing system_lpc177x_8x.o(.emb_text), (8 bytes).
    Removing startup_lpc177x_8x.o(HEAP), (0 bytes).

90 unused section(s) (total 6355 bytes) removed from the image.

==============================================================================

Image Symbol Table

    Local Symbols

    Symbol Name                              Value     Ov Type        Size  Object(Section)

    RESET                                    0x00000000   Section      228  startup_lpc177x_8x.o(RESET)
    ../../microlib/division.c                0x00000000   Number         0  uldiv.o ABSOLUTE
    ../../microlib/init/entry.s              0x00000000   Number         0  entry2.o ABSOLUTE
    ../../microlib/init/entry.s              0x00000000   Number         0  entry7.o ABSOLUTE
    ../../microlib/init/entry.s              0x00000000   Number         0  entry5.o ABSOLUTE
    ../../microlib/init/entry.s              0x00000000   Number         0  entry.o ABSOLUTE
    ../../microlib/longlong.c                0x00000000   Number         0  llushr.o ABSOLUTE
    ../../microlib/longlong.c                0x00000000   Number         0  llshl.o ABSOLUTE
    ..\..\Common\lpc177x.lpc178x.cmsis.driver.library_2012.8.13\Core\Device\NXP\LPC177x_8x\Source\Templates\ARM\startup_LPC177x_8x.s 0x00000000   Number         0  startup_lpc177x_8x.o ABSOLUTE
    ..\..\Common\lpc177x.lpc178x.cmsis.driver.library_2012.8.13\Core\Device\NXP\LPC177x_8x\Source\Templates\system_LPC177x_8x.c 0x00000000   Number         0  system_lpc177x_8x.o ABSOLUTE
    ..\..\Common\lpc177x.lpc178x.cmsis.driver.library_2012.8.13\Drivers\source\debug_frmwrk.c 0x00000000   Number         0  debug_frmwrk.o ABSOLUTE
    ..\..\Common\lpc177x.lpc178x.cmsis.driver.library_2012.8.13\Drivers\source\lpc177x_8x_clkpwr.c 0x00000000   Number         0  lpc177x_8x_clkpwr.o ABSOLUTE
    ..\..\Common\lpc177x.lpc178x.cmsis.driver.library_2012.8.13\Drivers\source\lpc177x_8x_gpio.c 0x00000000   Number         0  lpc177x_8x_gpio.o ABSOLUTE
    ..\..\Common\lpc177x.lpc178x.cmsis.driver.library_2012.8.13\Drivers\source\lpc177x_8x_pinsel.c 0x00000000   Number         0  lpc177x_8x_pinsel.o ABSOLUTE
    ..\..\Common\lpc177x.lpc178x.cmsis.driver.library_2012.8.13\Drivers\source\lpc177x_8x_uart.c 0x00000000   Number         0  lpc177x_8x_uart.o ABSOLUTE
    ..\USER\main.c                           0x00000000   Number         0  main.o ABSOLUTE
    ..\\..\\Common\\lpc177x.lpc178x.cmsis.driver.library_2012.8.13\\Core\\Device\\NXP\\LPC177x_8x\\Source\\Templates\\system_LPC177x_8x.c 0x00000000   Number         0  system_lpc177x_8x.o ABSOLUTE
    ..\\..\\Common\\lpc177x.lpc178x.cmsis.driver.library_2012.8.13\\Drivers\\source\\debug_frmwrk.c 0x00000000   Number         0  debug_frmwrk.o ABSOLUTE
    ..\\..\\Common\\lpc177x.lpc178x.cmsis.driver.library_2012.8.13\\Drivers\\source\\lpc177x_8x_clkpwr.c 0x00000000   Number         0  lpc177x_8x_clkpwr.o ABSOLUTE
    ..\\..\\Common\\lpc177x.lpc178x.cmsis.driver.library_2012.8.13\\Drivers\\source\\lpc177x_8x_gpio.c 0x00000000   Number         0  lpc177x_8x_gpio.o ABSOLUTE
    ..\\..\\Common\\lpc177x.lpc178x.cmsis.driver.library_2012.8.13\\Drivers\\source\\lpc177x_8x_pinsel.c 0x00000000   Number         0  lpc177x_8x_pinsel.o ABSOLUTE
    ..\\..\\Common\\lpc177x.lpc178x.cmsis.driver.library_2012.8.13\\Drivers\\source\\lpc177x_8x_uart.c 0x00000000   Number         0  lpc177x_8x_uart.o ABSOLUTE
    ..\\USER\\main.c                         0x00000000   Number         0  main.o ABSOLUTE
    dc.s                                     0x00000000   Number         0  dc.o ABSOLUTE
    handlers.s                               0x00000000   Number         0  handlers.o ABSOLUTE
    init.s                                   0x00000000   Number         0  init.o ABSOLUTE
    .ARM.Collect$$$$00000000                 0x000000e4   Section        0  entry.o(.ARM.Collect$$$$00000000)
    .ARM.Collect$$$$00000001                 0x000000e4   Section        4  entry2.o(.ARM.Collect$$$$00000001)
    .ARM.Collect$$$$00000004                 0x000000e8   Section        4  entry5.o(.ARM.Collect$$$$00000004)
    .ARM.Collect$$$$00000007                 0x000000ec   Section        8  entry7.o(.ARM.Collect$$$$00000007)
    .ARM.Collect$$$$00002712                 0x000000f4   Section        4  entry2.o(.ARM.Collect$$$$00002712)
    __lit__00000000                          0x000000f4   Data           4  entry2.o(.ARM.Collect$$$$00002712)
    .text                                    0x000000f8   Section       36  startup_lpc177x_8x.o(.text)
    .text                                    0x0000011c   Section        0  uldiv.o(.text)
    .text                                    0x0000017e   Section        0  llshl.o(.text)
    .text                                    0x0000019c   Section        0  llushr.o(.text)
    .text                                    0x000001bc   Section       36  init.o(.text)
    i.CLKPWR_ConfigPPWR                      0x000001e0   Section        0  lpc177x_8x_clkpwr.o(i.CLKPWR_ConfigPPWR)
    i.CLKPWR_GetCLK                          0x00000210   Section        0  lpc177x_8x_clkpwr.o(i.CLKPWR_GetCLK)
    i.PINSEL_ConfigPin                       0x00000250   Section        0  lpc177x_8x_pinsel.o(i.PINSEL_ConfigPin)
    i.PIN_GetPointer                         0x0000029c   Section        0  lpc177x_8x_pinsel.o(i.PIN_GetPointer)
    PIN_GetPointer                           0x0000029d   Thumb Code    20  lpc177x_8x_pinsel.o(i.PIN_GetPointer)
    i.UARTGetChar                            0x000002b4   Section        0  debug_frmwrk.o(i.UARTGetChar)
    i.UARTPutChar                            0x000002d2   Section        0  debug_frmwrk.o(i.UARTPutChar)
    i.UART_ConfigStructInit                  0x000002e6   Section        0  lpc177x_8x_uart.o(i.UART_ConfigStructInit)
    .ARM.__at_0x02FC                         0x000002fc   Section        4  startup_lpc177x_8x.o(.ARM.__at_0x02FC)
    i.PINSEL_GetPinType                      0x00000300   Section        0  lpc177x_8x_pinsel.o(i.PINSEL_GetPinType)
    i.SystemCoreClockUpdate                  0x000003bc   Section        0  system_lpc177x_8x.o(i.SystemCoreClockUpdate)
    i.SystemInit                             0x000006c0   Section        0  system_lpc177x_8x.o(i.SystemInit)
    i.UARTPuts                               0x000007cc   Section        0  debug_frmwrk.o(i.UARTPuts)
    i.UARTPuts_                              0x000007e8   Section        0  debug_frmwrk.o(i.UARTPuts_)
    i.UART_Init                              0x00000804   Section        0  lpc177x_8x_uart.o(i.UART_Init)
    i.UART_Receive                           0x00000a38   Section        0  lpc177x_8x_uart.o(i.UART_Receive)
    i.UART_ReceiveByte                       0x00000b00   Section        0  lpc177x_8x_uart.o(i.UART_ReceiveByte)
    i.UART_Send                              0x00000b48   Section        0  lpc177x_8x_uart.o(i.UART_Send)
    i.UART_SendByte                          0x00000c3c   Section        0  lpc177x_8x_uart.o(i.UART_SendByte)
    i.UART_TxCmd                             0x00000c80   Section        0  lpc177x_8x_uart.o(i.UART_TxCmd)
    i.USART_Configuration                    0x00000d10   Section        0  main.o(i.USART_Configuration)
    i.__scatterload_copy                     0x00000d46   Section       14  handlers.o(i.__scatterload_copy)
    i.__scatterload_null                     0x00000d54   Section        2  handlers.o(i.__scatterload_null)
    i.__scatterload_zeroinit                 0x00000d56   Section       14  handlers.o(i.__scatterload_zeroinit)
    i.main                                   0x00000d64   Section        0  main.o(i.main)
    i.uart_get_pointer                       0x00000e60   Section        0  lpc177x_8x_uart.o(i.uart_get_pointer)
    uart_get_pointer                         0x00000e61   Thumb Code    36  lpc177x_8x_uart.o(i.uart_get_pointer)
    i.uart_set_divisors                      0x00000e90   Section        0  lpc177x_8x_uart.o(i.uart_set_divisors)
    uart_set_divisors                        0x00000e91   Thumb Code   594  lpc177x_8x_uart.o(i.uart_set_divisors)
    .constdata                               0x000010ec   Section      204  main.o(.constdata)
    .data                                    0x10000000   Section       16  system_lpc177x_8x.o(.data)
    STACK                                    0x10000010   Section      512  startup_lpc177x_8x.o(STACK)

    Global Symbols

    Symbol Name                              Value     Ov Type        Size  Object(Section)

    BuildAttributes$$THM_ISAv4$P$D$K$B$S$PE$A:L22UL41UL21$X:L11$S22US41US21$IEEE1$IW$USESV6$~STKCKD$USESV7$~SHL$OSPACE$EBA8$MICROLIB$REQ8$PRES8$EABIv2 0x00000000   Number         0  anon$$obj.o ABSOLUTE
    __ARM_use_no_argv                        0x00000000   Number         0  main.o ABSOLUTE
    __Vectors                                0x00000000   Data           4  startup_lpc177x_8x.o(RESET)
    __decompress                              - Undefined Weak Reference
    __main                                   0x000000e5   Thumb Code     0  entry.o(.ARM.Collect$$$$00000000)
    _main_stk                                0x000000e5   Thumb Code     0  entry2.o(.ARM.Collect$$$$00000001)
    _main_scatterload                        0x000000e9   Thumb Code     0  entry5.o(.ARM.Collect$$$$00000004)
    __main_after_scatterload                 0x000000ed   Thumb Code     0  entry5.o(.ARM.Collect$$$$00000004)
    _main_init                               0x000000ed   Thumb Code     0  entry7.o(.ARM.Collect$$$$00000007)
    Reset_Handler                            0x000000f9   Thumb Code     8  startup_lpc177x_8x.o(.text)
    NMI_Handler                              0x00000101   Thumb Code     2  startup_lpc177x_8x.o(.text)
    HardFault_Handler                        0x00000103   Thumb Code     2  startup_lpc177x_8x.o(.text)
    MemManage_Handler                        0x00000105   Thumb Code     2  startup_lpc177x_8x.o(.text)
    BusFault_Handler                         0x00000107   Thumb Code     2  startup_lpc177x_8x.o(.text)
    UsageFault_Handler                       0x00000109   Thumb Code     2  startup_lpc177x_8x.o(.text)
    SVC_Handler                              0x0000010b   Thumb Code     2  startup_lpc177x_8x.o(.text)
    DebugMon_Handler                         0x0000010d   Thumb Code     2  startup_lpc177x_8x.o(.text)
    PendSV_Handler                           0x0000010f   Thumb Code     2  startup_lpc177x_8x.o(.text)
    SysTick_Handler                          0x00000111   Thumb Code     2  startup_lpc177x_8x.o(.text)
    ADC_IRQHandler                           0x00000113   Thumb Code     0  startup_lpc177x_8x.o(.text)
    BOD_IRQHandler                           0x00000113   Thumb Code     0  startup_lpc177x_8x.o(.text)
    CANActivity_IRQHandler                   0x00000113   Thumb Code     0  startup_lpc177x_8x.o(.text)
    CAN_IRQHandler                           0x00000113   Thumb Code     0  startup_lpc177x_8x.o(.text)
    DMA_IRQHandler                           0x00000113   Thumb Code     0  startup_lpc177x_8x.o(.text)
    EEPROM_IRQHandler                        0x00000113   Thumb Code     0  startup_lpc177x_8x.o(.text)
    EINT0_IRQHandler                         0x00000113   Thumb Code     0  startup_lpc177x_8x.o(.text)
    EINT1_IRQHandler                         0x00000113   Thumb Code     0  startup_lpc177x_8x.o(.text)
    EINT2_IRQHandler                         0x00000113   Thumb Code     0  startup_lpc177x_8x.o(.text)
    EINT3_IRQHandler                         0x00000113   Thumb Code     0  startup_lpc177x_8x.o(.text)
    ENET_IRQHandler                          0x00000113   Thumb Code     0  startup_lpc177x_8x.o(.text)
    GPIO_IRQHandler                          0x00000113   Thumb Code     0  startup_lpc177x_8x.o(.text)
    I2C0_IRQHandler                          0x00000113   Thumb Code     0  startup_lpc177x_8x.o(.text)
    I2C1_IRQHandler                          0x00000113   Thumb Code     0  startup_lpc177x_8x.o(.text)
    I2C2_IRQHandler                          0x00000113   Thumb Code     0  startup_lpc177x_8x.o(.text)
    I2S_IRQHandler                           0x00000113   Thumb Code     0  startup_lpc177x_8x.o(.text)
    LCD_IRQHandler                           0x00000113   Thumb Code     0  startup_lpc177x_8x.o(.text)
    MCI_IRQHandler                           0x00000113   Thumb Code     0  startup_lpc177x_8x.o(.text)
    MCPWM_IRQHandler                         0x00000113   Thumb Code     0  startup_lpc177x_8x.o(.text)
    PLL0_IRQHandler                          0x00000113   Thumb Code     0  startup_lpc177x_8x.o(.text)
    PLL1_IRQHandler                          0x00000113   Thumb Code     0  startup_lpc177x_8x.o(.text)
    PWM0_IRQHandler                          0x00000113   Thumb Code     0  startup_lpc177x_8x.o(.text)
    PWM1_IRQHandler                          0x00000113   Thumb Code     0  startup_lpc177x_8x.o(.text)
    QEI_IRQHandler                           0x00000113   Thumb Code     0  startup_lpc177x_8x.o(.text)
    RTC_IRQHandler                           0x00000113   Thumb Code     0  startup_lpc177x_8x.o(.text)
    SSP0_IRQHandler                          0x00000113   Thumb Code     0  startup_lpc177x_8x.o(.text)
    SSP1_IRQHandler                          0x00000113   Thumb Code     0  startup_lpc177x_8x.o(.text)
    SSP2_IRQHandler                          0x00000113   Thumb Code     0  startup_lpc177x_8x.o(.text)
    TIMER0_IRQHandler                        0x00000113   Thumb Code     0  startup_lpc177x_8x.o(.text)
    TIMER1_IRQHandler                        0x00000113   Thumb Code     0  startup_lpc177x_8x.o(.text)
    TIMER2_IRQHandler                        0x00000113   Thumb Code     0  startup_lpc177x_8x.o(.text)
    TIMER3_IRQHandler                        0x00000113   Thumb Code     0  startup_lpc177x_8x.o(.text)
    UART0_IRQHandler                         0x00000113   Thumb Code     0  startup_lpc177x_8x.o(.text)
    UART1_IRQHandler                         0x00000113   Thumb Code     0  startup_lpc177x_8x.o(.text)
    UART2_IRQHandler                         0x00000113   Thumb Code     0  startup_lpc177x_8x.o(.text)
    UART3_IRQHandler                         0x00000113   Thumb Code     0  startup_lpc177x_8x.o(.text)
    UART4_IRQHandler                         0x00000113   Thumb Code     0  startup_lpc177x_8x.o(.text)
    USBActivity_IRQHandler                   0x00000113   Thumb Code     0  startup_lpc177x_8x.o(.text)
    USB_IRQHandler                           0x00000113   Thumb Code     0  startup_lpc177x_8x.o(.text)
    WDT_IRQHandler                           0x00000113   Thumb Code     0  startup_lpc177x_8x.o(.text)
    __aeabi_uldivmod                         0x0000011d   Thumb Code    98  uldiv.o(.text)
    __aeabi_llsl                             0x0000017f   Thumb Code    30  llshl.o(.text)
    _ll_shift_l                              0x0000017f   Thumb Code     0  llshl.o(.text)
    __aeabi_llsr                             0x0000019d   Thumb Code    32  llushr.o(.text)
    _ll_ushift_r                             0x0000019d   Thumb Code     0  llushr.o(.text)
    __scatterload                            0x000001bd   Thumb Code    28  init.o(.text)
    __scatterload_rt2                        0x000001bd   Thumb Code     0  init.o(.text)
    CLKPWR_ConfigPPWR                        0x000001e1   Thumb Code    38  lpc177x_8x_clkpwr.o(i.CLKPWR_ConfigPPWR)
    CLKPWR_GetCLK                            0x00000211   Thumb Code    46  lpc177x_8x_clkpwr.o(i.CLKPWR_GetCLK)
    PINSEL_ConfigPin                         0x00000251   Thumb Code    72  lpc177x_8x_pinsel.o(i.PINSEL_ConfigPin)
    UARTGetChar                              0x000002b5   Thumb Code    30  debug_frmwrk.o(i.UARTGetChar)
    UARTPutChar                              0x000002d3   Thumb Code    20  debug_frmwrk.o(i.UARTPutChar)
    UART_ConfigStructInit                    0x000002e7   Thumb Code    22  lpc177x_8x_uart.o(i.UART_ConfigStructInit)
    PINSEL_GetPinType                        0x00000301   Thumb Code   186  lpc177x_8x_pinsel.o(i.PINSEL_GetPinType)
    SystemCoreClockUpdate                    0x000003bd   Thumb Code   724  system_lpc177x_8x.o(i.SystemCoreClockUpdate)
    SystemInit                               0x000006c1   Thumb Code   212  system_lpc177x_8x.o(i.SystemInit)
    UARTPuts                                 0x000007cd   Thumb Code    28  debug_frmwrk.o(i.UARTPuts)
    UARTPuts_                                0x000007e9   Thumb Code    24  debug_frmwrk.o(i.UARTPuts_)
    UART_Init                                0x00000805   Thumb Code   548  lpc177x_8x_uart.o(i.UART_Init)
    UART_Receive                             0x00000a39   Thumb Code   180  lpc177x_8x_uart.o(i.UART_Receive)
    UART_ReceiveByte                         0x00000b01   Thumb Code    52  lpc177x_8x_uart.o(i.UART_ReceiveByte)
    UART_Send                                0x00000b49   Thumb Code   224  lpc177x_8x_uart.o(i.UART_Send)
    UART_SendByte                            0x00000c3d   Thumb Code    48  lpc177x_8x_uart.o(i.UART_SendByte)
    UART_TxCmd                               0x00000c81   Thumb Code   132  lpc177x_8x_uart.o(i.UART_TxCmd)
    USART_Configuration                      0x00000d11   Thumb Code    54  main.o(i.USART_Configuration)
    __scatterload_copy                       0x00000d47   Thumb Code    14  handlers.o(i.__scatterload_copy)
    __scatterload_null                       0x00000d55   Thumb Code     2  handlers.o(i.__scatterload_null)
    __scatterload_zeroinit                   0x00000d57   Thumb Code    14  handlers.o(i.__scatterload_zeroinit)
    main                                     0x00000d65   Thumb Code   230  main.o(i.main)
    Region$$Table$$Base                      0x000011b8   Number         0  anon$$obj.o(Region$$Table)
    Region$$Table$$Limit                     0x000011d8   Number         0  anon$$obj.o(Region$$Table)
    SystemCoreClock                          0x10000000   Data           4  system_lpc177x_8x.o(.data)
    PeripheralClock                          0x10000004   Data           4  system_lpc177x_8x.o(.data)
    EMCClock                                 0x10000008   Data           4  system_lpc177x_8x.o(.data)
    USBClock                                 0x1000000c   Data           4  system_lpc177x_8x.o(.data)
    __initial_sp                             0x10000210   Data           0  startup_lpc177x_8x.o(STACK)



==============================================================================

Memory Map of the image

  Image Entry point : 0x000000e5

  Load Region LR_IROM1 (Base: 0x00000000, Size: 0x000011e8, Max: 0x00080000, ABSOLUTE)

    Execution Region ER_IROM1 (Base: 0x00000000, Size: 0x000011d8, Max: 0x00080000, ABSOLUTE)

    Base Addr    Size         Type   Attr      Idx    E Section Name        Object

    0x00000000   0x000000e4   Data   RO          742    RESET               startup_lpc177x_8x.o
    0x000000e4   0x00000000   Code   RO          750  * .ARM.Collect$$$$00000000  mc_w.l(entry.o)
    0x000000e4   0x00000004   Code   RO          759    .ARM.Collect$$$$00000001  mc_w.l(entry2.o)
    0x000000e8   0x00000004   Code   RO          762    .ARM.Collect$$$$00000004  mc_w.l(entry5.o)
    0x000000ec   0x00000008   Code   RO          763    .ARM.Collect$$$$00000007  mc_w.l(entry7.o)
    0x000000f4   0x00000004   Code   RO          760    .ARM.Collect$$$$00002712  mc_w.l(entry2.o)
    0x000000f8   0x00000024   Code   RO          744    .text               startup_lpc177x_8x.o
    0x0000011c   0x00000062   Code   RO          753    .text               mc_w.l(uldiv.o)
    0x0000017e   0x0000001e   Code   RO          755    .text               mc_w.l(llshl.o)
    0x0000019c   0x00000020   Code   RO          757    .text               mc_w.l(llushr.o)
    0x000001bc   0x00000024   Code   RO          764    .text               mc_w.l(init.o)
    0x000001e0   0x00000030   Code   RO          183    i.CLKPWR_ConfigPPWR  lpc177x_8x_clkpwr.o
    0x00000210   0x00000040   Code   RO          186    i.CLKPWR_GetCLK     lpc177x_8x_clkpwr.o
    0x00000250   0x0000004c   Code   RO          245    i.PINSEL_ConfigPin  lpc177x_8x_pinsel.o
    0x0000029c   0x00000018   Code   RO          257    i.PIN_GetPointer    lpc177x_8x_pinsel.o
    0x000002b4   0x0000001e   Code   RO           60    i.UARTGetChar       debug_frmwrk.o
    0x000002d2   0x00000014   Code   RO           63    i.UARTPutChar       debug_frmwrk.o
    0x000002e6   0x00000016   Code   RO          528    i.UART_ConfigStructInit  lpc177x_8x_uart.o
    0x000002fc   0x00000004   Code   RO          743    .ARM.__at_0x02FC    startup_lpc177x_8x.o
    0x00000300   0x000000ba   Code   RO          247    i.PINSEL_GetPinType  lpc177x_8x_pinsel.o
    0x000003ba   0x00000002   PAD
    0x000003bc   0x00000304   Code   RO          713    i.SystemCoreClockUpdate  system_lpc177x_8x.o
    0x000006c0   0x0000010c   Code   RO          714    i.SystemInit        system_lpc177x_8x.o
    0x000007cc   0x0000001c   Code   RO           73    i.UARTPuts          debug_frmwrk.o
    0x000007e8   0x0000001c   Code   RO           74    i.UARTPuts_         debug_frmwrk.o
    0x00000804   0x00000234   Code   RO          538    i.UART_Init         lpc177x_8x_uart.o
    0x00000a38   0x000000c8   Code   RO          548    i.UART_Receive      lpc177x_8x_uart.o
    0x00000b00   0x00000048   Code   RO          549    i.UART_ReceiveByte  lpc177x_8x_uart.o
    0x00000b48   0x000000f4   Code   RO          550    i.UART_Send         lpc177x_8x_uart.o
    0x00000c3c   0x00000044   Code   RO          551    i.UART_SendByte     lpc177x_8x_uart.o
    0x00000c80   0x00000090   Code   RO          552    i.UART_TxCmd        lpc177x_8x_uart.o
    0x00000d10   0x00000036   Code   RO            2    i.USART_Configuration  main.o
    0x00000d46   0x0000000e   Code   RO          768    i.__scatterload_copy  mc_w.l(handlers.o)
    0x00000d54   0x00000002   Code   RO          769    i.__scatterload_null  mc_w.l(handlers.o)
    0x00000d56   0x0000000e   Code   RO          770    i.__scatterload_zeroinit  mc_w.l(handlers.o)
    0x00000d64   0x000000fc   Code   RO            3    i.main              main.o
    0x00000e60   0x00000030   Code   RO          553    i.uart_get_pointer  lpc177x_8x_uart.o
    0x00000e90   0x0000025c   Code   RO          554    i.uart_set_divisors  lpc177x_8x_uart.o
    0x000010ec   0x000000cc   Data   RO            4    .constdata          main.o
    0x000011b8   0x00000020   Data   RO          766    Region$$Table       anon$$obj.o


    Execution Region RW_IRAM1 (Base: 0x10000000, Size: 0x00000210, Max: 0x00010000, ABSOLUTE)

    Base Addr    Size         Type   Attr      Idx    E Section Name        Object

    0x10000000   0x00000010   Data   RW          715    .data               system_lpc177x_8x.o
    0x10000010   0x00000200   Zero   RW          740    STACK               startup_lpc177x_8x.o


    Execution Region RW_IRAM2 (Base: 0x20000000, Size: 0x00000000, Max: 0x00008000, ABSOLUTE)

    **** No section assigned to this execution region ****


==============================================================================

Image component sizes


      Code (inc. data)   RO Data    RW Data    ZI Data      Debug   Object Name

       106          4          0          0          0      25031   debug_frmwrk.o
       112         28          0          0          0       1236   lpc177x_8x_clkpwr.o
       286         14          0          0          0       2807   lpc177x_8x_pinsel.o
      1966        160          0          0          0       8547   lpc177x_8x_uart.o
       306         22        204          0          0      15761   main.o
        40         12        228          0        512       1168   startup_lpc177x_8x.o
      1040        104          0         16          0       2441   system_lpc177x_8x.o

    ----------------------------------------------------------------------
      3858        344        464         16        512      56991   Object Totals
         0          0         32          0          0          0   (incl. Generated)
         2          0          0          0          0          0   (incl. Padding)

    ----------------------------------------------------------------------

      Code (inc. data)   RO Data    RW Data    ZI Data      Debug   Library Member Name

         0          0          0          0          0          0   entry.o
         8          4          0          0          0          0   entry2.o
         4          0          0          0          0          0   entry5.o
         8          4          0          0          0          0   entry7.o
        30          0          0          0          0          0   handlers.o
        36          8          0          0          0         68   init.o
        30          0          0          0          0         68   llshl.o
        32          0          0          0          0         68   llushr.o
        98          0          0          0          0         92   uldiv.o

    ----------------------------------------------------------------------
       246         16          0          0          0        296   Library Totals
         0          0          0          0          0          0   (incl. Padding)

    ----------------------------------------------------------------------

      Code (inc. data)   RO Data    RW Data    ZI Data      Debug   Library Name

       246         16          0          0          0        296   mc_w.l

    ----------------------------------------------------------------------
       246         16          0          0          0        296   Library Totals

    ----------------------------------------------------------------------

==============================================================================


      Code (inc. data)   RO Data    RW Data    ZI Data      Debug   

      4104        360        464         16        512      56143   Grand Totals
      4104        360        464         16        512      56143   ELF Image Totals
      4104        360        464         16          0          0   ROM Totals

==============================================================================

    Total RO  Size (Code + RO Data)                 4568 (   4.46kB)
    Total RW  Size (RW Data + ZI Data)               528 (   0.52kB)
    Total ROM Size (Code + RO Data + RW Data)       4584 (   4.48kB)

==============================================================================

