ARM Linker, 4.1 [Build 713] [Standard]

==============================================================================

Section Cross References

    main.o(i.main) refers to touchpanel.o(i.TP_Init) for TP_Init
    main.o(i.main) refers to sdram_k4s561632c_32m_16bit.o(i.SDRAM_32M_16BIT_Init) for SDRAM_32M_16BIT_Init
    main.o(i.main) refers to glcd.o(i.GLCD_Init) for GLCD_Init
    main.o(i.main) refers to calibrate.o(i.TouchPanel_Calibrate) for TouchPanel_Calibrate
    main.o(i.main) refers to calibrate.o(i.calibrate) for calibrate
    glcd.o(i.GLCD_Clear) refers to glcd.o(i.GLCD_SetPixel_16bpp) for GLCD_SetPixel_16bpp
    glcd.o(i.GLCD_Config) refers to lpc177x_8x_pinsel.o(i.PINSEL_ConfigPin) for PINSEL_ConfigPin
    glcd.o(i.GLCD_Config) refers to lpc177x_8x_gpio.o(i.GPIO_SetDir) for GPIO_SetDir
    glcd.o(i.GLCD_Config) refers to lpc177x_8x_gpio.o(i.GPIO_SetValue) for GPIO_SetValue
    glcd.o(i.GLCD_Config) refers to lpc177x_8x_clkpwr.o(i.CLKPWR_ConfigPPWR) for CLKPWR_ConfigPPWR
    glcd.o(i.GLCD_Config) refers to glcd.o(i.LCD_ClockDivide) for LCD_ClockDivide
    glcd.o(i.GLCD_DrawLine) refers to glcd.o(i.GLCD_SetPixel_16bpp) for GLCD_SetPixel_16bpp
    glcd.o(i.GLCD_Init) refers to glcd.o(i.GLCD_Ctrl) for GLCD_Ctrl
    glcd.o(i.GLCD_Init) refers to glcd.o(i.GLCD_Config) for GLCD_Config
    glcd.o(i.GUI_Text) refers to glcd.o(i.PutChar) for PutChar
    glcd.o(i.LCD_ClockDivide) refers to system_lpc177x_8x.o(.data) for SystemCoreClock
    glcd.o(i.PutChar) refers to asciilib.o(i.GetASCIICode) for GetASCIICode
    glcd.o(i.PutChar) refers to glcd.o(i.GLCD_SetPixel_16bpp) for GLCD_SetPixel_16bpp
    asciilib.o(i.GetASCIICode) refers to memcpya.o(.text) for __aeabi_memcpy
    asciilib.o(i.GetASCIICode) refers to asciilib.o(.constdata) for AsciiLib
    sdram_k4m563233g_32m_32bit.o(i.SDRAM_32M_32BIT_Init) refers to lpc177x_8x_pinsel.o(i.PINSEL_ConfigPin) for PINSEL_ConfigPin
    sdram_k4s561632c_32m_16bit.o(i.SDRAM_32M_16BIT_Init) refers to lpc177x_8x_pinsel.o(i.PINSEL_ConfigPin) for PINSEL_ConfigPin
    touchpanel.o(i.DrawCross) refers to glcd.o(i.GLCD_DrawLine) for GLCD_DrawLine
    touchpanel.o(i.RD_AD) refers to touchpanel.o(i.WR_CMD) for WR_CMD
    touchpanel.o(i.RD_AD) refers to touchpanel.o(i.DelayUS) for DelayUS
    touchpanel.o(i.Read_Ads7846) refers to memseta.o(.text) for __aeabi_memclr4
    touchpanel.o(i.Read_Ads7846) refers to touchpanel.o(i.TP_GetAdXY) for TP_GetAdXY
    touchpanel.o(i.Read_Ads7846) refers to lpc177x_8x_gpio.o(i.GPIO_ReadValue) for GPIO_ReadValue
    touchpanel.o(i.Read_Ads7846) refers to touchpanel.o(.data) for screen
    touchpanel.o(i.Read_X) refers to lpc177x_8x_gpio.o(i.GPIO_ClearValue) for GPIO_ClearValue
    touchpanel.o(i.Read_X) refers to touchpanel.o(i.DelayUS) for DelayUS
    touchpanel.o(i.Read_X) refers to touchpanel.o(i.WR_CMD) for WR_CMD
    touchpanel.o(i.Read_X) refers to touchpanel.o(i.RD_AD) for RD_AD
    touchpanel.o(i.Read_X) refers to lpc177x_8x_gpio.o(i.GPIO_SetValue) for GPIO_SetValue
    touchpanel.o(i.Read_Y) refers to lpc177x_8x_gpio.o(i.GPIO_ClearValue) for GPIO_ClearValue
    touchpanel.o(i.Read_Y) refers to touchpanel.o(i.DelayUS) for DelayUS
    touchpanel.o(i.Read_Y) refers to touchpanel.o(i.WR_CMD) for WR_CMD
    touchpanel.o(i.Read_Y) refers to touchpanel.o(i.RD_AD) for RD_AD
    touchpanel.o(i.Read_Y) refers to lpc177x_8x_gpio.o(i.GPIO_SetValue) for GPIO_SetValue
    touchpanel.o(i.TP_DrawPoint) refers to glcd.o(i.GLCD_SetPixel_16bpp) for GLCD_SetPixel_16bpp
    touchpanel.o(i.TP_GetAdXY) refers to touchpanel.o(i.Read_X) for Read_X
    touchpanel.o(i.TP_GetAdXY) refers to touchpanel.o(i.DelayUS) for DelayUS
    touchpanel.o(i.TP_GetAdXY) refers to touchpanel.o(i.Read_Y) for Read_Y
    touchpanel.o(i.TP_Init) refers to lpc177x_8x_pinsel.o(i.PINSEL_ConfigPin) for PINSEL_ConfigPin
    touchpanel.o(i.TP_Init) refers to lpc177x_8x_gpio.o(i.GPIO_SetDir) for GPIO_SetDir
    touchpanel.o(i.TP_Init) refers to lpc177x_8x_gpio.o(i.GPIO_SetValue) for GPIO_SetValue
    touchpanel.o(i.TP_Init) refers to lpc177x_8x_ssp.o(i.SSP_ConfigStructInit) for SSP_ConfigStructInit
    touchpanel.o(i.TP_Init) refers to lpc177x_8x_ssp.o(i.SSP_Init) for SSP_Init
    touchpanel.o(i.TP_Init) refers to lpc177x_8x_ssp.o(i.SSP_Cmd) for SSP_Cmd
    touchpanel.o(i.WR_CMD) refers to lpc177x_8x_ssp.o(i.SSP_GetStatus) for SSP_GetStatus
    touchpanel.o(i.WR_CMD) refers to lpc177x_8x_ssp.o(i.SSP_SendData) for SSP_SendData
    touchpanel.o(i.WR_CMD) refers to lpc177x_8x_ssp.o(i.SSP_ReceiveData) for SSP_ReceiveData
    lpc177x_8x_clkpwr.o(i.CLKPWR_GetCLK) refers to system_lpc177x_8x.o(.data) for SystemCoreClock
    lpc177x_8x_clkpwr.o(i.CLKPWR_SetCLKDiv) refers to system_lpc177x_8x.o(i.SystemCoreClockUpdate) for SystemCoreClockUpdate
    lpc177x_8x_emc.o(i.DynMem_Init) refers to lpc177x_8x_pinsel.o(i.PINSEL_ConfigPin) for PINSEL_ConfigPin
    lpc177x_8x_emc.o(i.DynMem_Init) refers to lpc177x_8x_emc.o(i.EMC_PwrOn) for EMC_PwrOn
    lpc177x_8x_emc.o(i.DynMem_Init) refers to lpc177x_8x_emc.o(i.EMC_ConfigEndianMode) for EMC_ConfigEndianMode
    lpc177x_8x_emc.o(i.DynMem_Init) refers to lpc177x_8x_emc.o(i.EMC_DynCtrlSelfRefresh) for EMC_DynCtrlSelfRefresh
    lpc177x_8x_emc.o(i.DynMem_Init) refers to lpc177x_8x_emc.o(i.EMC_DynCtrlPowerDownMode) for EMC_DynCtrlPowerDownMode
    lpc177x_8x_emc.o(i.DynMem_Init) refers to lpc177x_8x_emc.o(i.EMC_DynCtrlClockEnable) for EMC_DynCtrlClockEnable
    lpc177x_8x_emc.o(i.DynMem_Init) refers to lpc177x_8x_emc.o(i.EMC_DynCtrlMMC) for EMC_DynCtrlMMC
    lpc177x_8x_emc.o(i.DynMem_Init) refers to lpc177x_8x_emc.o(i.EMC_DynCtrlClockControl) for EMC_DynCtrlClockControl
    lpc177x_8x_emc.o(i.DynMem_Init) refers to lpc177x_8x_emc.o(i.EMC_SetDynMemoryParameter) for EMC_SetDynMemoryParameter
    lpc177x_8x_emc.o(i.DynMem_Init) refers to lpc177x_8x_emc.o(i.EMC_DynMemRAS) for EMC_DynMemRAS
    lpc177x_8x_emc.o(i.DynMem_Init) refers to lpc177x_8x_emc.o(i.EMC_DynMemCAS) for EMC_DynMemCAS
    lpc177x_8x_emc.o(i.DynMem_Init) refers to lpc177x_8x_emc.o(i.EMC_DynMemConfigMD) for EMC_DynMemConfigMD
    lpc177x_8x_emc.o(i.DynMem_Init) refers to lpc177x_8x_emc.o(i.EMC_DynMemConfigAM) for EMC_DynMemConfigAM
    lpc177x_8x_emc.o(i.EMC_Init) refers to lpc177x_8x_clkpwr.o(i.CLKPWR_GetCLK) for CLKPWR_GetCLK
    lpc177x_8x_emc.o(i.EMC_Init) refers to lpc177x_8x_clkpwr.o(i.CLKPWR_SetCLKDiv) for CLKPWR_SetCLKDiv
    lpc177x_8x_emc.o(i.EMC_Init) refers to lpc177x_8x_pinsel.o(i.PINSEL_ConfigPin) for PINSEL_ConfigPin
    lpc177x_8x_emc.o(i.EMC_NS2CLK) refers to lpc177x_8x_clkpwr.o(i.CLKPWR_GetCLK) for CLKPWR_GetCLK
    lpc177x_8x_emc.o(i.EMC_NS2CLK) refers to uldiv.o(.text) for __aeabi_uldivmod
    lpc177x_8x_emc.o(i.EMC_PwrOn) refers to lpc177x_8x_clkpwr.o(i.CLKPWR_GetCLK) for CLKPWR_GetCLK
    lpc177x_8x_emc.o(i.EMC_PwrOn) refers to lpc177x_8x_clkpwr.o(i.CLKPWR_SetCLKDiv) for CLKPWR_SetCLKDiv
    lpc177x_8x_emc.o(i.EMC_PwrOn) refers to lpc177x_8x_clkpwr.o(i.CLKPWR_ConfigPPWR) for CLKPWR_ConfigPPWR
    lpc177x_8x_emc.o(i.EMC_SDRAM_REFRESH) refers to lpc177x_8x_clkpwr.o(i.CLKPWR_GetCLK) for CLKPWR_GetCLK
    lpc177x_8x_emc.o(i.EMC_SDRAM_REFRESH) refers to uldiv.o(.text) for __aeabi_uldivmod
    lpc177x_8x_emc.o(i.StaticMem_Init) refers to lpc177x_8x_pinsel.o(i.PINSEL_ConfigPin) for PINSEL_ConfigPin
    lpc177x_8x_emc.o(i.StaticMem_Init) refers to lpc177x_8x_emc.o(i.EMC_PwrOn) for EMC_PwrOn
    lpc177x_8x_emc.o(i.StaticMem_Init) refers to lpc177x_8x_emc.o(i.EMC_StaMemConfigMW) for EMC_StaMemConfigMW
    lpc177x_8x_emc.o(i.StaticMem_Init) refers to lpc177x_8x_emc.o(i.EMC_StaMemConfigPM) for EMC_StaMemConfigPM
    lpc177x_8x_emc.o(i.StaticMem_Init) refers to lpc177x_8x_emc.o(i.EMC_StaMemConfigPB) for EMC_StaMemConfigPB
    lpc177x_8x_emc.o(i.StaticMem_Init) refers to lpc177x_8x_emc.o(i.EMC_StaMemConfigEW) for EMC_StaMemConfigEW
    lpc177x_8x_emc.o(i.StaticMem_Init) refers to lpc177x_8x_emc.o(i.EMC_SetStaMemoryParameter) for EMC_SetStaMemoryParameter
    lpc177x_8x_gpio.o(i.FIO_ByteClearValue) refers to lpc177x_8x_gpio.o(i.FIO_ByteGetPointer) for FIO_ByteGetPointer
    lpc177x_8x_gpio.o(i.FIO_ByteReadValue) refers to lpc177x_8x_gpio.o(i.FIO_ByteGetPointer) for FIO_ByteGetPointer
    lpc177x_8x_gpio.o(i.FIO_ByteSetDir) refers to lpc177x_8x_gpio.o(i.FIO_ByteGetPointer) for FIO_ByteGetPointer
    lpc177x_8x_gpio.o(i.FIO_ByteSetMask) refers to lpc177x_8x_gpio.o(i.FIO_ByteGetPointer) for FIO_ByteGetPointer
    lpc177x_8x_gpio.o(i.FIO_ByteSetValue) refers to lpc177x_8x_gpio.o(i.FIO_ByteGetPointer) for FIO_ByteGetPointer
    lpc177x_8x_gpio.o(i.FIO_ClearInt) refers to lpc177x_8x_gpio.o(i.GPIO_ClearInt) for GPIO_ClearInt
    lpc177x_8x_gpio.o(i.FIO_ClearValue) refers to lpc177x_8x_gpio.o(i.GPIO_ClearValue) for GPIO_ClearValue
    lpc177x_8x_gpio.o(i.FIO_GetIntStatus) refers to lpc177x_8x_gpio.o(i.GPIO_GetIntStatus) for GPIO_GetIntStatus
    lpc177x_8x_gpio.o(i.FIO_HalfWordClearValue) refers to lpc177x_8x_gpio.o(i.FIO_HalfWordGetPointer) for FIO_HalfWordGetPointer
    lpc177x_8x_gpio.o(i.FIO_HalfWordReadValue) refers to lpc177x_8x_gpio.o(i.FIO_HalfWordGetPointer) for FIO_HalfWordGetPointer
    lpc177x_8x_gpio.o(i.FIO_HalfWordSetDir) refers to lpc177x_8x_gpio.o(i.FIO_HalfWordGetPointer) for FIO_HalfWordGetPointer
    lpc177x_8x_gpio.o(i.FIO_HalfWordSetMask) refers to lpc177x_8x_gpio.o(i.FIO_HalfWordGetPointer) for FIO_HalfWordGetPointer
    lpc177x_8x_gpio.o(i.FIO_HalfWordSetValue) refers to lpc177x_8x_gpio.o(i.FIO_HalfWordGetPointer) for FIO_HalfWordGetPointer
    lpc177x_8x_gpio.o(i.FIO_IntCmd) refers to lpc177x_8x_gpio.o(i.GPIO_IntCmd) for GPIO_IntCmd
    lpc177x_8x_gpio.o(i.FIO_ReadValue) refers to lpc177x_8x_gpio.o(i.GPIO_ReadValue) for GPIO_ReadValue
    lpc177x_8x_gpio.o(i.FIO_SetDir) refers to lpc177x_8x_gpio.o(i.GPIO_SetDir) for GPIO_SetDir
    lpc177x_8x_gpio.o(i.FIO_SetMask) refers to lpc177x_8x_gpio.o(i.GPIO_GetPointer) for GPIO_GetPointer
    lpc177x_8x_gpio.o(i.FIO_SetValue) refers to lpc177x_8x_gpio.o(i.GPIO_SetValue) for GPIO_SetValue
    lpc177x_8x_gpio.o(i.GPIO_ClearValue) refers to lpc177x_8x_gpio.o(i.GPIO_GetPointer) for GPIO_GetPointer
    lpc177x_8x_gpio.o(i.GPIO_Deinit) refers to lpc177x_8x_clkpwr.o(i.CLKPWR_ConfigPPWR) for CLKPWR_ConfigPPWR
    lpc177x_8x_gpio.o(i.GPIO_Init) refers to lpc177x_8x_clkpwr.o(i.CLKPWR_ConfigPPWR) for CLKPWR_ConfigPPWR
    lpc177x_8x_gpio.o(i.GPIO_OutputValue) refers to lpc177x_8x_gpio.o(i.GPIO_ClearValue) for GPIO_ClearValue
    lpc177x_8x_gpio.o(i.GPIO_OutputValue) refers to lpc177x_8x_gpio.o(i.GPIO_SetValue) for GPIO_SetValue
    lpc177x_8x_gpio.o(i.GPIO_ReadValue) refers to lpc177x_8x_gpio.o(i.GPIO_GetPointer) for GPIO_GetPointer
    lpc177x_8x_gpio.o(i.GPIO_SetDir) refers to lpc177x_8x_gpio.o(i.GPIO_GetPointer) for GPIO_GetPointer
    lpc177x_8x_gpio.o(i.GPIO_SetValue) refers to lpc177x_8x_gpio.o(i.GPIO_GetPointer) for GPIO_GetPointer
    lpc177x_8x_lcd.o(i.LCD_Cursor_Cfg) refers to lpc177x_8x_lcd.o(.data) for lcd_cursor_size
    lpc177x_8x_lcd.o(i.LCD_Cursor_SetImage) refers to lpc177x_8x_lcd.o(.data) for lcd_cursor_base_addr
    lpc177x_8x_lcd.o(i.LCD_FillRect) refers to lpc177x_8x_lcd.o(i.LCD_LoadPic) for LCD_LoadPic
    lpc177x_8x_lcd.o(i.LCD_FillRect) refers to lpc177x_8x_lcd.o(.bss) for lcd_config
    lpc177x_8x_lcd.o(i.LCD_FillRect) refers to lpc177x_8x_lcd.o(.data) for bits_per_pixel
    lpc177x_8x_lcd.o(i.LCD_GetBitOffset) refers to lpc177x_8x_lcd.o(.data) for lcd_hsize
    lpc177x_8x_lcd.o(i.LCD_GetBitOffset) refers to lpc177x_8x_lcd.o(.bss) for lcd_config
    lpc177x_8x_lcd.o(i.LCD_GetWordOffset) refers to lpc177x_8x_lcd.o(.data) for lcd_hsize
    lpc177x_8x_lcd.o(i.LCD_GetWordOffset) refers to lpc177x_8x_lcd.o(.bss) for lcd_config
    lpc177x_8x_lcd.o(i.LCD_Init) refers to memcpya.o(.text) for __aeabi_memcpy4
    lpc177x_8x_lcd.o(i.LCD_Init) refers to lpc177x_8x_pinsel.o(i.PINSEL_ConfigPin) for PINSEL_ConfigPin
    lpc177x_8x_lcd.o(i.LCD_Init) refers to lpc177x_8x_clkpwr.o(i.CLKPWR_ConfigPPWR) for CLKPWR_ConfigPPWR
    lpc177x_8x_lcd.o(i.LCD_Init) refers to lpc177x_8x_clkpwr.o(i.CLKPWR_GetCLK) for CLKPWR_GetCLK
    lpc177x_8x_lcd.o(i.LCD_Init) refers to lpc177x_8x_lcd.o(i.LCD_SetHorizontalTiming) for LCD_SetHorizontalTiming
    lpc177x_8x_lcd.o(i.LCD_Init) refers to lpc177x_8x_lcd.o(i.LCD_SetVertialTiming) for LCD_SetVertialTiming
    lpc177x_8x_lcd.o(i.LCD_Init) refers to lpc177x_8x_lcd.o(i.LCD_SetPolarity) for LCD_SetPolarity
    lpc177x_8x_lcd.o(i.LCD_Init) refers to lpc177x_8x_lcd.o(i.LCD_SetPalette) for LCD_SetPalette
    lpc177x_8x_lcd.o(i.LCD_Init) refers to lpc177x_8x_lcd.o(i.LCD_SetBaseAddress) for LCD_SetBaseAddress
    lpc177x_8x_lcd.o(i.LCD_Init) refers to lpc177x_8x_lcd.o(i.LCD_CtrlSetup) for LCD_CtrlSetup
    lpc177x_8x_lcd.o(i.LCD_Init) refers to lpc177x_8x_lcd.o(.bss) for lcd_config
    lpc177x_8x_lcd.o(i.LCD_LoadPic) refers to lpc177x_8x_lcd.o(i.LCD_GetWordOffset) for LCD_GetWordOffset
    lpc177x_8x_lcd.o(i.LCD_LoadPic) refers to lpc177x_8x_lcd.o(i.LCD_GetBitOffset) for LCD_GetBitOffset
    lpc177x_8x_lcd.o(i.LCD_LoadPic) refers to lpc177x_8x_lcd.o(.bss) for lcd_config
    lpc177x_8x_lcd.o(i.LCD_LoadPic) refers to lpc177x_8x_lcd.o(.data) for bits_per_pixel
    lpc177x_8x_lcd.o(i.LCD_PutPixel) refers to lpc177x_8x_lcd.o(i.LCD_GetWordOffset) for LCD_GetWordOffset
    lpc177x_8x_lcd.o(i.LCD_PutPixel) refers to lpc177x_8x_lcd.o(i.LCD_GetBitOffset) for LCD_GetBitOffset
    lpc177x_8x_lcd.o(i.LCD_PutPixel) refers to lpc177x_8x_lcd.o(.bss) for lcd_config
    lpc177x_8x_lcd.o(i.LCD_PutPixel) refers to lpc177x_8x_lcd.o(.data) for bits_per_pixel
    lpc177x_8x_lcd.o(i.LCD_SetHorizontalTiming) refers to lpc177x_8x_lcd.o(.data) for lcd_hsize
    lpc177x_8x_lcd.o(i.LCD_SetImage) refers to lpc177x_8x_lcd.o(.data) for lcd_hsize
    lpc177x_8x_lcd.o(i.LCD_SetImage) refers to lpc177x_8x_lcd.o(.bss) for lcd_config
    lpc177x_8x_lcd.o(i.LCD_SetPalette) refers to lpc177x_8x_lcd.o(.bss) for lcd_config
    lpc177x_8x_lcd.o(i.LCD_SetPalette) refers to lpc177x_8x_lcd.o(.data) for bits_per_pixel
    lpc177x_8x_lcd.o(i.LCD_SetVertialTiming) refers to lpc177x_8x_lcd.o(.data) for lcd_vsize
    lpc177x_8x_pinsel.o(i.PINSEL_ConfigPin) refers to lpc177x_8x_pinsel.o(i.PINSEL_GetPinType) for PINSEL_GetPinType
    lpc177x_8x_pinsel.o(i.PINSEL_ConfigPin) refers to lpc177x_8x_pinsel.o(i.PIN_GetPointer) for PIN_GetPointer
    lpc177x_8x_pinsel.o(i.PINSEL_DacEnable) refers to lpc177x_8x_pinsel.o(i.PINSEL_GetPinType) for PINSEL_GetPinType
    lpc177x_8x_pinsel.o(i.PINSEL_DacEnable) refers to lpc177x_8x_pinsel.o(i.PIN_GetPointer) for PIN_GetPointer
    lpc177x_8x_pinsel.o(i.PINSEL_SetAnalogPinMode) refers to lpc177x_8x_pinsel.o(i.PINSEL_GetPinType) for PINSEL_GetPinType
    lpc177x_8x_pinsel.o(i.PINSEL_SetAnalogPinMode) refers to lpc177x_8x_pinsel.o(i.PIN_GetPointer) for PIN_GetPointer
    lpc177x_8x_pinsel.o(i.PINSEL_SetFilter) refers to lpc177x_8x_pinsel.o(i.PINSEL_GetPinType) for PINSEL_GetPinType
    lpc177x_8x_pinsel.o(i.PINSEL_SetFilter) refers to lpc177x_8x_pinsel.o(i.PIN_GetPointer) for PIN_GetPointer
    lpc177x_8x_pinsel.o(i.PINSEL_SetHysMode) refers to lpc177x_8x_pinsel.o(i.PINSEL_GetPinType) for PINSEL_GetPinType
    lpc177x_8x_pinsel.o(i.PINSEL_SetHysMode) refers to lpc177x_8x_pinsel.o(i.PIN_GetPointer) for PIN_GetPointer
    lpc177x_8x_pinsel.o(i.PINSEL_SetI2CFilter) refers to lpc177x_8x_pinsel.o(i.PINSEL_GetPinType) for PINSEL_GetPinType
    lpc177x_8x_pinsel.o(i.PINSEL_SetI2CFilter) refers to lpc177x_8x_pinsel.o(i.PIN_GetPointer) for PIN_GetPointer
    lpc177x_8x_pinsel.o(i.PINSEL_SetI2CMode) refers to lpc177x_8x_pinsel.o(i.PINSEL_GetPinType) for PINSEL_GetPinType
    lpc177x_8x_pinsel.o(i.PINSEL_SetI2CMode) refers to lpc177x_8x_pinsel.o(i.PIN_GetPointer) for PIN_GetPointer
    lpc177x_8x_pinsel.o(i.PINSEL_SetI2CMode) refers to lpc177x_8x_pinsel.o(i.PINSEL_SetI2CFilter) for PINSEL_SetI2CFilter
    lpc177x_8x_pinsel.o(i.PINSEL_SetInvertInput) refers to lpc177x_8x_pinsel.o(i.PINSEL_GetPinType) for PINSEL_GetPinType
    lpc177x_8x_pinsel.o(i.PINSEL_SetInvertInput) refers to lpc177x_8x_pinsel.o(i.PIN_GetPointer) for PIN_GetPointer
    lpc177x_8x_pinsel.o(i.PINSEL_SetOpenDrainMode) refers to lpc177x_8x_pinsel.o(i.PINSEL_GetPinType) for PINSEL_GetPinType
    lpc177x_8x_pinsel.o(i.PINSEL_SetOpenDrainMode) refers to lpc177x_8x_pinsel.o(i.PIN_GetPointer) for PIN_GetPointer
    lpc177x_8x_pinsel.o(i.PINSEL_SetPinMode) refers to lpc177x_8x_pinsel.o(i.PINSEL_GetPinType) for PINSEL_GetPinType
    lpc177x_8x_pinsel.o(i.PINSEL_SetPinMode) refers to lpc177x_8x_pinsel.o(i.PIN_GetPointer) for PIN_GetPointer
    lpc177x_8x_pinsel.o(i.PINSEL_SetSlewMode) refers to lpc177x_8x_pinsel.o(i.PINSEL_GetPinType) for PINSEL_GetPinType
    lpc177x_8x_pinsel.o(i.PINSEL_SetSlewMode) refers to lpc177x_8x_pinsel.o(i.PIN_GetPointer) for PIN_GetPointer
    lpc177x_8x_ssp.o(i.SSP_DeInit) refers to lpc177x_8x_clkpwr.o(i.CLKPWR_ConfigPPWR) for CLKPWR_ConfigPPWR
    lpc177x_8x_ssp.o(i.SSP_Init) refers to lpc177x_8x_clkpwr.o(i.CLKPWR_ConfigPPWR) for CLKPWR_ConfigPPWR
    lpc177x_8x_ssp.o(i.SSP_Init) refers to lpc177x_8x_ssp.o(i.setSSPclock) for setSSPclock
    lpc177x_8x_ssp.o(i.SSP_ReadWrite) refers to lpc177x_8x_ssp.o(i.SSP_ReceiveData) for SSP_ReceiveData
    lpc177x_8x_ssp.o(i.SSP_ReadWrite) refers to lpc177x_8x_ssp.o(i.SSP_GetDataSize) for SSP_GetDataSize
    lpc177x_8x_ssp.o(i.SSP_ReadWrite) refers to lpc177x_8x_ssp.o(i.SSP_SendData) for SSP_SendData
    lpc177x_8x_ssp.o(i.setSSPclock) refers to lpc177x_8x_clkpwr.o(i.CLKPWR_GetCLK) for CLKPWR_GetCLK
    system_lpc177x_8x.o(i.SystemCoreClockUpdate) refers to system_lpc177x_8x.o(.data) for SystemCoreClock
    system_lpc177x_8x.o(i.SystemInit) refers to system_lpc177x_8x.o(i.SystemCoreClockUpdate) for SystemCoreClockUpdate
    startup_lpc177x_8x.o(RESET) refers to startup_lpc177x_8x.o(STACK) for __initial_sp
    startup_lpc177x_8x.o(RESET) refers to startup_lpc177x_8x.o(.text) for Reset_Handler
    startup_lpc177x_8x.o(.text) refers to system_lpc177x_8x.o(i.SystemInit) for SystemInit
    startup_lpc177x_8x.o(.text) refers to entry.o(.ARM.Collect$$$$00000000) for __main
    calibrate.o(i.TouchPanel_Calibrate) refers to glcd.o(i.GLCD_Clear) for GLCD_Clear
    calibrate.o(i.TouchPanel_Calibrate) refers to calibrate.o(i.DelayUS) for DelayUS
    calibrate.o(i.TouchPanel_Calibrate) refers to touchpanel.o(i.DrawCross) for DrawCross
    calibrate.o(i.TouchPanel_Calibrate) refers to touchpanel.o(i.Read_Ads7846) for Read_Ads7846
    calibrate.o(i.TouchPanel_Calibrate) refers to calibrate.o(i.perform_calibration) for perform_calibration
    calibrate.o(i.TouchPanel_Calibrate) refers to calibrate.o(i.__GUI_Text) for __GUI_Text
    calibrate.o(i.TouchPanel_Calibrate) refers to calibrate.o(.data) for DisplaySample
    calibrate.o(i.TouchPanel_Calibrate) refers to calibrate.o(.bss) for ScreenSample
    calibrate.o(i.__GUI_Text) refers to glcd.o(i.PutChar) for PutChar
    calibrate.o(i.__PutChar) refers to asciilib.o(i.__GetASCIICode) for __GetASCIICode
    calibrate.o(i.__PutChar) refers to glcd.o(i.GLCD_SetPixel_16bpp) for GLCD_SetPixel_16bpp
    calibrate.o(i.calibrate) refers to touchpanel.o(i.Read_Ads7846) for Read_Ads7846
    calibrate.o(i.calibrate) refers to calibrate.o(i.getDisplayPoint) for getDisplayPoint
    calibrate.o(i.calibrate) refers to touchpanel.o(i.TP_DrawPoint) for TP_DrawPoint
    calibrate.o(i.calibrate) refers to calibrate.o(.bss) for matrix
    calibrate.o(i.calibrate) refers to calibrate.o(.data) for display
    calibrate.o(i.perform_calibration) refers to f2d.o(.text) for __aeabi_f2d
    calibrate.o(i.perform_calibration) refers to dadd.o(.text) for __aeabi_dadd
    calibrate.o(i.perform_calibration) refers to d2f.o(.text) for __aeabi_d2f
    calibrate.o(i.perform_calibration) refers to fflti.o(.text) for __aeabi_i2f
    calibrate.o(i.perform_calibration) refers to fadd.o(.text) for __aeabi_fadd
    calibrate.o(i.perform_calibration) refers to fmul.o(.text) for __aeabi_fmul
    calibrate.o(i.perform_calibration) refers to cdcmple.o(.text) for __aeabi_cdcmple
    calibrate.o(i.perform_calibration) refers to cdrcmple.o(.text) for __aeabi_cdrcmple
    calibrate.o(i.perform_calibration) refers to fdiv.o(.text) for __aeabi_fdiv
    calibrate.o(i.perform_calibration) refers to ffixi.o(.text) for __aeabi_f2iz
    asciilib.o(i.__GetASCIICode) refers to memcpya.o(.text) for __aeabi_memcpy
    asciilib.o(i.__GetASCIICode) refers to asciilib.o(.constdata) for __AsciiLib
    entry.o(.ARM.Collect$$$$00000000) refers (Special) to entry7.o(.ARM.Collect$$$$00000007) for _main_init
    entry.o(.ARM.Collect$$$$00000000) refers (Special) to entry5.o(.ARM.Collect$$$$00000004) for _main_scatterload
    entry.o(.ARM.Collect$$$$00000000) refers (Special) to entry2.o(.ARM.Collect$$$$00000001) for _main_stk
    uldiv.o(.text) refers to llushr.o(.text) for __aeabi_llsr
    uldiv.o(.text) refers to llshl.o(.text) for __aeabi_llsl
    fadd.o(.text) refers (Special) to iusefp.o(.text) for __I$use$fp
    fadd.o(.text) refers to fepilogue.o(.text) for _float_epilogue
    fmul.o(.text) refers (Special) to iusefp.o(.text) for __I$use$fp
    fdiv.o(.text) refers (Special) to iusefp.o(.text) for __I$use$fp
    fdiv.o(.text) refers to fepilogue.o(.text) for _float_round
    dadd.o(.text) refers (Special) to iusefp.o(.text) for __I$use$fp
    dadd.o(.text) refers to llshl.o(.text) for __aeabi_llsl
    dadd.o(.text) refers to llsshr.o(.text) for __aeabi_lasr
    dadd.o(.text) refers to depilogue.o(.text) for _double_epilogue
    fflti.o(.text) refers (Special) to iusefp.o(.text) for __I$use$fp
    fflti.o(.text) refers to fepilogue.o(.text) for _float_epilogue
    ffixi.o(.text) refers (Special) to iusefp.o(.text) for __I$use$fp
    f2d.o(.text) refers (Special) to iusefp.o(.text) for __I$use$fp
    cdcmple.o(.text) refers (Special) to iusefp.o(.text) for __I$use$fp
    cdrcmple.o(.text) refers (Special) to iusefp.o(.text) for __I$use$fp
    d2f.o(.text) refers (Special) to iusefp.o(.text) for __I$use$fp
    d2f.o(.text) refers to fepilogue.o(.text) for _float_round
    entry2.o(.ARM.Collect$$$$00000001) refers to entry2.o(.ARM.Collect$$$$00002712) for __lit__00000000
    entry2.o(.ARM.Collect$$$$00002712) refers to startup_lpc177x_8x.o(STACK) for __initial_sp
    entry2.o(__vectab_stack_and_reset_area) refers to startup_lpc177x_8x.o(STACK) for __initial_sp
    entry2.o(__vectab_stack_and_reset_area) refers to entry.o(.ARM.Collect$$$$00000000) for __main
    entry5.o(.ARM.Collect$$$$00000004) refers to init.o(.text) for __scatterload
    entry7.o(.ARM.Collect$$$$00000007) refers to main.o(i.main) for main
    depilogue.o(.text) refers to llshl.o(.text) for __aeabi_llsl
    depilogue.o(.text) refers to llushr.o(.text) for __aeabi_llsr
    init.o(.text) refers to entry5.o(.ARM.Collect$$$$00000004) for __main_after_scatterload


==============================================================================

Removing Unused input sections from the image.

    Removing main.o(.emb_text), (8 bytes).
    Removing glcd.o(.emb_text), (8 bytes).
    Removing glcd.o(i.GLCD_Copy_Cursor), (44 bytes).
    Removing glcd.o(i.GLCD_Cursor_Config), (12 bytes).
    Removing glcd.o(i.GLCD_Cursor_Disable), (20 bytes).
    Removing glcd.o(i.GLCD_Cursor_Enable), (28 bytes).
    Removing glcd.o(i.GLCD_Move_Cursor), (96 bytes).
    Removing glcd.o(i.GUI_Text), (86 bytes).
    Removing sdram_k4m563233g_32m_32bit.o(.emb_text), (8 bytes).
    Removing sdram_k4m563233g_32m_32bit.o(i.SDRAM_32M_32BIT_Init), (448 bytes).
    Removing sdram_k4s561632c_32m_16bit.o(.emb_text), (8 bytes).
    Removing touchpanel.o(.emb_text), (8 bytes).
    Removing lpc177x_8x_clkpwr.o(.emb_text), (8 bytes).
    Removing lpc177x_8x_clkpwr.o(i.CLKPWR_DeepPowerDown), (28 bytes).
    Removing lpc177x_8x_clkpwr.o(i.CLKPWR_DeepSleep), (28 bytes).
    Removing lpc177x_8x_clkpwr.o(i.CLKPWR_PowerDown), (28 bytes).
    Removing lpc177x_8x_clkpwr.o(i.CLKPWR_SetCLKDiv), (176 bytes).
    Removing lpc177x_8x_clkpwr.o(i.CLKPWR_Sleep), (16 bytes).
    Removing lpc177x_8x_clkpwr.o(.data), (4 bytes).
    Removing lpc177x_8x_emc.o(.emb_text), (8 bytes).
    Removing lpc177x_8x_emc.o(i.DynMem_Init), (604 bytes).
    Removing lpc177x_8x_emc.o(i.EMC_ConfigEndianMode), (40 bytes).
    Removing lpc177x_8x_emc.o(i.EMC_DynCtrlClockControl), (40 bytes).
    Removing lpc177x_8x_emc.o(i.EMC_DynCtrlClockEnable), (40 bytes).
    Removing lpc177x_8x_emc.o(i.EMC_DynCtrlMMC), (40 bytes).
    Removing lpc177x_8x_emc.o(i.EMC_DynCtrlPowerDownMode), (40 bytes).
    Removing lpc177x_8x_emc.o(i.EMC_DynCtrlSDRAMInit), (40 bytes).
    Removing lpc177x_8x_emc.o(i.EMC_DynCtrlSelfRefresh), (32 bytes).
    Removing lpc177x_8x_emc.o(i.EMC_DynMemCAS), (200 bytes).
    Removing lpc177x_8x_emc.o(i.EMC_DynMemConfigAM), (764 bytes).
    Removing lpc177x_8x_emc.o(i.EMC_DynMemConfigB), (184 bytes).
    Removing lpc177x_8x_emc.o(i.EMC_DynMemConfigMD), (184 bytes).
    Removing lpc177x_8x_emc.o(i.EMC_DynMemConfigP), (184 bytes).
    Removing lpc177x_8x_emc.o(i.EMC_DynMemRAS), (184 bytes).
    Removing lpc177x_8x_emc.o(i.EMC_Init), (336 bytes).
    Removing lpc177x_8x_emc.o(i.EMC_NS2CLK), (44 bytes).
    Removing lpc177x_8x_emc.o(i.EMC_PwrOn), (64 bytes).
    Removing lpc177x_8x_emc.o(i.EMC_SDRAM_REFRESH), (44 bytes).
    Removing lpc177x_8x_emc.o(i.EMC_SetDynMemoryParameter), (168 bytes).
    Removing lpc177x_8x_emc.o(i.EMC_SetStaMemoryParameter), (452 bytes).
    Removing lpc177x_8x_emc.o(i.EMC_StaMemConfigB), (184 bytes).
    Removing lpc177x_8x_emc.o(i.EMC_StaMemConfigEW), (184 bytes).
    Removing lpc177x_8x_emc.o(i.EMC_StaMemConfigMW), (216 bytes).
    Removing lpc177x_8x_emc.o(i.EMC_StaMemConfigPB), (184 bytes).
    Removing lpc177x_8x_emc.o(i.EMC_StaMemConfigPC), (184 bytes).
    Removing lpc177x_8x_emc.o(i.EMC_StaMemConfigPM), (184 bytes).
    Removing lpc177x_8x_emc.o(i.EMC_StaMemConfigpP), (184 bytes).
    Removing lpc177x_8x_emc.o(i.EMC_StaticExtendedWait), (20 bytes).
    Removing lpc177x_8x_emc.o(i.StaticMem_Init), (316 bytes).
    Removing lpc177x_8x_gpio.o(.emb_text), (8 bytes).
    Removing lpc177x_8x_gpio.o(i.FIO_ByteClearValue), (34 bytes).
    Removing lpc177x_8x_gpio.o(i.FIO_ByteGetPointer), (76 bytes).
    Removing lpc177x_8x_gpio.o(i.FIO_ByteReadValue), (32 bytes).
    Removing lpc177x_8x_gpio.o(i.FIO_ByteSetDir), (54 bytes).
    Removing lpc177x_8x_gpio.o(i.FIO_ByteSetMask), (70 bytes).
    Removing lpc177x_8x_gpio.o(i.FIO_ByteSetValue), (34 bytes).
    Removing lpc177x_8x_gpio.o(i.FIO_ClearInt), (16 bytes).
    Removing lpc177x_8x_gpio.o(i.FIO_ClearValue), (16 bytes).
    Removing lpc177x_8x_gpio.o(i.FIO_GetIntStatus), (20 bytes).
    Removing lpc177x_8x_gpio.o(i.FIO_HalfWordClearValue), (32 bytes).
    Removing lpc177x_8x_gpio.o(i.FIO_HalfWordGetPointer), (76 bytes).
    Removing lpc177x_8x_gpio.o(i.FIO_HalfWordReadValue), (30 bytes).
    Removing lpc177x_8x_gpio.o(i.FIO_HalfWordSetDir), (70 bytes).
    Removing lpc177x_8x_gpio.o(i.FIO_HalfWordSetMask), (70 bytes).
    Removing lpc177x_8x_gpio.o(i.FIO_HalfWordSetValue), (32 bytes).
    Removing lpc177x_8x_gpio.o(i.FIO_IntCmd), (20 bytes).
    Removing lpc177x_8x_gpio.o(i.FIO_ReadValue), (12 bytes).
    Removing lpc177x_8x_gpio.o(i.FIO_SetDir), (20 bytes).
    Removing lpc177x_8x_gpio.o(i.FIO_SetMask), (44 bytes).
    Removing lpc177x_8x_gpio.o(i.FIO_SetValue), (16 bytes).
    Removing lpc177x_8x_gpio.o(i.GPIO_ClearInt), (32 bytes).
    Removing lpc177x_8x_gpio.o(i.GPIO_Deinit), (14 bytes).
    Removing lpc177x_8x_gpio.o(i.GPIO_GetIntStatus), (104 bytes).
    Removing lpc177x_8x_gpio.o(i.GPIO_Init), (12 bytes).
    Removing lpc177x_8x_gpio.o(i.GPIO_IntCmd), (72 bytes).
    Removing lpc177x_8x_gpio.o(i.GPIO_OutputValue), (30 bytes).
    Removing lpc177x_8x_lcd.o(.emb_text), (8 bytes).
    Removing lpc177x_8x_lcd.o(i.LCD_CtrlSetup), (272 bytes).
    Removing lpc177x_8x_lcd.o(i.LCD_Cursor_Cfg), (140 bytes).
    Removing lpc177x_8x_lcd.o(i.LCD_Cursor_Enable), (44 bytes).
    Removing lpc177x_8x_lcd.o(i.LCD_Cursor_SetImage), (80 bytes).
    Removing lpc177x_8x_lcd.o(i.LCD_Enable), (88 bytes).
    Removing lpc177x_8x_lcd.o(i.LCD_FillRect), (332 bytes).
    Removing lpc177x_8x_lcd.o(i.LCD_GetBitOffset), (132 bytes).
    Removing lpc177x_8x_lcd.o(i.LCD_GetWordOffset), (44 bytes).
    Removing lpc177x_8x_lcd.o(i.LCD_Init), (488 bytes).
    Removing lpc177x_8x_lcd.o(i.LCD_LoadPic), (608 bytes).
    Removing lpc177x_8x_lcd.o(i.LCD_Move_Cursor), (96 bytes).
    Removing lpc177x_8x_lcd.o(i.LCD_PutPixel), (252 bytes).
    Removing lpc177x_8x_lcd.o(i.LCD_SetBaseAddress), (28 bytes).
    Removing lpc177x_8x_lcd.o(i.LCD_SetHorizontalTiming), (116 bytes).
    Removing lpc177x_8x_lcd.o(i.LCD_SetImage), (140 bytes).
    Removing lpc177x_8x_lcd.o(i.LCD_SetPalette), (72 bytes).
    Removing lpc177x_8x_lcd.o(i.LCD_SetPolarity), (188 bytes).
    Removing lpc177x_8x_lcd.o(i.LCD_SetVertialTiming), (96 bytes).
    Removing lpc177x_8x_lcd.o(.bss), (4144 bytes).
    Removing lpc177x_8x_lcd.o(.data), (24 bytes).
    Removing lpc177x_8x_nvic.o(.emb_text), (8 bytes).
    Removing lpc177x_8x_nvic.o(i.NVIC_DeInit), (80 bytes).
    Removing lpc177x_8x_nvic.o(i.NVIC_SCBDeInit), (112 bytes).
    Removing lpc177x_8x_nvic.o(i.NVIC_SetVTOR), (12 bytes).
    Removing lpc177x_8x_pinsel.o(.emb_text), (8 bytes).
    Removing lpc177x_8x_pinsel.o(i.PINSEL_DacEnable), (88 bytes).
    Removing lpc177x_8x_pinsel.o(i.PINSEL_SetAnalogPinMode), (84 bytes).
    Removing lpc177x_8x_pinsel.o(i.PINSEL_SetFilter), (88 bytes).
    Removing lpc177x_8x_pinsel.o(i.PINSEL_SetHysMode), (84 bytes).
    Removing lpc177x_8x_pinsel.o(i.PINSEL_SetI2CFilter), (84 bytes).
    Removing lpc177x_8x_pinsel.o(i.PINSEL_SetI2CMode), (144 bytes).
    Removing lpc177x_8x_pinsel.o(i.PINSEL_SetInvertInput), (84 bytes).
    Removing lpc177x_8x_pinsel.o(i.PINSEL_SetOpenDrainMode), (88 bytes).
    Removing lpc177x_8x_pinsel.o(i.PINSEL_SetPinMode), (96 bytes).
    Removing lpc177x_8x_pinsel.o(i.PINSEL_SetSlewMode), (84 bytes).
    Removing lpc177x_8x_ssp.o(.emb_text), (8 bytes).
    Removing lpc177x_8x_ssp.o(i.SSP_ClearIntPending), (4 bytes).
    Removing lpc177x_8x_ssp.o(i.SSP_DMACmd), (34 bytes).
    Removing lpc177x_8x_ssp.o(i.SSP_DeInit), (68 bytes).
    Removing lpc177x_8x_ssp.o(i.SSP_GetDataSize), (10 bytes).
    Removing lpc177x_8x_ssp.o(i.SSP_GetIntStatus), (18 bytes).
    Removing lpc177x_8x_ssp.o(i.SSP_GetRawIntStatus), (18 bytes).
    Removing lpc177x_8x_ssp.o(i.SSP_GetRawIntStatusReg), (6 bytes).
    Removing lpc177x_8x_ssp.o(i.SSP_IntConfig), (34 bytes).
    Removing lpc177x_8x_ssp.o(i.SSP_LoopBackCmd), (24 bytes).
    Removing lpc177x_8x_ssp.o(i.SSP_ReadWrite), (580 bytes).
    Removing lpc177x_8x_ssp.o(i.SSP_SlaveOutputCmd), (24 bytes).
    Removing system_lpc177x_8x.o(.emb_text), (8 bytes).
    Removing startup_lpc177x_8x.o(HEAP), (0 bytes).
    Removing calibrate.o(.emb_text), (8 bytes).
    Removing calibrate.o(i.__PutChar), (108 bytes).
    Removing calibrate.o(i.setCalibrationMatrix), (358 bytes).
    Removing asciilib.o(i.__GetASCIICode), (32 bytes).
    Removing asciilib.o(.constdata), (1520 bytes).

131 unused section(s) (total 18854 bytes) removed from the image.

==============================================================================

Image Symbol Table

    Local Symbols

    Symbol Name                              Value     Ov Type        Size  Object(Section)

    RESET                                    0x00000000   Section      228  startup_lpc177x_8x.o(RESET)
    ../../microlib/d2f.c                     0x00000000   Number         0  d2f.o ABSOLUTE
    ../../microlib/division.c                0x00000000   Number         0  uldiv.o ABSOLUTE
    ../../microlib/f2d.c                     0x00000000   Number         0  f2d.o ABSOLUTE
    ../../microlib/fpadd.c                   0x00000000   Number         0  dadd.o ABSOLUTE
    ../../microlib/fpadd.c                   0x00000000   Number         0  fadd.o ABSOLUTE
    ../../microlib/fpdiv.c                   0x00000000   Number         0  fdiv.o ABSOLUTE
    ../../microlib/fpepilogue.c              0x00000000   Number         0  depilogue.o ABSOLUTE
    ../../microlib/fpepilogue.c              0x00000000   Number         0  fepilogue.o ABSOLUTE
    ../../microlib/fpfix.c                   0x00000000   Number         0  ffixi.o ABSOLUTE
    ../../microlib/fpflt.c                   0x00000000   Number         0  fflti.o ABSOLUTE
    ../../microlib/fpmul.c                   0x00000000   Number         0  fmul.o ABSOLUTE
    ../../microlib/init/entry.s              0x00000000   Number         0  entry7.o ABSOLUTE
    ../../microlib/init/entry.s              0x00000000   Number         0  entry.o ABSOLUTE
    ../../microlib/init/entry.s              0x00000000   Number         0  entry5.o ABSOLUTE
    ../../microlib/init/entry.s              0x00000000   Number         0  entry2.o ABSOLUTE
    ../../microlib/longlong.c                0x00000000   Number         0  llsshr.o ABSOLUTE
    ../../microlib/longlong.c                0x00000000   Number         0  llushr.o ABSOLUTE
    ../../microlib/longlong.c                0x00000000   Number         0  llshl.o ABSOLUTE
    ../../microlib/string/memcpy.c           0x00000000   Number         0  memcpya.o ABSOLUTE
    ../../microlib/string/memcpy.c           0x00000000   Number         0  memcpyb.o ABSOLUTE
    ../../microlib/string/memset.c           0x00000000   Number         0  memseta.o ABSOLUTE
    ../../microlib/stubs.s                   0x00000000   Number         0  iusefp.o ABSOLUTE
    ..\..\Common\lpc177x.lpc178x.cmsis.driver.library_2012.8.13\Core\Device\NXP\LPC177x_8x\Source\Templates\ARM\startup_LPC177x_8x.s 0x00000000   Number         0  startup_lpc177x_8x.o ABSOLUTE
    ..\..\Common\lpc177x.lpc178x.cmsis.driver.library_2012.8.13\Core\Device\NXP\LPC177x_8x\Source\Templates\system_LPC177x_8x.c 0x00000000   Number         0  system_lpc177x_8x.o ABSOLUTE
    ..\..\Common\lpc177x.lpc178x.cmsis.driver.library_2012.8.13\Drivers\source\lpc177x_8x_clkpwr.c 0x00000000   Number         0  lpc177x_8x_clkpwr.o ABSOLUTE
    ..\..\Common\lpc177x.lpc178x.cmsis.driver.library_2012.8.13\Drivers\source\lpc177x_8x_emc.c 0x00000000   Number         0  lpc177x_8x_emc.o ABSOLUTE
    ..\..\Common\lpc177x.lpc178x.cmsis.driver.library_2012.8.13\Drivers\source\lpc177x_8x_gpio.c 0x00000000   Number         0  lpc177x_8x_gpio.o ABSOLUTE
    ..\..\Common\lpc177x.lpc178x.cmsis.driver.library_2012.8.13\Drivers\source\lpc177x_8x_lcd.c 0x00000000   Number         0  lpc177x_8x_lcd.o ABSOLUTE
    ..\..\Common\lpc177x.lpc178x.cmsis.driver.library_2012.8.13\Drivers\source\lpc177x_8x_nvic.c 0x00000000   Number         0  lpc177x_8x_nvic.o ABSOLUTE
    ..\..\Common\lpc177x.lpc178x.cmsis.driver.library_2012.8.13\Drivers\source\lpc177x_8x_pinsel.c 0x00000000   Number         0  lpc177x_8x_pinsel.o ABSOLUTE
    ..\..\Common\lpc177x.lpc178x.cmsis.driver.library_2012.8.13\Drivers\source\lpc177x_8x_ssp.c 0x00000000   Number         0  lpc177x_8x_ssp.o ABSOLUTE
    ..\USER\GLCD\AsciiLib.c                  0x00000000   Number         0  asciilib.o ABSOLUTE
    ..\USER\GLCD\GLCD.c                      0x00000000   Number         0  glcd.o ABSOLUTE
    ..\USER\SDRAM\SDRAM_K4M563233G_32M_32BIT.c 0x00000000   Number         0  sdram_k4m563233g_32m_32bit.o ABSOLUTE
    ..\USER\SDRAM\SDRAM_K4S561632C_32M_16BIT.c 0x00000000   Number         0  sdram_k4s561632c_32m_16bit.o ABSOLUTE
    ..\USER\TSC2046\AsciiLib.c               0x00000000   Number         0  asciilib.o ABSOLUTE
    ..\USER\TSC2046\Calibrate.c              0x00000000   Number         0  calibrate.o ABSOLUTE
    ..\USER\TouchPanel\TouchPanel.c          0x00000000   Number         0  touchpanel.o ABSOLUTE
    ..\USER\main.c                           0x00000000   Number         0  main.o ABSOLUTE
    ..\\..\\Common\\lpc177x.lpc178x.cmsis.driver.library_2012.8.13\\Core\\Device\\NXP\\LPC177x_8x\\Source\\Templates\\system_LPC177x_8x.c 0x00000000   Number         0  system_lpc177x_8x.o ABSOLUTE
    ..\\..\\Common\\lpc177x.lpc178x.cmsis.driver.library_2012.8.13\\Drivers\\source\\lpc177x_8x_clkpwr.c 0x00000000   Number         0  lpc177x_8x_clkpwr.o ABSOLUTE
    ..\\..\\Common\\lpc177x.lpc178x.cmsis.driver.library_2012.8.13\\Drivers\\source\\lpc177x_8x_emc.c 0x00000000   Number         0  lpc177x_8x_emc.o ABSOLUTE
    ..\\..\\Common\\lpc177x.lpc178x.cmsis.driver.library_2012.8.13\\Drivers\\source\\lpc177x_8x_gpio.c 0x00000000   Number         0  lpc177x_8x_gpio.o ABSOLUTE
    ..\\..\\Common\\lpc177x.lpc178x.cmsis.driver.library_2012.8.13\\Drivers\\source\\lpc177x_8x_lcd.c 0x00000000   Number         0  lpc177x_8x_lcd.o ABSOLUTE
    ..\\..\\Common\\lpc177x.lpc178x.cmsis.driver.library_2012.8.13\\Drivers\\source\\lpc177x_8x_nvic.c 0x00000000   Number         0  lpc177x_8x_nvic.o ABSOLUTE
    ..\\..\\Common\\lpc177x.lpc178x.cmsis.driver.library_2012.8.13\\Drivers\\source\\lpc177x_8x_pinsel.c 0x00000000   Number         0  lpc177x_8x_pinsel.o ABSOLUTE
    ..\\..\\Common\\lpc177x.lpc178x.cmsis.driver.library_2012.8.13\\Drivers\\source\\lpc177x_8x_ssp.c 0x00000000   Number         0  lpc177x_8x_ssp.o ABSOLUTE
    ..\\USER\\GLCD\\GLCD.c                   0x00000000   Number         0  glcd.o ABSOLUTE
    ..\\USER\\SDRAM\\SDRAM_K4M563233G_32M_32BIT.c 0x00000000   Number         0  sdram_k4m563233g_32m_32bit.o ABSOLUTE
    ..\\USER\\SDRAM\\SDRAM_K4S561632C_32M_16BIT.c 0x00000000   Number         0  sdram_k4s561632c_32m_16bit.o ABSOLUTE
    ..\\USER\\TSC2046\\Calibrate.c           0x00000000   Number         0  calibrate.o ABSOLUTE
    ..\\USER\\TouchPanel\\TouchPanel.c       0x00000000   Number         0  touchpanel.o ABSOLUTE
    ..\\USER\\main.c                         0x00000000   Number         0  main.o ABSOLUTE
    cdcmple.s                                0x00000000   Number         0  cdcmple.o ABSOLUTE
    cdrcmple.s                               0x00000000   Number         0  cdrcmple.o ABSOLUTE
    dc.s                                     0x00000000   Number         0  dc.o ABSOLUTE
    handlers.s                               0x00000000   Number         0  handlers.o ABSOLUTE
    init.s                                   0x00000000   Number         0  init.o ABSOLUTE
    .ARM.Collect$$$$00000000                 0x000000e4   Section        0  entry.o(.ARM.Collect$$$$00000000)
    .ARM.Collect$$$$00000001                 0x000000e4   Section        4  entry2.o(.ARM.Collect$$$$00000001)
    .ARM.Collect$$$$00000004                 0x000000e8   Section        4  entry5.o(.ARM.Collect$$$$00000004)
    .ARM.Collect$$$$00000007                 0x000000ec   Section        8  entry7.o(.ARM.Collect$$$$00000007)
    .ARM.Collect$$$$00002712                 0x000000f4   Section        4  entry2.o(.ARM.Collect$$$$00002712)
    __lit__00000000                          0x000000f4   Data           4  entry2.o(.ARM.Collect$$$$00002712)
    .text                                    0x000000f8   Section       36  startup_lpc177x_8x.o(.text)
    .text                                    0x0000011c   Section        0  memcpya.o(.text)
    .text                                    0x00000140   Section        0  memseta.o(.text)
    .text                                    0x00000166   Section        0  fadd.o(.text)
    .text                                    0x00000216   Section        0  fmul.o(.text)
    .text                                    0x00000282   Section        0  fflti.o(.text)
    .text                                    0x00000294   Section        0  ffixi.o(.text)
    .text                                    0x000002c6   Section        0  f2d.o(.text)
    .text                                    0x000002f2   Section        0  iusefp.o(.text)
    i.SSP_ReceiveData                        0x000002f2   Section        0  lpc177x_8x_ssp.o(i.SSP_ReceiveData)
    i.__scatterload_null                     0x000002fa   Section        2  handlers.o(i.__scatterload_null)
    .ARM.__at_0x02FC                         0x000002fc   Section        4  startup_lpc177x_8x.o(.ARM.__at_0x02FC)
    .text                                    0x00000300   Section        0  fdiv.o(.text)
    .text                                    0x00000380   Section        0  dadd.o(.text)
    .text                                    0x000004cc   Section       40  cdcmple.o(.text)
    .text                                    0x000004f4   Section       40  cdrcmple.o(.text)
    .text                                    0x0000051c   Section        0  d2f.o(.text)
    .text                                    0x00000554   Section        0  llshl.o(.text)
    .text                                    0x00000572   Section        0  llushr.o(.text)
    .text                                    0x00000592   Section        0  llsshr.o(.text)
    .text                                    0x000005b6   Section        0  fepilogue.o(.text)
    .text                                    0x00000622   Section        0  depilogue.o(.text)
    .text                                    0x000006e4   Section       36  init.o(.text)
    i.CLKPWR_ConfigPPWR                      0x00000708   Section        0  lpc177x_8x_clkpwr.o(i.CLKPWR_ConfigPPWR)
    i.CLKPWR_GetCLK                          0x00000738   Section        0  lpc177x_8x_clkpwr.o(i.CLKPWR_GetCLK)
    i.DelayUS                                0x00000778   Section        0  touchpanel.o(i.DelayUS)
    DelayUS                                  0x00000779   Thumb Code    34  touchpanel.o(i.DelayUS)
    i.DelayUS                                0x0000079a   Section        0  calibrate.o(i.DelayUS)
    DelayUS                                  0x0000079b   Thumb Code    34  calibrate.o(i.DelayUS)
    i.DrawCross                              0x000007bc   Section        0  touchpanel.o(i.DrawCross)
    i.GLCD_Clear                             0x00000910   Section        0  glcd.o(i.GLCD_Clear)
    i.GLCD_Config                            0x00000944   Section        0  glcd.o(i.GLCD_Config)
    GLCD_Config                              0x00000945   Thumb Code   496  glcd.o(i.GLCD_Config)
    i.GLCD_Ctrl                              0x00000b50   Section        0  glcd.o(i.GLCD_Ctrl)
    GLCD_Ctrl                                0x00000b51   Thumb Code    84  glcd.o(i.GLCD_Ctrl)
    i.GLCD_DrawLine                          0x00000ba8   Section        0  glcd.o(i.GLCD_DrawLine)
    i.GLCD_Init                              0x00000cba   Section        0  glcd.o(i.GLCD_Init)
    i.GLCD_SetPixel_16bpp                    0x00000cd0   Section        0  glcd.o(i.GLCD_SetPixel_16bpp)
    i.GPIO_ClearValue                        0x00000cec   Section        0  lpc177x_8x_gpio.o(i.GPIO_ClearValue)
    i.GPIO_GetPointer                        0x00000d00   Section        0  lpc177x_8x_gpio.o(i.GPIO_GetPointer)
    GPIO_GetPointer                          0x00000d01   Thumb Code    50  lpc177x_8x_gpio.o(i.GPIO_GetPointer)
    i.GPIO_ReadValue                         0x00000d4c   Section        0  lpc177x_8x_gpio.o(i.GPIO_ReadValue)
    i.GPIO_SetDir                            0x00000d62   Section        0  lpc177x_8x_gpio.o(i.GPIO_SetDir)
    i.GPIO_SetValue                          0x00000d8e   Section        0  lpc177x_8x_gpio.o(i.GPIO_SetValue)
    i.GetASCIICode                           0x00000da4   Section        0  asciilib.o(i.GetASCIICode)
    i.LCD_ClockDivide                        0x00000dc4   Section        0  glcd.o(i.LCD_ClockDivide)
    LCD_ClockDivide                          0x00000dc5   Thumb Code    54  glcd.o(i.LCD_ClockDivide)
    i.PINSEL_ConfigPin                       0x00000e00   Section        0  lpc177x_8x_pinsel.o(i.PINSEL_ConfigPin)
    i.PINSEL_GetPinType                      0x00000e4c   Section        0  lpc177x_8x_pinsel.o(i.PINSEL_GetPinType)
    i.PIN_GetPointer                         0x00000f08   Section        0  lpc177x_8x_pinsel.o(i.PIN_GetPointer)
    PIN_GetPointer                           0x00000f09   Thumb Code    20  lpc177x_8x_pinsel.o(i.PIN_GetPointer)
    i.PutChar                                0x00000f20   Section        0  glcd.o(i.PutChar)
    i.RD_AD                                  0x00000f8c   Section        0  touchpanel.o(i.RD_AD)
    RD_AD                                    0x00000f8d   Thumb Code    46  touchpanel.o(i.RD_AD)
    i.Read_Ads7846                           0x00000fbc   Section        0  touchpanel.o(i.Read_Ads7846)
    i.Read_X                                 0x000011f4   Section        0  touchpanel.o(i.Read_X)
    i.Read_Y                                 0x00001228   Section        0  touchpanel.o(i.Read_Y)
    i.SDRAM_32M_16BIT_Init                   0x0000125c   Section        0  sdram_k4s561632c_32m_16bit.o(i.SDRAM_32M_16BIT_Init)
    i.SSP_Cmd                                0x00001410   Section        0  lpc177x_8x_ssp.o(i.SSP_Cmd)
    i.SSP_ConfigStructInit                   0x00001428   Section        0  lpc177x_8x_ssp.o(i.SSP_ConfigStructInit)
    i.SSP_GetStatus                          0x00001448   Section        0  lpc177x_8x_ssp.o(i.SSP_GetStatus)
    i.SSP_Init                               0x0000145c   Section        0  lpc177x_8x_ssp.o(i.SSP_Init)
    i.SSP_SendData                           0x000014cc   Section        0  lpc177x_8x_ssp.o(i.SSP_SendData)
    i.SystemCoreClockUpdate                  0x000014d0   Section        0  system_lpc177x_8x.o(i.SystemCoreClockUpdate)
    i.SystemInit                             0x000017d4   Section        0  system_lpc177x_8x.o(i.SystemInit)
    i.TP_DrawPoint                           0x000018e0   Section        0  touchpanel.o(i.TP_DrawPoint)
    i.TP_GetAdXY                             0x00001920   Section        0  touchpanel.o(i.TP_GetAdXY)
    i.TP_Init                                0x00001944   Section        0  touchpanel.o(i.TP_Init)
    i.TouchPanel_Calibrate                   0x000019c0   Section        0  calibrate.o(i.TouchPanel_Calibrate)
    i.WR_CMD                                 0x00001bd8   Section        0  touchpanel.o(i.WR_CMD)
    WR_CMD                                   0x00001bd9   Thumb Code    50  touchpanel.o(i.WR_CMD)
    i.__GUI_Text                             0x00001c10   Section        0  calibrate.o(i.__GUI_Text)
    i.__scatterload_copy                     0x00001c66   Section       14  handlers.o(i.__scatterload_copy)
    i.__scatterload_zeroinit                 0x00001c74   Section       14  handlers.o(i.__scatterload_zeroinit)
    i.calibrate                              0x00001c84   Section        0  calibrate.o(i.calibrate)
    i.getDisplayPoint                        0x00001cb0   Section        0  calibrate.o(i.getDisplayPoint)
    i.main                                   0x00001cfa   Section        0  main.o(i.main)
    i.perform_calibration                    0x00001d1c   Section        0  calibrate.o(i.perform_calibration)
    i.setSSPclock                            0x00002216   Section        0  lpc177x_8x_ssp.o(i.setSSPclock)
    setSSPclock                              0x00002217   Thumb Code    98  lpc177x_8x_ssp.o(i.setSSPclock)
    .constdata                               0x00002278   Section     1520  asciilib.o(.constdata)
    AsciiLib                                 0x00002278   Data        1520  asciilib.o(.constdata)
    .data                                    0x10000000   Section        8  touchpanel.o(.data)
    screen                                   0x10000000   Data           8  touchpanel.o(.data)
    .data                                    0x10000008   Section       16  system_lpc177x_8x.o(.data)
    .data                                    0x10000018   Section       48  calibrate.o(.data)
    .bss                                     0x10000048   Section      176  calibrate.o(.bss)
    STACK                                    0x100000f8   Section      512  startup_lpc177x_8x.o(STACK)

    Global Symbols

    Symbol Name                              Value     Ov Type        Size  Object(Section)

    BuildAttributes$$THM_ISAv4$P$D$K$B$S$PE$A:L22UL41UL21$X:L11$S22US41US21$IEEE1$IW$USESV6$~STKCKD$USESV7$~SHL$OTIME$ROPI$EBA8$MICROLIB$REQ8$PRES8$EABIv2 0x00000000   Number         0  anon$$obj.o ABSOLUTE
    __ARM_use_no_argv                        0x00000000   Number         0  main.o ABSOLUTE
    __Vectors                                0x00000000   Data           4  startup_lpc177x_8x.o(RESET)
    __decompress                              - Undefined Weak Reference
    __main                                   0x000000e5   Thumb Code     0  entry.o(.ARM.Collect$$$$00000000)
    _main_stk                                0x000000e5   Thumb Code     0  entry2.o(.ARM.Collect$$$$00000001)
    _main_scatterload                        0x000000e9   Thumb Code     0  entry5.o(.ARM.Collect$$$$00000004)
    __main_after_scatterload                 0x000000ed   Thumb Code     0  entry5.o(.ARM.Collect$$$$00000004)
    _main_init                               0x000000ed   Thumb Code     0  entry7.o(.ARM.Collect$$$$00000007)
    Reset_Handler                            0x000000f9   Thumb Code     8  startup_lpc177x_8x.o(.text)
    NMI_Handler                              0x00000101   Thumb Code     2  startup_lpc177x_8x.o(.text)
    HardFault_Handler                        0x00000103   Thumb Code     2  startup_lpc177x_8x.o(.text)
    MemManage_Handler                        0x00000105   Thumb Code     2  startup_lpc177x_8x.o(.text)
    BusFault_Handler                         0x00000107   Thumb Code     2  startup_lpc177x_8x.o(.text)
    UsageFault_Handler                       0x00000109   Thumb Code     2  startup_lpc177x_8x.o(.text)
    SVC_Handler                              0x0000010b   Thumb Code     2  startup_lpc177x_8x.o(.text)
    DebugMon_Handler                         0x0000010d   Thumb Code     2  startup_lpc177x_8x.o(.text)
    PendSV_Handler                           0x0000010f   Thumb Code     2  startup_lpc177x_8x.o(.text)
    SysTick_Handler                          0x00000111   Thumb Code     2  startup_lpc177x_8x.o(.text)
    ADC_IRQHandler                           0x00000113   Thumb Code     0  startup_lpc177x_8x.o(.text)
    BOD_IRQHandler                           0x00000113   Thumb Code     0  startup_lpc177x_8x.o(.text)
    CANActivity_IRQHandler                   0x00000113   Thumb Code     0  startup_lpc177x_8x.o(.text)
    CAN_IRQHandler                           0x00000113   Thumb Code     0  startup_lpc177x_8x.o(.text)
    DMA_IRQHandler                           0x00000113   Thumb Code     0  startup_lpc177x_8x.o(.text)
    EEPROM_IRQHandler                        0x00000113   Thumb Code     0  startup_lpc177x_8x.o(.text)
    EINT0_IRQHandler                         0x00000113   Thumb Code     0  startup_lpc177x_8x.o(.text)
    EINT1_IRQHandler                         0x00000113   Thumb Code     0  startup_lpc177x_8x.o(.text)
    EINT2_IRQHandler                         0x00000113   Thumb Code     0  startup_lpc177x_8x.o(.text)
    EINT3_IRQHandler                         0x00000113   Thumb Code     0  startup_lpc177x_8x.o(.text)
    ENET_IRQHandler                          0x00000113   Thumb Code     0  startup_lpc177x_8x.o(.text)
    GPIO_IRQHandler                          0x00000113   Thumb Code     0  startup_lpc177x_8x.o(.text)
    I2C0_IRQHandler                          0x00000113   Thumb Code     0  startup_lpc177x_8x.o(.text)
    I2C1_IRQHandler                          0x00000113   Thumb Code     0  startup_lpc177x_8x.o(.text)
    I2C2_IRQHandler                          0x00000113   Thumb Code     0  startup_lpc177x_8x.o(.text)
    I2S_IRQHandler                           0x00000113   Thumb Code     0  startup_lpc177x_8x.o(.text)
    LCD_IRQHandler                           0x00000113   Thumb Code     0  startup_lpc177x_8x.o(.text)
    MCI_IRQHandler                           0x00000113   Thumb Code     0  startup_lpc177x_8x.o(.text)
    MCPWM_IRQHandler                         0x00000113   Thumb Code     0  startup_lpc177x_8x.o(.text)
    PLL0_IRQHandler                          0x00000113   Thumb Code     0  startup_lpc177x_8x.o(.text)
    PLL1_IRQHandler                          0x00000113   Thumb Code     0  startup_lpc177x_8x.o(.text)
    PWM0_IRQHandler                          0x00000113   Thumb Code     0  startup_lpc177x_8x.o(.text)
    PWM1_IRQHandler                          0x00000113   Thumb Code     0  startup_lpc177x_8x.o(.text)
    QEI_IRQHandler                           0x00000113   Thumb Code     0  startup_lpc177x_8x.o(.text)
    RTC_IRQHandler                           0x00000113   Thumb Code     0  startup_lpc177x_8x.o(.text)
    SSP0_IRQHandler                          0x00000113   Thumb Code     0  startup_lpc177x_8x.o(.text)
    SSP1_IRQHandler                          0x00000113   Thumb Code     0  startup_lpc177x_8x.o(.text)
    SSP2_IRQHandler                          0x00000113   Thumb Code     0  startup_lpc177x_8x.o(.text)
    TIMER0_IRQHandler                        0x00000113   Thumb Code     0  startup_lpc177x_8x.o(.text)
    TIMER1_IRQHandler                        0x00000113   Thumb Code     0  startup_lpc177x_8x.o(.text)
    TIMER2_IRQHandler                        0x00000113   Thumb Code     0  startup_lpc177x_8x.o(.text)
    TIMER3_IRQHandler                        0x00000113   Thumb Code     0  startup_lpc177x_8x.o(.text)
    UART0_IRQHandler                         0x00000113   Thumb Code     0  startup_lpc177x_8x.o(.text)
    UART1_IRQHandler                         0x00000113   Thumb Code     0  startup_lpc177x_8x.o(.text)
    UART2_IRQHandler                         0x00000113   Thumb Code     0  startup_lpc177x_8x.o(.text)
    UART3_IRQHandler                         0x00000113   Thumb Code     0  startup_lpc177x_8x.o(.text)
    UART4_IRQHandler                         0x00000113   Thumb Code     0  startup_lpc177x_8x.o(.text)
    USBActivity_IRQHandler                   0x00000113   Thumb Code     0  startup_lpc177x_8x.o(.text)
    USB_IRQHandler                           0x00000113   Thumb Code     0  startup_lpc177x_8x.o(.text)
    WDT_IRQHandler                           0x00000113   Thumb Code     0  startup_lpc177x_8x.o(.text)
    __aeabi_memcpy                           0x0000011d   Thumb Code    36  memcpya.o(.text)
    __aeabi_memcpy4                          0x0000011d   Thumb Code     0  memcpya.o(.text)
    __aeabi_memcpy8                          0x0000011d   Thumb Code     0  memcpya.o(.text)
    __aeabi_memset                           0x00000141   Thumb Code    14  memseta.o(.text)
    __aeabi_memset4                          0x00000141   Thumb Code     0  memseta.o(.text)
    __aeabi_memset8                          0x00000141   Thumb Code     0  memseta.o(.text)
    __aeabi_memclr                           0x0000014f   Thumb Code     4  memseta.o(.text)
    __aeabi_memclr4                          0x0000014f   Thumb Code     0  memseta.o(.text)
    __aeabi_memclr8                          0x0000014f   Thumb Code     0  memseta.o(.text)
    _memset$wrapper                          0x00000153   Thumb Code    20  memseta.o(.text)
    __aeabi_fadd                             0x00000167   Thumb Code   164  fadd.o(.text)
    __aeabi_fsub                             0x0000020b   Thumb Code     6  fadd.o(.text)
    __aeabi_frsub                            0x00000211   Thumb Code     6  fadd.o(.text)
    __aeabi_fmul                             0x00000217   Thumb Code   108  fmul.o(.text)
    __aeabi_i2f                              0x00000283   Thumb Code    18  fflti.o(.text)
    __aeabi_f2iz                             0x00000295   Thumb Code    50  ffixi.o(.text)
    __aeabi_f2d                              0x000002c7   Thumb Code    44  f2d.o(.text)
    SSP_ReceiveData                          0x000002f3   Thumb Code     8  lpc177x_8x_ssp.o(i.SSP_ReceiveData)
    __I$use$fp                               0x000002f3   Thumb Code     0  iusefp.o(.text)
    __scatterload_null                       0x000002fb   Thumb Code     2  handlers.o(i.__scatterload_null)
    __aeabi_fdiv                             0x00000301   Thumb Code   128  fdiv.o(.text)
    __aeabi_dadd                             0x00000381   Thumb Code   318  dadd.o(.text)
    __aeabi_dsub                             0x000004bf   Thumb Code     6  dadd.o(.text)
    __aeabi_drsub                            0x000004c5   Thumb Code     6  dadd.o(.text)
    __aeabi_cdcmpeq                          0x000004cd   Thumb Code     0  cdcmple.o(.text)
    __aeabi_cdcmple                          0x000004cd   Thumb Code    38  cdcmple.o(.text)
    __aeabi_cdrcmple                         0x000004f5   Thumb Code    38  cdrcmple.o(.text)
    __aeabi_d2f                              0x0000051d   Thumb Code    56  d2f.o(.text)
    __aeabi_llsl                             0x00000555   Thumb Code    30  llshl.o(.text)
    _ll_shift_l                              0x00000555   Thumb Code     0  llshl.o(.text)
    __aeabi_llsr                             0x00000573   Thumb Code    32  llushr.o(.text)
    _ll_ushift_r                             0x00000573   Thumb Code     0  llushr.o(.text)
    __aeabi_lasr                             0x00000593   Thumb Code    36  llsshr.o(.text)
    _ll_sshift_r                             0x00000593   Thumb Code     0  llsshr.o(.text)
    _float_round                             0x000005b7   Thumb Code    18  fepilogue.o(.text)
    _float_epilogue                          0x000005c9   Thumb Code    90  fepilogue.o(.text)
    _double_round                            0x00000623   Thumb Code    26  depilogue.o(.text)
    _double_epilogue                         0x0000063d   Thumb Code   168  depilogue.o(.text)
    __scatterload                            0x000006e5   Thumb Code    28  init.o(.text)
    __scatterload_rt2                        0x000006e5   Thumb Code     0  init.o(.text)
    CLKPWR_ConfigPPWR                        0x00000709   Thumb Code    38  lpc177x_8x_clkpwr.o(i.CLKPWR_ConfigPPWR)
    CLKPWR_GetCLK                            0x00000739   Thumb Code    46  lpc177x_8x_clkpwr.o(i.CLKPWR_GetCLK)
    DrawCross                                0x000007bd   Thumb Code   340  touchpanel.o(i.DrawCross)
    GLCD_Clear                               0x00000911   Thumb Code    52  glcd.o(i.GLCD_Clear)
    GLCD_DrawLine                            0x00000ba9   Thumb Code   274  glcd.o(i.GLCD_DrawLine)
    GLCD_Init                                0x00000cbb   Thumb Code    20  glcd.o(i.GLCD_Init)
    GLCD_SetPixel_16bpp                      0x00000cd1   Thumb Code    22  glcd.o(i.GLCD_SetPixel_16bpp)
    GPIO_ClearValue                          0x00000ced   Thumb Code    20  lpc177x_8x_gpio.o(i.GPIO_ClearValue)
    GPIO_ReadValue                           0x00000d4d   Thumb Code    22  lpc177x_8x_gpio.o(i.GPIO_ReadValue)
    GPIO_SetDir                              0x00000d63   Thumb Code    44  lpc177x_8x_gpio.o(i.GPIO_SetDir)
    GPIO_SetValue                            0x00000d8f   Thumb Code    20  lpc177x_8x_gpio.o(i.GPIO_SetValue)
    GetASCIICode                             0x00000da5   Thumb Code    28  asciilib.o(i.GetASCIICode)
    PINSEL_ConfigPin                         0x00000e01   Thumb Code    72  lpc177x_8x_pinsel.o(i.PINSEL_ConfigPin)
    PINSEL_GetPinType                        0x00000e4d   Thumb Code   186  lpc177x_8x_pinsel.o(i.PINSEL_GetPinType)
    PutChar                                  0x00000f21   Thumb Code   108  glcd.o(i.PutChar)
    Read_Ads7846                             0x00000fbd   Thumb Code   564  touchpanel.o(i.Read_Ads7846)
    Read_X                                   0x000011f5   Thumb Code    52  touchpanel.o(i.Read_X)
    Read_Y                                   0x00001229   Thumb Code    52  touchpanel.o(i.Read_Y)
    SDRAM_32M_16BIT_Init                     0x0000125d   Thumb Code   404  sdram_k4s561632c_32m_16bit.o(i.SDRAM_32M_16BIT_Init)
    SSP_Cmd                                  0x00001411   Thumb Code    24  lpc177x_8x_ssp.o(i.SSP_Cmd)
    SSP_ConfigStructInit                     0x00001429   Thumb Code    28  lpc177x_8x_ssp.o(i.SSP_ConfigStructInit)
    SSP_GetStatus                            0x00001449   Thumb Code    18  lpc177x_8x_ssp.o(i.SSP_GetStatus)
    SSP_Init                                 0x0000145d   Thumb Code   100  lpc177x_8x_ssp.o(i.SSP_Init)
    SSP_SendData                             0x000014cd   Thumb Code     4  lpc177x_8x_ssp.o(i.SSP_SendData)
    SystemCoreClockUpdate                    0x000014d1   Thumb Code   724  system_lpc177x_8x.o(i.SystemCoreClockUpdate)
    SystemInit                               0x000017d5   Thumb Code   212  system_lpc177x_8x.o(i.SystemInit)
    TP_DrawPoint                             0x000018e1   Thumb Code    64  touchpanel.o(i.TP_DrawPoint)
    TP_GetAdXY                               0x00001921   Thumb Code    36  touchpanel.o(i.TP_GetAdXY)
    TP_Init                                  0x00001945   Thumb Code   116  touchpanel.o(i.TP_Init)
    TouchPanel_Calibrate                     0x000019c1   Thumb Code   446  calibrate.o(i.TouchPanel_Calibrate)
    __GUI_Text                               0x00001c11   Thumb Code    86  calibrate.o(i.__GUI_Text)
    __scatterload_copy                       0x00001c67   Thumb Code    14  handlers.o(i.__scatterload_copy)
    __scatterload_zeroinit                   0x00001c75   Thumb Code    14  handlers.o(i.__scatterload_zeroinit)
    calibrate                                0x00001c85   Thumb Code    36  calibrate.o(i.calibrate)
    getDisplayPoint                          0x00001cb1   Thumb Code    74  calibrate.o(i.getDisplayPoint)
    main                                     0x00001cfb   Thumb Code    32  main.o(i.main)
    perform_calibration                      0x00001d1d   Thumb Code  1274  calibrate.o(i.perform_calibration)
    Region$$Table$$Base                      0x00002868   Number         0  anon$$obj.o(Region$$Table)
    Region$$Table$$Limit                     0x00002888   Number         0  anon$$obj.o(Region$$Table)
    SystemCoreClock                          0x10000008   Data           4  system_lpc177x_8x.o(.data)
    PeripheralClock                          0x1000000c   Data           4  system_lpc177x_8x.o(.data)
    EMCClock                                 0x10000010   Data           4  system_lpc177x_8x.o(.data)
    USBClock                                 0x10000014   Data           4  system_lpc177x_8x.o(.data)
    DisplaySample                            0x10000018   Data          40  calibrate.o(.data)
    display                                  0x10000040   Data           8  calibrate.o(.data)
    matrix                                   0x10000048   Data          28  calibrate.o(.bss)
    ScreenSample                             0x10000064   Data          40  calibrate.o(.bss)
    cal                                      0x1000008c   Data         108  calibrate.o(.bss)
    __initial_sp                             0x100002f8   Data           0  startup_lpc177x_8x.o(STACK)



==============================================================================

Memory Map of the image

  Image Entry point : 0x000000e5

  Load Region LR_IROM1 (Base: 0x00000000, Size: 0x000028d0, Max: 0x00080000, ABSOLUTE)

    Execution Region ER_IROM1 (Base: 0x00000000, Size: 0x00002888, Max: 0x00080000, ABSOLUTE)

    Base Addr    Size         Type   Attr      Idx    E Section Name        Object

    0x00000000   0x000000e4   Data   RO         1122    RESET               startup_lpc177x_8x.o
    0x000000e4   0x00000000   Code   RO         1245  * .ARM.Collect$$$$00000000  mc_w.l(entry.o)
    0x000000e4   0x00000004   Code   RO         1276    .ARM.Collect$$$$00000001  mc_w.l(entry2.o)
    0x000000e8   0x00000004   Code   RO         1279    .ARM.Collect$$$$00000004  mc_w.l(entry5.o)
    0x000000ec   0x00000008   Code   RO         1280    .ARM.Collect$$$$00000007  mc_w.l(entry7.o)
    0x000000f4   0x00000004   Code   RO         1277    .ARM.Collect$$$$00002712  mc_w.l(entry2.o)
    0x000000f8   0x00000024   Code   RO         1124    .text               startup_lpc177x_8x.o
    0x0000011c   0x00000024   Code   RO         1250    .text               mc_w.l(memcpya.o)
    0x00000140   0x00000026   Code   RO         1252    .text               mc_w.l(memseta.o)
    0x00000166   0x000000b0   Code   RO         1256    .text               mf_w.l(fadd.o)
    0x00000216   0x0000006c   Code   RO         1258    .text               mf_w.l(fmul.o)
    0x00000282   0x00000012   Code   RO         1264    .text               mf_w.l(fflti.o)
    0x00000294   0x00000032   Code   RO         1266    .text               mf_w.l(ffixi.o)
    0x000002c6   0x0000002c   Code   RO         1268    .text               mf_w.l(f2d.o)
    0x000002f2   0x00000000   Code   RO         1287    .text               mc_w.l(iusefp.o)
    0x000002f2   0x00000008   Code   RO          990    i.SSP_ReceiveData   lpc177x_8x_ssp.o
    0x000002fa   0x00000002   Code   RO         1297    i.__scatterload_null  mc_w.l(handlers.o)
    0x000002fc   0x00000004   Code   RO         1123    .ARM.__at_0x02FC    startup_lpc177x_8x.o
    0x00000300   0x00000080   Code   RO         1260    .text               mf_w.l(fdiv.o)
    0x00000380   0x0000014a   Code   RO         1262    .text               mf_w.l(dadd.o)
    0x000004ca   0x00000002   PAD
    0x000004cc   0x00000028   Code   RO         1270    .text               mf_w.l(cdcmple.o)
    0x000004f4   0x00000028   Code   RO         1272    .text               mf_w.l(cdrcmple.o)
    0x0000051c   0x00000038   Code   RO         1274    .text               mf_w.l(d2f.o)
    0x00000554   0x0000001e   Code   RO         1281    .text               mc_w.l(llshl.o)
    0x00000572   0x00000020   Code   RO         1283    .text               mc_w.l(llushr.o)
    0x00000592   0x00000024   Code   RO         1285    .text               mc_w.l(llsshr.o)
    0x000005b6   0x0000006c   Code   RO         1288    .text               mf_w.l(fepilogue.o)
    0x00000622   0x000000c2   Code   RO         1290    .text               mf_w.l(depilogue.o)
    0x000006e4   0x00000024   Code   RO         1292    .text               mc_w.l(init.o)
    0x00000708   0x00000030   Code   RO          302    i.CLKPWR_ConfigPPWR  lpc177x_8x_clkpwr.o
    0x00000738   0x00000040   Code   RO          305    i.CLKPWR_GetCLK     lpc177x_8x_clkpwr.o
    0x00000778   0x00000022   Code   RO          227    i.DelayUS           touchpanel.o
    0x0000079a   0x00000022   Code   RO         1131    i.DelayUS           Calibrate.lib(calibrate.o)
    0x000007bc   0x00000154   Code   RO          228    i.DrawCross         touchpanel.o
    0x00000910   0x00000034   Code   RO           62    i.GLCD_Clear        glcd.o
    0x00000944   0x0000020c   Code   RO           63    i.GLCD_Config       glcd.o
    0x00000b50   0x00000058   Code   RO           65    i.GLCD_Ctrl         glcd.o
    0x00000ba8   0x00000112   Code   RO           69    i.GLCD_DrawLine     glcd.o
    0x00000cba   0x00000014   Code   RO           70    i.GLCD_Init         glcd.o
    0x00000cce   0x00000002   PAD
    0x00000cd0   0x0000001c   Code   RO           72    i.GLCD_SetPixel_16bpp  glcd.o
    0x00000cec   0x00000014   Code   RO          565    i.GPIO_ClearValue   lpc177x_8x_gpio.o
    0x00000d00   0x0000004c   Code   RO          568    i.GPIO_GetPointer   lpc177x_8x_gpio.o
    0x00000d4c   0x00000016   Code   RO          572    i.GPIO_ReadValue    lpc177x_8x_gpio.o
    0x00000d62   0x0000002c   Code   RO          573    i.GPIO_SetDir       lpc177x_8x_gpio.o
    0x00000d8e   0x00000014   Code   RO          574    i.GPIO_SetValue     lpc177x_8x_gpio.o
    0x00000da2   0x00000002   PAD
    0x00000da4   0x00000020   Code   RO          165    i.GetASCIICode      asciilib.o
    0x00000dc4   0x0000003c   Code   RO           74    i.LCD_ClockDivide   glcd.o
    0x00000e00   0x0000004c   Code   RO          889    i.PINSEL_ConfigPin  lpc177x_8x_pinsel.o
    0x00000e4c   0x000000ba   Code   RO          891    i.PINSEL_GetPinType  lpc177x_8x_pinsel.o
    0x00000f06   0x00000002   PAD
    0x00000f08   0x00000018   Code   RO          901    i.PIN_GetPointer    lpc177x_8x_pinsel.o
    0x00000f20   0x0000006c   Code   RO           75    i.PutChar           glcd.o
    0x00000f8c   0x0000002e   Code   RO          229    i.RD_AD             touchpanel.o
    0x00000fba   0x00000002   PAD
    0x00000fbc   0x00000238   Code   RO          230    i.Read_Ads7846      touchpanel.o
    0x000011f4   0x00000034   Code   RO          231    i.Read_X            touchpanel.o
    0x00001228   0x00000034   Code   RO          232    i.Read_Y            touchpanel.o
    0x0000125c   0x000001b4   Code   RO          211    i.SDRAM_32M_16BIT_Init  sdram_k4s561632c_32m_16bit.o
    0x00001410   0x00000018   Code   RO          977    i.SSP_Cmd           lpc177x_8x_ssp.o
    0x00001428   0x00000020   Code   RO          978    i.SSP_ConfigStructInit  lpc177x_8x_ssp.o
    0x00001448   0x00000012   Code   RO          985    i.SSP_GetStatus     lpc177x_8x_ssp.o
    0x0000145a   0x00000002   PAD
    0x0000145c   0x00000070   Code   RO          986    i.SSP_Init          lpc177x_8x_ssp.o
    0x000014cc   0x00000004   Code   RO          991    i.SSP_SendData      lpc177x_8x_ssp.o
    0x000014d0   0x00000304   Code   RO         1093    i.SystemCoreClockUpdate  system_lpc177x_8x.o
    0x000017d4   0x0000010c   Code   RO         1094    i.SystemInit        system_lpc177x_8x.o
    0x000018e0   0x00000040   Code   RO          233    i.TP_DrawPoint      touchpanel.o
    0x00001920   0x00000024   Code   RO          234    i.TP_GetAdXY        touchpanel.o
    0x00001944   0x0000007c   Code   RO          235    i.TP_Init           touchpanel.o
    0x000019c0   0x00000218   Code   RO         1132    i.TouchPanel_Calibrate  Calibrate.lib(calibrate.o)
    0x00001bd8   0x00000038   Code   RO          236    i.WR_CMD            touchpanel.o
    0x00001c10   0x00000056   Code   RO         1133    i.__GUI_Text        Calibrate.lib(calibrate.o)
    0x00001c66   0x0000000e   Code   RO         1296    i.__scatterload_copy  mc_w.l(handlers.o)
    0x00001c74   0x0000000e   Code   RO         1298    i.__scatterload_zeroinit  mc_w.l(handlers.o)
    0x00001c82   0x00000002   PAD
    0x00001c84   0x0000002c   Code   RO         1135    i.calibrate         Calibrate.lib(calibrate.o)
    0x00001cb0   0x0000004a   Code   RO         1136    i.getDisplayPoint   Calibrate.lib(calibrate.o)
    0x00001cfa   0x00000020   Code   RO            2    i.main              main.o
    0x00001d1a   0x00000002   PAD
    0x00001d1c   0x000004fa   Code   RO         1137    i.perform_calibration  Calibrate.lib(calibrate.o)
    0x00002216   0x00000062   Code   RO          993    i.setSSPclock       lpc177x_8x_ssp.o
    0x00002278   0x000005f0   Data   RO          166    .constdata          asciilib.o
    0x00002868   0x00000020   Data   RO         1294    Region$$Table       anon$$obj.o


    Execution Region RW_IRAM1 (Base: 0x10000000, Size: 0x000002f8, Max: 0x00010000, ABSOLUTE)

    Base Addr    Size         Type   Attr      Idx    E Section Name        Object

    0x10000000   0x00000008   Data   RW          237    .data               touchpanel.o
    0x10000008   0x00000010   Data   RW         1095    .data               system_lpc177x_8x.o
    0x10000018   0x00000030   Data   RW         1140    .data               Calibrate.lib(calibrate.o)
    0x10000048   0x000000b0   Zero   RW         1139    .bss                Calibrate.lib(calibrate.o)
    0x100000f8   0x00000200   Zero   RW         1120    STACK               startup_lpc177x_8x.o


    Execution Region RW_IRAM2 (Base: 0x20000000, Size: 0x00000000, Max: 0x00008000, ABSOLUTE)

    **** No section assigned to this execution region ****


==============================================================================

Image component sizes


      Code (inc. data)   RO Data    RW Data    ZI Data      Debug   Object Name

        32          4       1520          0          0       1007   asciilib.o
      1154         44          0          0          0       6709   glcd.o
       112         28          0          0          0       1308   lpc177x_8x_clkpwr.o
       182         32          0          0          0       4109   lpc177x_8x_gpio.o
       286         14          0          0          0       2955   lpc177x_8x_pinsel.o
       296         16          0          0          0       5165   lpc177x_8x_ssp.o
        32          0          0          0          0      35263   main.o
       436         32          0          0          0       1315   sdram_k4s561632c_32m_16bit.o
        40         12        228          0        512       1192   startup_lpc177x_8x.o
      1040        104          0         16          0       2553   system_lpc177x_8x.o
      1372         18          0          8          0       6307   touchpanel.o

    ----------------------------------------------------------------------
      4994        304       1780         24        512      67883   Object Totals
         0          0         32          0          0          0   (incl. Generated)
        12          0          0          0          0          0   (incl. Padding)

    ----------------------------------------------------------------------

      Code (inc. data)   RO Data    RW Data    ZI Data      Debug   Library Member Name

      2048        114          0         48        176       6832   calibrate.o
         0          0          0          0          0          0   entry.o
         8          4          0          0          0          0   entry2.o
         4          0          0          0          0          0   entry5.o
         8          4          0          0          0          0   entry7.o
        30          0          0          0          0          0   handlers.o
        36          8          0          0          0         68   init.o
         0          0          0          0          0          0   iusefp.o
        30          0          0          0          0         68   llshl.o
        36          0          0          0          0         68   llsshr.o
        32          0          0          0          0         68   llushr.o
        36          0          0          0          0         68   memcpya.o
        38          0          0          0          0        108   memseta.o
        40          2          0          0          0         68   cdcmple.o
        40          2          0          0          0         68   cdrcmple.o
        56          0          0          0          0         88   d2f.o
       330          0          0          0          0        148   dadd.o
       194          0          0          0          0        184   depilogue.o
        44          0          0          0          0         68   f2d.o
       176          0          0          0          0        140   fadd.o
       128          0          0          0          0         88   fdiv.o
       108          0          0          0          0        168   fepilogue.o
        50          0          0          0          0         68   ffixi.o
        18          0          0          0          0         68   fflti.o
       108          0          0          0          0         76   fmul.o

    ----------------------------------------------------------------------
      3602        134          0         48        176       8512   Library Totals
         4          0          0          0          0          0   (incl. Padding)

    ----------------------------------------------------------------------

      Code (inc. data)   RO Data    RW Data    ZI Data      Debug   Library Name

      2048        114          0         48        176       6832   Calibrate.lib
       258         16          0          0          0        448   mc_w.l
      1292          4          0          0          0       1232   mf_w.l

    ----------------------------------------------------------------------
      3602        134          0         48        176       8512   Library Totals

    ----------------------------------------------------------------------

==============================================================================


      Code (inc. data)   RO Data    RW Data    ZI Data      Debug   

      8596        438       1780         72        688      73275   Grand Totals
      8596        438       1780         72        688      73275   ELF Image Totals
      8596        438       1780         72          0          0   ROM Totals

==============================================================================

    Total RO  Size (Code + RO Data)                10376 (  10.13kB)
    Total RW  Size (RW Data + ZI Data)               760 (   0.74kB)
    Total ROM Size (Code + RO Data + RW Data)      10448 (  10.20kB)

==============================================================================

