ARM Linker, 4.1 [Build 713] [Standard]

==============================================================================

Section Cross References

    main.o(i.main) refers to debug_frmwrk.o(i.debug_frmwrk_init) for debug_frmwrk_init
    main.o(i.main) refers to emc_nand.o(i.EMC_NAND_Test) for EMC_NAND_Test
    emc_nand.o(i.EMC_NAND_EraseBlock) refers to emc_nand.o(i.NandFlash_WaitForReady) for NandFlash_WaitForReady
    emc_nand.o(i.EMC_NAND_EraseBlock) refers to emc_nand.o(i.EMC_NAND_GetStatus) for EMC_NAND_GetStatus
    emc_nand.o(i.EMC_NAND_GetStatus) refers to emc_nand.o(i.EMC_NAND_ReadStatus) for EMC_NAND_ReadStatus
    emc_nand.o(i.EMC_NAND_Init) refers to lpc177x_8x_emc.o(i.StaticMem_Init) for StaticMem_Init
    emc_nand.o(i.EMC_NAND_Init) refers to lpc177x_8x_timer.o(i.TIM_Init) for TIM_Init
    emc_nand.o(i.EMC_NAND_Init) refers to lpc177x_8x_timer.o(i.TIM_Waitms) for TIM_Waitms
    emc_nand.o(i.EMC_NAND_Init) refers to lpc177x_8x_pinsel.o(i.PINSEL_ConfigPin) for PINSEL_ConfigPin
    emc_nand.o(i.EMC_NAND_Init) refers to lpc177x_8x_gpio.o(i.GPIO_SetDir) for GPIO_SetDir
    emc_nand.o(i.EMC_NAND_ReadSmallPage) refers to emc_nand.o(i.NandFlash_WaitForReady) for NandFlash_WaitForReady
    emc_nand.o(i.EMC_NAND_ReadSmallPage) refers to emc_nand.o(i.EMC_NAND_AddressIncrement) for EMC_NAND_AddressIncrement
    emc_nand.o(i.EMC_NAND_ReadSmallPage) refers to emc_nand.o(i.EMC_NAND_GetStatus) for EMC_NAND_GetStatus
    emc_nand.o(i.EMC_NAND_ReadSpareArea) refers to emc_nand.o(i.NandFlash_WaitForReady) for NandFlash_WaitForReady
    emc_nand.o(i.EMC_NAND_ReadSpareArea) refers to emc_nand.o(i.EMC_NAND_AddressIncrement) for EMC_NAND_AddressIncrement
    emc_nand.o(i.EMC_NAND_ReadSpareArea) refers to emc_nand.o(i.EMC_NAND_GetStatus) for EMC_NAND_GetStatus
    emc_nand.o(i.EMC_NAND_Test) refers to emc_nand.o(i.EMC_NAND_Init) for EMC_NAND_Init
    emc_nand.o(i.EMC_NAND_Test) refers to emc_nand.o(i.EMC_NAND_ReadID) for EMC_NAND_ReadID
    emc_nand.o(i.EMC_NAND_Test) refers to emc_nand.o(i.EMC_NAND_EraseBlock) for EMC_NAND_EraseBlock
    emc_nand.o(i.EMC_NAND_Test) refers to emc_nand.o(i.EMC_NAND_WriteSmallPage) for EMC_NAND_WriteSmallPage
    emc_nand.o(i.EMC_NAND_Test) refers to memseta.o(.text) for __aeabi_memclr4
    emc_nand.o(i.EMC_NAND_Test) refers to emc_nand.o(i.EMC_NAND_ReadSmallPage) for EMC_NAND_ReadSmallPage
    emc_nand.o(i.EMC_NAND_Test) refers to memcmp.o(.text) for memcmp
    emc_nand.o(i.EMC_NAND_Test) refers to emc_nand.o(.data) for count
    emc_nand.o(i.EMC_NAND_Test) refers to debug_frmwrk.o(.data) for _db_msg
    emc_nand.o(i.EMC_NAND_Test) refers to emc_nand.o(.bss) for TxBuffer
    emc_nand.o(i.EMC_NAND_WriteSmallPage) refers to emc_nand.o(i.NandFlash_WaitForReady) for NandFlash_WaitForReady
    emc_nand.o(i.EMC_NAND_WriteSmallPage) refers to emc_nand.o(i.EMC_NAND_GetStatus) for EMC_NAND_GetStatus
    emc_nand.o(i.EMC_NAND_WriteSmallPage) refers to emc_nand.o(i.EMC_NAND_AddressIncrement) for EMC_NAND_AddressIncrement
    emc_nand.o(i.EMC_NAND_WriteSpareArea) refers to emc_nand.o(i.NandFlash_WaitForReady) for NandFlash_WaitForReady
    emc_nand.o(i.EMC_NAND_WriteSpareArea) refers to emc_nand.o(i.EMC_NAND_GetStatus) for EMC_NAND_GetStatus
    emc_nand.o(i.EMC_NAND_WriteSpareArea) refers to emc_nand.o(i.EMC_NAND_AddressIncrement) for EMC_NAND_AddressIncrement
    debug_frmwrk.o(i.UARTGetChar) refers to lpc177x_8x_uart.o(i.UART_Receive) for UART_Receive
    debug_frmwrk.o(i.UARTGetCharInNonBlock) refers to lpc177x_8x_uart.o(i.UART_Receive) for UART_Receive
    debug_frmwrk.o(i.UARTGetValue) refers to lpc177x_8x_uart.o(i.UART_Receive) for UART_Receive
    debug_frmwrk.o(i.UARTGetValue) refers to debug_frmwrk.o(i.UARTPuts) for UARTPuts
    debug_frmwrk.o(i.UARTGetValue) refers to debug_frmwrk.o(i.UARTPutChar) for UARTPutChar
    debug_frmwrk.o(i.UARTGetValue) refers to debug_frmwrk.o(.constdata) for .constdata
    debug_frmwrk.o(i.UARTPutChar) refers to lpc177x_8x_uart.o(i.UART_Send) for UART_Send
    debug_frmwrk.o(i.UARTPutDec) refers to debug_frmwrk.o(i.UARTPutChar) for UARTPutChar
    debug_frmwrk.o(i.UARTPutDec16) refers to debug_frmwrk.o(i.UARTPutChar) for UARTPutChar
    debug_frmwrk.o(i.UARTPutDec32) refers to debug_frmwrk.o(i.UARTPutChar) for UARTPutChar
    debug_frmwrk.o(i.UARTPutHex) refers to debug_frmwrk.o(i.UARTPuts) for UARTPuts
    debug_frmwrk.o(i.UARTPutHex) refers to debug_frmwrk.o(i.UARTPutChar) for UARTPutChar
    debug_frmwrk.o(i.UARTPutHex16) refers to debug_frmwrk.o(i.UARTPuts) for UARTPuts
    debug_frmwrk.o(i.UARTPutHex16) refers to debug_frmwrk.o(i.UARTPutChar) for UARTPutChar
    debug_frmwrk.o(i.UARTPutHex16_) refers to debug_frmwrk.o(i.UARTPutChar) for UARTPutChar
    debug_frmwrk.o(i.UARTPutHex32) refers to debug_frmwrk.o(i.UARTPuts) for UARTPuts
    debug_frmwrk.o(i.UARTPutHex32) refers to debug_frmwrk.o(i.UARTPutChar) for UARTPutChar
    debug_frmwrk.o(i.UARTPutHex32_) refers to debug_frmwrk.o(i.UARTPutChar) for UARTPutChar
    debug_frmwrk.o(i.UARTPutHex_) refers to debug_frmwrk.o(i.UARTPutChar) for UARTPutChar
    debug_frmwrk.o(i.UARTPuts) refers to debug_frmwrk.o(i.UARTPutChar) for UARTPutChar
    debug_frmwrk.o(i.UARTPuts_) refers to debug_frmwrk.o(i.UARTPuts) for UARTPuts
    debug_frmwrk.o(i.debug_frmwrk_init) refers to lpc177x_8x_pinsel.o(i.PINSEL_ConfigPin) for PINSEL_ConfigPin
    debug_frmwrk.o(i.debug_frmwrk_init) refers to lpc177x_8x_uart.o(i.UART_ConfigStructInit) for UART_ConfigStructInit
    debug_frmwrk.o(i.debug_frmwrk_init) refers to lpc177x_8x_uart.o(i.UART_Init) for UART_Init
    debug_frmwrk.o(i.debug_frmwrk_init) refers to lpc177x_8x_uart.o(i.UART_TxCmd) for UART_TxCmd
    debug_frmwrk.o(i.debug_frmwrk_init) refers to debug_frmwrk.o(i.UARTPuts) for UARTPuts
    debug_frmwrk.o(i.debug_frmwrk_init) refers to debug_frmwrk.o(.data) for _db_msg
    debug_frmwrk.o(i.debug_frmwrk_init) refers to debug_frmwrk.o(i.UARTPuts_) for UARTPuts_
    debug_frmwrk.o(i.debug_frmwrk_init) refers to debug_frmwrk.o(i.UARTPutChar) for UARTPutChar
    debug_frmwrk.o(i.debug_frmwrk_init) refers to debug_frmwrk.o(i.UARTPutHex) for UARTPutHex
    debug_frmwrk.o(i.debug_frmwrk_init) refers to debug_frmwrk.o(i.UARTPutHex16) for UARTPutHex16
    debug_frmwrk.o(i.debug_frmwrk_init) refers to debug_frmwrk.o(i.UARTPutHex32) for UARTPutHex32
    debug_frmwrk.o(i.debug_frmwrk_init) refers to debug_frmwrk.o(i.UARTPutHex_) for UARTPutHex_
    debug_frmwrk.o(i.debug_frmwrk_init) refers to debug_frmwrk.o(i.UARTPutHex16_) for UARTPutHex16_
    debug_frmwrk.o(i.debug_frmwrk_init) refers to debug_frmwrk.o(i.UARTPutHex32_) for UARTPutHex32_
    debug_frmwrk.o(i.debug_frmwrk_init) refers to debug_frmwrk.o(i.UARTPutDec) for UARTPutDec
    debug_frmwrk.o(i.debug_frmwrk_init) refers to debug_frmwrk.o(i.UARTPutDec16) for UARTPutDec16
    debug_frmwrk.o(i.debug_frmwrk_init) refers to debug_frmwrk.o(i.UARTPutDec32) for UARTPutDec32
    debug_frmwrk.o(i.debug_frmwrk_init) refers to debug_frmwrk.o(i.UARTGetChar) for UARTGetChar
    debug_frmwrk.o(i.debug_frmwrk_init) refers to debug_frmwrk.o(i.UARTGetValue) for UARTGetValue
    debug_frmwrk.o(i.debug_frmwrk_init) refers to debug_frmwrk.o(i.UARTGetCharInNonBlock) for UARTGetCharInNonBlock
    lpc177x_8x_clkpwr.o(i.CLKPWR_GetCLK) refers to system_lpc177x_8x.o(.data) for SystemCoreClock
    lpc177x_8x_clkpwr.o(i.CLKPWR_SetCLKDiv) refers to system_lpc177x_8x.o(i.SystemCoreClockUpdate) for SystemCoreClockUpdate
    lpc177x_8x_emc.o(i.DynMem_Init) refers to lpc177x_8x_pinsel.o(i.PINSEL_ConfigPin) for PINSEL_ConfigPin
    lpc177x_8x_emc.o(i.DynMem_Init) refers to lpc177x_8x_emc.o(i.EMC_PwrOn) for EMC_PwrOn
    lpc177x_8x_emc.o(i.DynMem_Init) refers to lpc177x_8x_emc.o(i.EMC_ConfigEndianMode) for EMC_ConfigEndianMode
    lpc177x_8x_emc.o(i.DynMem_Init) refers to lpc177x_8x_emc.o(i.EMC_DynCtrlSelfRefresh) for EMC_DynCtrlSelfRefresh
    lpc177x_8x_emc.o(i.DynMem_Init) refers to lpc177x_8x_emc.o(i.EMC_DynCtrlPowerDownMode) for EMC_DynCtrlPowerDownMode
    lpc177x_8x_emc.o(i.DynMem_Init) refers to lpc177x_8x_emc.o(i.EMC_DynCtrlClockEnable) for EMC_DynCtrlClockEnable
    lpc177x_8x_emc.o(i.DynMem_Init) refers to lpc177x_8x_emc.o(i.EMC_DynCtrlMMC) for EMC_DynCtrlMMC
    lpc177x_8x_emc.o(i.DynMem_Init) refers to lpc177x_8x_emc.o(i.EMC_DynCtrlClockControl) for EMC_DynCtrlClockControl
    lpc177x_8x_emc.o(i.DynMem_Init) refers to lpc177x_8x_emc.o(i.EMC_SetDynMemoryParameter) for EMC_SetDynMemoryParameter
    lpc177x_8x_emc.o(i.DynMem_Init) refers to lpc177x_8x_emc.o(i.EMC_DynMemRAS) for EMC_DynMemRAS
    lpc177x_8x_emc.o(i.DynMem_Init) refers to lpc177x_8x_emc.o(i.EMC_DynMemCAS) for EMC_DynMemCAS
    lpc177x_8x_emc.o(i.DynMem_Init) refers to lpc177x_8x_emc.o(i.EMC_DynMemConfigMD) for EMC_DynMemConfigMD
    lpc177x_8x_emc.o(i.DynMem_Init) refers to lpc177x_8x_emc.o(i.EMC_DynMemConfigAM) for EMC_DynMemConfigAM
    lpc177x_8x_emc.o(i.EMC_Init) refers to lpc177x_8x_clkpwr.o(i.CLKPWR_GetCLK) for CLKPWR_GetCLK
    lpc177x_8x_emc.o(i.EMC_Init) refers to lpc177x_8x_clkpwr.o(i.CLKPWR_SetCLKDiv) for CLKPWR_SetCLKDiv
    lpc177x_8x_emc.o(i.EMC_Init) refers to lpc177x_8x_pinsel.o(i.PINSEL_ConfigPin) for PINSEL_ConfigPin
    lpc177x_8x_emc.o(i.EMC_NS2CLK) refers to lpc177x_8x_clkpwr.o(i.CLKPWR_GetCLK) for CLKPWR_GetCLK
    lpc177x_8x_emc.o(i.EMC_NS2CLK) refers to uldiv.o(.text) for __aeabi_uldivmod
    lpc177x_8x_emc.o(i.EMC_PwrOn) refers to lpc177x_8x_clkpwr.o(i.CLKPWR_GetCLK) for CLKPWR_GetCLK
    lpc177x_8x_emc.o(i.EMC_PwrOn) refers to lpc177x_8x_clkpwr.o(i.CLKPWR_SetCLKDiv) for CLKPWR_SetCLKDiv
    lpc177x_8x_emc.o(i.EMC_PwrOn) refers to lpc177x_8x_clkpwr.o(i.CLKPWR_ConfigPPWR) for CLKPWR_ConfigPPWR
    lpc177x_8x_emc.o(i.EMC_SDRAM_REFRESH) refers to lpc177x_8x_clkpwr.o(i.CLKPWR_GetCLK) for CLKPWR_GetCLK
    lpc177x_8x_emc.o(i.EMC_SDRAM_REFRESH) refers to uldiv.o(.text) for __aeabi_uldivmod
    lpc177x_8x_emc.o(i.StaticMem_Init) refers to lpc177x_8x_pinsel.o(i.PINSEL_ConfigPin) for PINSEL_ConfigPin
    lpc177x_8x_emc.o(i.StaticMem_Init) refers to lpc177x_8x_emc.o(i.EMC_PwrOn) for EMC_PwrOn
    lpc177x_8x_emc.o(i.StaticMem_Init) refers to lpc177x_8x_emc.o(i.EMC_StaMemConfigMW) for EMC_StaMemConfigMW
    lpc177x_8x_emc.o(i.StaticMem_Init) refers to lpc177x_8x_emc.o(i.EMC_StaMemConfigPM) for EMC_StaMemConfigPM
    lpc177x_8x_emc.o(i.StaticMem_Init) refers to lpc177x_8x_emc.o(i.EMC_StaMemConfigPB) for EMC_StaMemConfigPB
    lpc177x_8x_emc.o(i.StaticMem_Init) refers to lpc177x_8x_emc.o(i.EMC_StaMemConfigEW) for EMC_StaMemConfigEW
    lpc177x_8x_emc.o(i.StaticMem_Init) refers to lpc177x_8x_emc.o(i.EMC_SetStaMemoryParameter) for EMC_SetStaMemoryParameter
    lpc177x_8x_gpio.o(i.FIO_ByteClearValue) refers to lpc177x_8x_gpio.o(i.FIO_ByteGetPointer) for FIO_ByteGetPointer
    lpc177x_8x_gpio.o(i.FIO_ByteReadValue) refers to lpc177x_8x_gpio.o(i.FIO_ByteGetPointer) for FIO_ByteGetPointer
    lpc177x_8x_gpio.o(i.FIO_ByteSetDir) refers to lpc177x_8x_gpio.o(i.FIO_ByteGetPointer) for FIO_ByteGetPointer
    lpc177x_8x_gpio.o(i.FIO_ByteSetMask) refers to lpc177x_8x_gpio.o(i.FIO_ByteGetPointer) for FIO_ByteGetPointer
    lpc177x_8x_gpio.o(i.FIO_ByteSetValue) refers to lpc177x_8x_gpio.o(i.FIO_ByteGetPointer) for FIO_ByteGetPointer
    lpc177x_8x_gpio.o(i.FIO_ClearInt) refers to lpc177x_8x_gpio.o(i.GPIO_ClearInt) for GPIO_ClearInt
    lpc177x_8x_gpio.o(i.FIO_ClearValue) refers to lpc177x_8x_gpio.o(i.GPIO_ClearValue) for GPIO_ClearValue
    lpc177x_8x_gpio.o(i.FIO_GetIntStatus) refers to lpc177x_8x_gpio.o(i.GPIO_GetIntStatus) for GPIO_GetIntStatus
    lpc177x_8x_gpio.o(i.FIO_HalfWordClearValue) refers to lpc177x_8x_gpio.o(i.FIO_HalfWordGetPointer) for FIO_HalfWordGetPointer
    lpc177x_8x_gpio.o(i.FIO_HalfWordReadValue) refers to lpc177x_8x_gpio.o(i.FIO_HalfWordGetPointer) for FIO_HalfWordGetPointer
    lpc177x_8x_gpio.o(i.FIO_HalfWordSetDir) refers to lpc177x_8x_gpio.o(i.FIO_HalfWordGetPointer) for FIO_HalfWordGetPointer
    lpc177x_8x_gpio.o(i.FIO_HalfWordSetMask) refers to lpc177x_8x_gpio.o(i.FIO_HalfWordGetPointer) for FIO_HalfWordGetPointer
    lpc177x_8x_gpio.o(i.FIO_HalfWordSetValue) refers to lpc177x_8x_gpio.o(i.FIO_HalfWordGetPointer) for FIO_HalfWordGetPointer
    lpc177x_8x_gpio.o(i.FIO_IntCmd) refers to lpc177x_8x_gpio.o(i.GPIO_IntCmd) for GPIO_IntCmd
    lpc177x_8x_gpio.o(i.FIO_ReadValue) refers to lpc177x_8x_gpio.o(i.GPIO_ReadValue) for GPIO_ReadValue
    lpc177x_8x_gpio.o(i.FIO_SetDir) refers to lpc177x_8x_gpio.o(i.GPIO_SetDir) for GPIO_SetDir
    lpc177x_8x_gpio.o(i.FIO_SetMask) refers to lpc177x_8x_gpio.o(i.GPIO_GetPointer) for GPIO_GetPointer
    lpc177x_8x_gpio.o(i.FIO_SetValue) refers to lpc177x_8x_gpio.o(i.GPIO_SetValue) for GPIO_SetValue
    lpc177x_8x_gpio.o(i.GPIO_ClearValue) refers to lpc177x_8x_gpio.o(i.GPIO_GetPointer) for GPIO_GetPointer
    lpc177x_8x_gpio.o(i.GPIO_Deinit) refers to lpc177x_8x_clkpwr.o(i.CLKPWR_ConfigPPWR) for CLKPWR_ConfigPPWR
    lpc177x_8x_gpio.o(i.GPIO_Init) refers to lpc177x_8x_clkpwr.o(i.CLKPWR_ConfigPPWR) for CLKPWR_ConfigPPWR
    lpc177x_8x_gpio.o(i.GPIO_OutputValue) refers to lpc177x_8x_gpio.o(i.GPIO_ClearValue) for GPIO_ClearValue
    lpc177x_8x_gpio.o(i.GPIO_OutputValue) refers to lpc177x_8x_gpio.o(i.GPIO_SetValue) for GPIO_SetValue
    lpc177x_8x_gpio.o(i.GPIO_ReadValue) refers to lpc177x_8x_gpio.o(i.GPIO_GetPointer) for GPIO_GetPointer
    lpc177x_8x_gpio.o(i.GPIO_SetDir) refers to lpc177x_8x_gpio.o(i.GPIO_GetPointer) for GPIO_GetPointer
    lpc177x_8x_gpio.o(i.GPIO_SetValue) refers to lpc177x_8x_gpio.o(i.GPIO_GetPointer) for GPIO_GetPointer
    lpc177x_8x_pinsel.o(i.PINSEL_ConfigPin) refers to lpc177x_8x_pinsel.o(i.PINSEL_GetPinType) for PINSEL_GetPinType
    lpc177x_8x_pinsel.o(i.PINSEL_ConfigPin) refers to lpc177x_8x_pinsel.o(i.PIN_GetPointer) for PIN_GetPointer
    lpc177x_8x_pinsel.o(i.PINSEL_DacEnable) refers to lpc177x_8x_pinsel.o(i.PINSEL_GetPinType) for PINSEL_GetPinType
    lpc177x_8x_pinsel.o(i.PINSEL_DacEnable) refers to lpc177x_8x_pinsel.o(i.PIN_GetPointer) for PIN_GetPointer
    lpc177x_8x_pinsel.o(i.PINSEL_SetAnalogPinMode) refers to lpc177x_8x_pinsel.o(i.PINSEL_GetPinType) for PINSEL_GetPinType
    lpc177x_8x_pinsel.o(i.PINSEL_SetAnalogPinMode) refers to lpc177x_8x_pinsel.o(i.PIN_GetPointer) for PIN_GetPointer
    lpc177x_8x_pinsel.o(i.PINSEL_SetFilter) refers to lpc177x_8x_pinsel.o(i.PINSEL_GetPinType) for PINSEL_GetPinType
    lpc177x_8x_pinsel.o(i.PINSEL_SetFilter) refers to lpc177x_8x_pinsel.o(i.PIN_GetPointer) for PIN_GetPointer
    lpc177x_8x_pinsel.o(i.PINSEL_SetHysMode) refers to lpc177x_8x_pinsel.o(i.PINSEL_GetPinType) for PINSEL_GetPinType
    lpc177x_8x_pinsel.o(i.PINSEL_SetHysMode) refers to lpc177x_8x_pinsel.o(i.PIN_GetPointer) for PIN_GetPointer
    lpc177x_8x_pinsel.o(i.PINSEL_SetI2CFilter) refers to lpc177x_8x_pinsel.o(i.PINSEL_GetPinType) for PINSEL_GetPinType
    lpc177x_8x_pinsel.o(i.PINSEL_SetI2CFilter) refers to lpc177x_8x_pinsel.o(i.PIN_GetPointer) for PIN_GetPointer
    lpc177x_8x_pinsel.o(i.PINSEL_SetI2CMode) refers to lpc177x_8x_pinsel.o(i.PINSEL_GetPinType) for PINSEL_GetPinType
    lpc177x_8x_pinsel.o(i.PINSEL_SetI2CMode) refers to lpc177x_8x_pinsel.o(i.PIN_GetPointer) for PIN_GetPointer
    lpc177x_8x_pinsel.o(i.PINSEL_SetI2CMode) refers to lpc177x_8x_pinsel.o(i.PINSEL_SetI2CFilter) for PINSEL_SetI2CFilter
    lpc177x_8x_pinsel.o(i.PINSEL_SetInvertInput) refers to lpc177x_8x_pinsel.o(i.PINSEL_GetPinType) for PINSEL_GetPinType
    lpc177x_8x_pinsel.o(i.PINSEL_SetInvertInput) refers to lpc177x_8x_pinsel.o(i.PIN_GetPointer) for PIN_GetPointer
    lpc177x_8x_pinsel.o(i.PINSEL_SetOpenDrainMode) refers to lpc177x_8x_pinsel.o(i.PINSEL_GetPinType) for PINSEL_GetPinType
    lpc177x_8x_pinsel.o(i.PINSEL_SetOpenDrainMode) refers to lpc177x_8x_pinsel.o(i.PIN_GetPointer) for PIN_GetPointer
    lpc177x_8x_pinsel.o(i.PINSEL_SetPinMode) refers to lpc177x_8x_pinsel.o(i.PINSEL_GetPinType) for PINSEL_GetPinType
    lpc177x_8x_pinsel.o(i.PINSEL_SetPinMode) refers to lpc177x_8x_pinsel.o(i.PIN_GetPointer) for PIN_GetPointer
    lpc177x_8x_pinsel.o(i.PINSEL_SetSlewMode) refers to lpc177x_8x_pinsel.o(i.PINSEL_GetPinType) for PINSEL_GetPinType
    lpc177x_8x_pinsel.o(i.PINSEL_SetSlewMode) refers to lpc177x_8x_pinsel.o(i.PIN_GetPointer) for PIN_GetPointer
    lpc177x_8x_uart.o(i.UART_ABClearIntPending) refers to lpc177x_8x_uart.o(i.uart_get_pointer) for uart_get_pointer
    lpc177x_8x_uart.o(i.UART_ABCmd) refers to lpc177x_8x_uart.o(i.uart_get_pointer) for uart_get_pointer
    lpc177x_8x_uart.o(i.UART_DeInit) refers to lpc177x_8x_uart.o(i.UART_TxCmd) for UART_TxCmd
    lpc177x_8x_uart.o(i.UART_DeInit) refers to lpc177x_8x_clkpwr.o(i.CLKPWR_ConfigPPWR) for CLKPWR_ConfigPPWR
    lpc177x_8x_uart.o(i.UART_Init) refers to lpc177x_8x_uart.o(i.uart_get_pointer) for uart_get_pointer
    lpc177x_8x_uart.o(i.UART_Init) refers to lpc177x_8x_clkpwr.o(i.CLKPWR_ConfigPPWR) for CLKPWR_ConfigPPWR
    lpc177x_8x_uart.o(i.UART_Init) refers to lpc177x_8x_uart.o(i.uart_set_divisors) for uart_set_divisors
    lpc177x_8x_uart.o(i.UART_RS485Config) refers to lpc177x_8x_uart.o(i.uart_get_pointer) for uart_get_pointer
    lpc177x_8x_uart.o(i.UART_RS485ReceiverCmd) refers to lpc177x_8x_uart.o(i.uart_get_pointer) for uart_get_pointer
    lpc177x_8x_uart.o(i.UART_RS485Send) refers to lpc177x_8x_uart.o(i.uart_get_pointer) for uart_get_pointer
    lpc177x_8x_uart.o(i.UART_RS485Send) refers to lpc177x_8x_uart.o(i.UART_Send) for UART_Send
    lpc177x_8x_uart.o(i.UART_RS485SendData) refers to lpc177x_8x_uart.o(i.UART_RS485Send) for UART_RS485Send
    lpc177x_8x_uart.o(i.UART_RS485SendSlvAddr) refers to lpc177x_8x_uart.o(i.UART_RS485Send) for UART_RS485Send
    lpc177x_8x_uart.o(i.UART_Receive) refers to lpc177x_8x_uart.o(i.UART_ReceiveByte) for UART_ReceiveByte
    lpc177x_8x_uart.o(i.UART_Send) refers to lpc177x_8x_uart.o(i.UART_SendByte) for UART_SendByte
    lpc177x_8x_uart.o(i.UART_TxCmd) refers to lpc177x_8x_uart.o(i.uart_get_pointer) for uart_get_pointer
    lpc177x_8x_uart.o(i.uart_set_divisors) refers to lpc177x_8x_clkpwr.o(i.CLKPWR_GetCLK) for CLKPWR_GetCLK
    lpc177x_8x_uart.o(i.uart_set_divisors) refers to llshl.o(.text) for __aeabi_llsl
    lpc177x_8x_uart.o(i.uart_set_divisors) refers to uldiv.o(.text) for __aeabi_uldivmod
    lpc177x_8x_uart.o(i.uart_set_divisors) refers to llushr.o(.text) for __aeabi_llsr
    lpc177x_8x_uart.o(i.uart_set_divisors) refers to lpc177x_8x_uart.o(i.uart_get_pointer) for uart_get_pointer
    lpc177x_8x_timer.o(i.TIM_DeInit) refers to lpc177x_8x_clkpwr.o(i.CLKPWR_ConfigPPWR) for CLKPWR_ConfigPPWR
    lpc177x_8x_timer.o(i.TIM_Init) refers to lpc177x_8x_clkpwr.o(i.CLKPWR_ConfigPPWR) for CLKPWR_ConfigPPWR
    lpc177x_8x_timer.o(i.TIM_Init) refers to lpc177x_8x_timer.o(i.converPtrToTimeNum) for converPtrToTimeNum
    lpc177x_8x_timer.o(i.TIM_Init) refers to lpc177x_8x_timer.o(i.converUSecToVal) for converUSecToVal
    lpc177x_8x_timer.o(i.TIM_Waitms) refers to lpc177x_8x_timer.o(i.TIM_Waitus) for TIM_Waitus
    lpc177x_8x_timer.o(i.TIM_Waitus) refers to lpc177x_8x_timer.o(i.TIM_ConfigMatch) for TIM_ConfigMatch
    lpc177x_8x_timer.o(i.TIM_Waitus) refers to lpc177x_8x_timer.o(i.TIM_Cmd) for TIM_Cmd
    lpc177x_8x_timer.o(i.TIM_Waitus) refers to lpc177x_8x_timer.o(i.TIM_ResetCounter) for TIM_ResetCounter
    lpc177x_8x_timer.o(i.converUSecToVal) refers to lpc177x_8x_timer.o(i.getPClock) for getPClock
    lpc177x_8x_timer.o(i.converUSecToVal) refers to uldiv.o(.text) for __aeabi_uldivmod
    lpc177x_8x_timer.o(i.getPClock) refers to lpc177x_8x_clkpwr.o(i.CLKPWR_GetCLK) for CLKPWR_GetCLK
    system_lpc177x_8x.o(i.SystemCoreClockUpdate) refers to system_lpc177x_8x.o(.data) for SystemCoreClock
    system_lpc177x_8x.o(i.SystemInit) refers to system_lpc177x_8x.o(i.SystemCoreClockUpdate) for SystemCoreClockUpdate
    startup_lpc177x_8x.o(RESET) refers to startup_lpc177x_8x.o(STACK) for __initial_sp
    startup_lpc177x_8x.o(RESET) refers to startup_lpc177x_8x.o(.text) for Reset_Handler
    startup_lpc177x_8x.o(.text) refers to system_lpc177x_8x.o(i.SystemInit) for SystemInit
    startup_lpc177x_8x.o(.text) refers to entry.o(.ARM.Collect$$$$00000000) for __main
    entry.o(.ARM.Collect$$$$00000000) refers (Special) to entry7.o(.ARM.Collect$$$$00000007) for _main_init
    entry.o(.ARM.Collect$$$$00000000) refers (Special) to entry5.o(.ARM.Collect$$$$00000004) for _main_scatterload
    entry.o(.ARM.Collect$$$$00000000) refers (Special) to entry2.o(.ARM.Collect$$$$00000001) for _main_stk
    uldiv.o(.text) refers to llushr.o(.text) for __aeabi_llsr
    uldiv.o(.text) refers to llshl.o(.text) for __aeabi_llsl
    entry2.o(.ARM.Collect$$$$00000001) refers to entry2.o(.ARM.Collect$$$$00002712) for __lit__00000000
    entry2.o(.ARM.Collect$$$$00002712) refers to startup_lpc177x_8x.o(STACK) for __initial_sp
    entry2.o(__vectab_stack_and_reset_area) refers to startup_lpc177x_8x.o(STACK) for __initial_sp
    entry2.o(__vectab_stack_and_reset_area) refers to entry.o(.ARM.Collect$$$$00000000) for __main
    entry5.o(.ARM.Collect$$$$00000004) refers to init.o(.text) for __scatterload
    entry7.o(.ARM.Collect$$$$00000007) refers to main.o(i.main) for main
    init.o(.text) refers to entry5.o(.ARM.Collect$$$$00000004) for __main_after_scatterload


==============================================================================

Removing Unused input sections from the image.

    Removing main.o(.emb_text), (8 bytes).
    Removing emc_nand.o(.emb_text), (8 bytes).
    Removing emc_nand.o(i.EMC_NAND_ReadSpareArea), (184 bytes).
    Removing emc_nand.o(i.EMC_NAND_Reset), (20 bytes).
    Removing emc_nand.o(i.EMC_NAND_WriteSpareArea), (196 bytes).
    Removing debug_frmwrk.o(.emb_text), (8 bytes).
    Removing lpc177x_8x_clkpwr.o(.emb_text), (8 bytes).
    Removing lpc177x_8x_clkpwr.o(i.CLKPWR_DeepPowerDown), (28 bytes).
    Removing lpc177x_8x_clkpwr.o(i.CLKPWR_DeepSleep), (28 bytes).
    Removing lpc177x_8x_clkpwr.o(i.CLKPWR_PowerDown), (28 bytes).
    Removing lpc177x_8x_clkpwr.o(i.CLKPWR_Sleep), (16 bytes).
    Removing lpc177x_8x_clkpwr.o(.data), (4 bytes).
    Removing lpc177x_8x_emc.o(.emb_text), (8 bytes).
    Removing lpc177x_8x_emc.o(i.DynMem_Init), (604 bytes).
    Removing lpc177x_8x_emc.o(i.EMC_ConfigEndianMode), (40 bytes).
    Removing lpc177x_8x_emc.o(i.EMC_DynCtrlClockControl), (40 bytes).
    Removing lpc177x_8x_emc.o(i.EMC_DynCtrlClockEnable), (40 bytes).
    Removing lpc177x_8x_emc.o(i.EMC_DynCtrlMMC), (40 bytes).
    Removing lpc177x_8x_emc.o(i.EMC_DynCtrlPowerDownMode), (40 bytes).
    Removing lpc177x_8x_emc.o(i.EMC_DynCtrlSDRAMInit), (40 bytes).
    Removing lpc177x_8x_emc.o(i.EMC_DynCtrlSelfRefresh), (32 bytes).
    Removing lpc177x_8x_emc.o(i.EMC_DynMemCAS), (200 bytes).
    Removing lpc177x_8x_emc.o(i.EMC_DynMemConfigAM), (764 bytes).
    Removing lpc177x_8x_emc.o(i.EMC_DynMemConfigB), (184 bytes).
    Removing lpc177x_8x_emc.o(i.EMC_DynMemConfigMD), (184 bytes).
    Removing lpc177x_8x_emc.o(i.EMC_DynMemConfigP), (184 bytes).
    Removing lpc177x_8x_emc.o(i.EMC_DynMemRAS), (184 bytes).
    Removing lpc177x_8x_emc.o(i.EMC_Init), (336 bytes).
    Removing lpc177x_8x_emc.o(i.EMC_NS2CLK), (44 bytes).
    Removing lpc177x_8x_emc.o(i.EMC_SDRAM_REFRESH), (44 bytes).
    Removing lpc177x_8x_emc.o(i.EMC_SetDynMemoryParameter), (168 bytes).
    Removing lpc177x_8x_emc.o(i.EMC_StaMemConfigB), (184 bytes).
    Removing lpc177x_8x_emc.o(i.EMC_StaMemConfigPC), (184 bytes).
    Removing lpc177x_8x_emc.o(i.EMC_StaMemConfigpP), (184 bytes).
    Removing lpc177x_8x_emc.o(i.EMC_StaticExtendedWait), (20 bytes).
    Removing lpc177x_8x_gpio.o(.emb_text), (8 bytes).
    Removing lpc177x_8x_gpio.o(i.FIO_ByteClearValue), (34 bytes).
    Removing lpc177x_8x_gpio.o(i.FIO_ByteGetPointer), (76 bytes).
    Removing lpc177x_8x_gpio.o(i.FIO_ByteReadValue), (32 bytes).
    Removing lpc177x_8x_gpio.o(i.FIO_ByteSetDir), (54 bytes).
    Removing lpc177x_8x_gpio.o(i.FIO_ByteSetMask), (70 bytes).
    Removing lpc177x_8x_gpio.o(i.FIO_ByteSetValue), (34 bytes).
    Removing lpc177x_8x_gpio.o(i.FIO_ClearInt), (16 bytes).
    Removing lpc177x_8x_gpio.o(i.FIO_ClearValue), (16 bytes).
    Removing lpc177x_8x_gpio.o(i.FIO_GetIntStatus), (20 bytes).
    Removing lpc177x_8x_gpio.o(i.FIO_HalfWordClearValue), (32 bytes).
    Removing lpc177x_8x_gpio.o(i.FIO_HalfWordGetPointer), (76 bytes).
    Removing lpc177x_8x_gpio.o(i.FIO_HalfWordReadValue), (30 bytes).
    Removing lpc177x_8x_gpio.o(i.FIO_HalfWordSetDir), (70 bytes).
    Removing lpc177x_8x_gpio.o(i.FIO_HalfWordSetMask), (70 bytes).
    Removing lpc177x_8x_gpio.o(i.FIO_HalfWordSetValue), (32 bytes).
    Removing lpc177x_8x_gpio.o(i.FIO_IntCmd), (20 bytes).
    Removing lpc177x_8x_gpio.o(i.FIO_ReadValue), (12 bytes).
    Removing lpc177x_8x_gpio.o(i.FIO_SetDir), (20 bytes).
    Removing lpc177x_8x_gpio.o(i.FIO_SetMask), (44 bytes).
    Removing lpc177x_8x_gpio.o(i.FIO_SetValue), (16 bytes).
    Removing lpc177x_8x_gpio.o(i.GPIO_ClearInt), (32 bytes).
    Removing lpc177x_8x_gpio.o(i.GPIO_ClearValue), (20 bytes).
    Removing lpc177x_8x_gpio.o(i.GPIO_Deinit), (14 bytes).
    Removing lpc177x_8x_gpio.o(i.GPIO_GetIntStatus), (104 bytes).
    Removing lpc177x_8x_gpio.o(i.GPIO_Init), (12 bytes).
    Removing lpc177x_8x_gpio.o(i.GPIO_IntCmd), (72 bytes).
    Removing lpc177x_8x_gpio.o(i.GPIO_OutputValue), (30 bytes).
    Removing lpc177x_8x_gpio.o(i.GPIO_ReadValue), (22 bytes).
    Removing lpc177x_8x_gpio.o(i.GPIO_SetValue), (20 bytes).
    Removing lpc177x_8x_pinsel.o(.emb_text), (8 bytes).
    Removing lpc177x_8x_pinsel.o(i.PINSEL_DacEnable), (88 bytes).
    Removing lpc177x_8x_pinsel.o(i.PINSEL_SetAnalogPinMode), (84 bytes).
    Removing lpc177x_8x_pinsel.o(i.PINSEL_SetFilter), (88 bytes).
    Removing lpc177x_8x_pinsel.o(i.PINSEL_SetHysMode), (84 bytes).
    Removing lpc177x_8x_pinsel.o(i.PINSEL_SetI2CFilter), (84 bytes).
    Removing lpc177x_8x_pinsel.o(i.PINSEL_SetI2CMode), (144 bytes).
    Removing lpc177x_8x_pinsel.o(i.PINSEL_SetInvertInput), (84 bytes).
    Removing lpc177x_8x_pinsel.o(i.PINSEL_SetOpenDrainMode), (88 bytes).
    Removing lpc177x_8x_pinsel.o(i.PINSEL_SetPinMode), (96 bytes).
    Removing lpc177x_8x_pinsel.o(i.PINSEL_SetSlewMode), (84 bytes).
    Removing lpc177x_8x_uart.o(.emb_text), (8 bytes).
    Removing lpc177x_8x_uart.o(i.UART_ABClearIntPending), (72 bytes).
    Removing lpc177x_8x_uart.o(i.UART_ABCmd), (240 bytes).
    Removing lpc177x_8x_uart.o(i.UART_CheckBusy), (108 bytes).
    Removing lpc177x_8x_uart.o(i.UART_DeInit), (84 bytes).
    Removing lpc177x_8x_uart.o(i.UART_FIFOConfig), (176 bytes).
    Removing lpc177x_8x_uart.o(i.UART_FIFOConfigStructInit), (18 bytes).
    Removing lpc177x_8x_uart.o(i.UART_ForceBreak), (108 bytes).
    Removing lpc177x_8x_uart.o(i.UART_FullModemConfigMode), (92 bytes).
    Removing lpc177x_8x_uart.o(i.UART_FullModemForcePinState), (84 bytes).
    Removing lpc177x_8x_uart.o(i.UART_FullModemGetStatus), (20 bytes).
    Removing lpc177x_8x_uart.o(i.UART_GetIntId), (100 bytes).
    Removing lpc177x_8x_uart.o(i.UART_GetLineStatus), (72 bytes).
    Removing lpc177x_8x_uart.o(i.UART_IntConfig), (180 bytes).
    Removing lpc177x_8x_uart.o(i.UART_IrDACmd), (44 bytes).
    Removing lpc177x_8x_uart.o(i.UART_IrDAInvtInputCmd), (48 bytes).
    Removing lpc177x_8x_uart.o(i.UART_IrDAPulseDivConfig), (48 bytes).
    Removing lpc177x_8x_uart.o(i.UART_RS485Config), (188 bytes).
    Removing lpc177x_8x_uart.o(i.UART_RS485ReceiverCmd), (72 bytes).
    Removing lpc177x_8x_uart.o(i.UART_RS485Send), (148 bytes).
    Removing lpc177x_8x_uart.o(i.UART_RS485SendData), (24 bytes).
    Removing lpc177x_8x_uart.o(i.UART_RS485SendSlvAddr), (20 bytes).
    Removing lpc177x_8x_timer.o(.emb_text), (8 bytes).
    Removing lpc177x_8x_timer.o(i.TIM_ClearIntCapturePending), (16 bytes).
    Removing lpc177x_8x_timer.o(i.TIM_ClearIntPending), (12 bytes).
    Removing lpc177x_8x_timer.o(i.TIM_ConfigCapture), (112 bytes).
    Removing lpc177x_8x_timer.o(i.TIM_ConfigStructInit), (26 bytes).
    Removing lpc177x_8x_timer.o(i.TIM_DeInit), (92 bytes).
    Removing lpc177x_8x_timer.o(i.TIM_GetCaptureValue), (12 bytes).
    Removing lpc177x_8x_timer.o(i.TIM_GetIntCaptureStatus), (34 bytes).
    Removing lpc177x_8x_timer.o(i.TIM_GetIntStatus), (30 bytes).
    Removing lpc177x_8x_timer.o(i.TIM_UpdateMatchValue), (40 bytes).
    Removing system_lpc177x_8x.o(.emb_text), (8 bytes).
    Removing startup_lpc177x_8x.o(HEAP), (0 bytes).

110 unused section(s) (total 8668 bytes) removed from the image.

==============================================================================

Image Symbol Table

    Local Symbols

    Symbol Name                              Value     Ov Type        Size  Object(Section)

    RESET                                    0x00000000   Section      228  startup_lpc177x_8x.o(RESET)
    ../../microlib/division.c                0x00000000   Number         0  uldiv.o ABSOLUTE
    ../../microlib/init/entry.s              0x00000000   Number         0  entry.o ABSOLUTE
    ../../microlib/init/entry.s              0x00000000   Number         0  entry7.o ABSOLUTE
    ../../microlib/init/entry.s              0x00000000   Number         0  entry5.o ABSOLUTE
    ../../microlib/init/entry.s              0x00000000   Number         0  entry2.o ABSOLUTE
    ../../microlib/longlong.c                0x00000000   Number         0  llushr.o ABSOLUTE
    ../../microlib/longlong.c                0x00000000   Number         0  llshl.o ABSOLUTE
    ../../microlib/string/memcmp.c           0x00000000   Number         0  memcmp.o ABSOLUTE
    ../../microlib/string/memset.c           0x00000000   Number         0  memseta.o ABSOLUTE
    ..\..\Common\lpc177x.lpc178x.cmsis.driver.library_2012.8.13\Core\Device\NXP\LPC177x_8x\Source\Templates\ARM\startup_LPC177x_8x.s 0x00000000   Number         0  startup_lpc177x_8x.o ABSOLUTE
    ..\..\Common\lpc177x.lpc178x.cmsis.driver.library_2012.8.13\Core\Device\NXP\LPC177x_8x\Source\Templates\system_LPC177x_8x.c 0x00000000   Number         0  system_lpc177x_8x.o ABSOLUTE
    ..\..\Common\lpc177x.lpc178x.cmsis.driver.library_2012.8.13\Drivers\source\debug_frmwrk.c 0x00000000   Number         0  debug_frmwrk.o ABSOLUTE
    ..\..\Common\lpc177x.lpc178x.cmsis.driver.library_2012.8.13\Drivers\source\lpc177x_8x_clkpwr.c 0x00000000   Number         0  lpc177x_8x_clkpwr.o ABSOLUTE
    ..\..\Common\lpc177x.lpc178x.cmsis.driver.library_2012.8.13\Drivers\source\lpc177x_8x_emc.c 0x00000000   Number         0  lpc177x_8x_emc.o ABSOLUTE
    ..\..\Common\lpc177x.lpc178x.cmsis.driver.library_2012.8.13\Drivers\source\lpc177x_8x_gpio.c 0x00000000   Number         0  lpc177x_8x_gpio.o ABSOLUTE
    ..\..\Common\lpc177x.lpc178x.cmsis.driver.library_2012.8.13\Drivers\source\lpc177x_8x_pinsel.c 0x00000000   Number         0  lpc177x_8x_pinsel.o ABSOLUTE
    ..\..\Common\lpc177x.lpc178x.cmsis.driver.library_2012.8.13\Drivers\source\lpc177x_8x_timer.c 0x00000000   Number         0  lpc177x_8x_timer.o ABSOLUTE
    ..\..\Common\lpc177x.lpc178x.cmsis.driver.library_2012.8.13\Drivers\source\lpc177x_8x_uart.c 0x00000000   Number         0  lpc177x_8x_uart.o ABSOLUTE
    ..\USER\EMC_NAND\emc_nand.c              0x00000000   Number         0  emc_nand.o ABSOLUTE
    ..\USER\main.c                           0x00000000   Number         0  main.o ABSOLUTE
    ..\\..\\Common\\lpc177x.lpc178x.cmsis.driver.library_2012.8.13\\Core\\Device\\NXP\\LPC177x_8x\\Source\\Templates\\system_LPC177x_8x.c 0x00000000   Number         0  system_lpc177x_8x.o ABSOLUTE
    ..\\..\\Common\\lpc177x.lpc178x.cmsis.driver.library_2012.8.13\\Drivers\\source\\debug_frmwrk.c 0x00000000   Number         0  debug_frmwrk.o ABSOLUTE
    ..\\..\\Common\\lpc177x.lpc178x.cmsis.driver.library_2012.8.13\\Drivers\\source\\lpc177x_8x_clkpwr.c 0x00000000   Number         0  lpc177x_8x_clkpwr.o ABSOLUTE
    ..\\..\\Common\\lpc177x.lpc178x.cmsis.driver.library_2012.8.13\\Drivers\\source\\lpc177x_8x_emc.c 0x00000000   Number         0  lpc177x_8x_emc.o ABSOLUTE
    ..\\..\\Common\\lpc177x.lpc178x.cmsis.driver.library_2012.8.13\\Drivers\\source\\lpc177x_8x_gpio.c 0x00000000   Number         0  lpc177x_8x_gpio.o ABSOLUTE
    ..\\..\\Common\\lpc177x.lpc178x.cmsis.driver.library_2012.8.13\\Drivers\\source\\lpc177x_8x_pinsel.c 0x00000000   Number         0  lpc177x_8x_pinsel.o ABSOLUTE
    ..\\..\\Common\\lpc177x.lpc178x.cmsis.driver.library_2012.8.13\\Drivers\\source\\lpc177x_8x_timer.c 0x00000000   Number         0  lpc177x_8x_timer.o ABSOLUTE
    ..\\..\\Common\\lpc177x.lpc178x.cmsis.driver.library_2012.8.13\\Drivers\\source\\lpc177x_8x_uart.c 0x00000000   Number         0  lpc177x_8x_uart.o ABSOLUTE
    ..\\USER\\EMC_NAND\\emc_nand.c           0x00000000   Number         0  emc_nand.o ABSOLUTE
    ..\\USER\\main.c                         0x00000000   Number         0  main.o ABSOLUTE
    dc.s                                     0x00000000   Number         0  dc.o ABSOLUTE
    handlers.s                               0x00000000   Number         0  handlers.o ABSOLUTE
    init.s                                   0x00000000   Number         0  init.o ABSOLUTE
    .ARM.Collect$$$$00000000                 0x000000e4   Section        0  entry.o(.ARM.Collect$$$$00000000)
    .ARM.Collect$$$$00000001                 0x000000e4   Section        4  entry2.o(.ARM.Collect$$$$00000001)
    .ARM.Collect$$$$00000004                 0x000000e8   Section        4  entry5.o(.ARM.Collect$$$$00000004)
    .ARM.Collect$$$$00000007                 0x000000ec   Section        8  entry7.o(.ARM.Collect$$$$00000007)
    .ARM.Collect$$$$00002712                 0x000000f4   Section        4  entry2.o(.ARM.Collect$$$$00002712)
    __lit__00000000                          0x000000f4   Data           4  entry2.o(.ARM.Collect$$$$00002712)
    .text                                    0x000000f8   Section       36  startup_lpc177x_8x.o(.text)
    .text                                    0x0000011c   Section        0  uldiv.o(.text)
    .text                                    0x0000017e   Section        0  llshl.o(.text)
    .text                                    0x0000019c   Section        0  llushr.o(.text)
    .text                                    0x000001bc   Section        0  memseta.o(.text)
    .text                                    0x000001e2   Section        0  memcmp.o(.text)
    .text                                    0x000001fc   Section       36  init.o(.text)
    i.CLKPWR_ConfigPPWR                      0x00000220   Section        0  lpc177x_8x_clkpwr.o(i.CLKPWR_ConfigPPWR)
    i.CLKPWR_GetCLK                          0x00000250   Section        0  lpc177x_8x_clkpwr.o(i.CLKPWR_GetCLK)
    i.EMC_NAND_AddressIncrement              0x00000290   Section        0  emc_nand.o(i.EMC_NAND_AddressIncrement)
    i.NandFlash_WaitForReady                 0x000002d4   Section        0  emc_nand.o(i.NandFlash_WaitForReady)
    i.TIM_ResetCounter                       0x000002ea   Section        0  lpc177x_8x_timer.o(i.TIM_ResetCounter)
    .ARM.__at_0x02FC                         0x000002fc   Section        4  startup_lpc177x_8x.o(.ARM.__at_0x02FC)
    i.CLKPWR_SetCLKDiv                       0x00000300   Section        0  lpc177x_8x_clkpwr.o(i.CLKPWR_SetCLKDiv)
    i.EMC_NAND_EraseBlock                    0x000003b0   Section        0  emc_nand.o(i.EMC_NAND_EraseBlock)
    i.EMC_NAND_GetStatus                     0x00000408   Section        0  emc_nand.o(i.EMC_NAND_GetStatus)
    i.EMC_NAND_Init                          0x00000436   Section        0  emc_nand.o(i.EMC_NAND_Init)
    i.EMC_NAND_ReadID                        0x000004c0   Section        0  emc_nand.o(i.EMC_NAND_ReadID)
    i.EMC_NAND_ReadSmallPage                 0x000004fc   Section        0  emc_nand.o(i.EMC_NAND_ReadSmallPage)
    i.EMC_NAND_ReadStatus                    0x000005b0   Section        0  emc_nand.o(i.EMC_NAND_ReadStatus)
    i.EMC_NAND_Test                          0x000005e8   Section        0  emc_nand.o(i.EMC_NAND_Test)
    i.EMC_NAND_WriteSmallPage                0x00000848   Section        0  emc_nand.o(i.EMC_NAND_WriteSmallPage)
    i.EMC_PwrOn                              0x00000908   Section        0  lpc177x_8x_emc.o(i.EMC_PwrOn)
    i.EMC_SetStaMemoryParameter              0x00000948   Section        0  lpc177x_8x_emc.o(i.EMC_SetStaMemoryParameter)
    i.EMC_StaMemConfigEW                     0x00000b0c   Section        0  lpc177x_8x_emc.o(i.EMC_StaMemConfigEW)
    i.EMC_StaMemConfigMW                     0x00000bc4   Section        0  lpc177x_8x_emc.o(i.EMC_StaMemConfigMW)
    i.EMC_StaMemConfigPB                     0x00000c9c   Section        0  lpc177x_8x_emc.o(i.EMC_StaMemConfigPB)
    i.EMC_StaMemConfigPM                     0x00000d54   Section        0  lpc177x_8x_emc.o(i.EMC_StaMemConfigPM)
    i.GPIO_GetPointer                        0x00000e0c   Section        0  lpc177x_8x_gpio.o(i.GPIO_GetPointer)
    GPIO_GetPointer                          0x00000e0d   Thumb Code    50  lpc177x_8x_gpio.o(i.GPIO_GetPointer)
    i.GPIO_SetDir                            0x00000e58   Section        0  lpc177x_8x_gpio.o(i.GPIO_SetDir)
    i.PINSEL_ConfigPin                       0x00000e84   Section        0  lpc177x_8x_pinsel.o(i.PINSEL_ConfigPin)
    i.PINSEL_GetPinType                      0x00000ed0   Section        0  lpc177x_8x_pinsel.o(i.PINSEL_GetPinType)
    i.PIN_GetPointer                         0x00000f8c   Section        0  lpc177x_8x_pinsel.o(i.PIN_GetPointer)
    PIN_GetPointer                           0x00000f8d   Thumb Code    20  lpc177x_8x_pinsel.o(i.PIN_GetPointer)
    i.StaticMem_Init                         0x00000fa4   Section        0  lpc177x_8x_emc.o(i.StaticMem_Init)
    i.SystemCoreClockUpdate                  0x000010e0   Section        0  system_lpc177x_8x.o(i.SystemCoreClockUpdate)
    i.SystemInit                             0x000013e4   Section        0  system_lpc177x_8x.o(i.SystemInit)
    i.TIM_Cmd                                0x000014f0   Section        0  lpc177x_8x_timer.o(i.TIM_Cmd)
    i.TIM_ConfigMatch                        0x00001508   Section        0  lpc177x_8x_timer.o(i.TIM_ConfigMatch)
    i.TIM_Init                               0x000015e0   Section        0  lpc177x_8x_timer.o(i.TIM_Init)
    i.TIM_Waitms                             0x000016a8   Section        0  lpc177x_8x_timer.o(i.TIM_Waitms)
    i.TIM_Waitus                             0x000016ba   Section        0  lpc177x_8x_timer.o(i.TIM_Waitus)
    i.UARTGetChar                            0x00001716   Section        0  debug_frmwrk.o(i.UARTGetChar)
    i.UARTGetCharInNonBlock                  0x00001734   Section        0  debug_frmwrk.o(i.UARTGetCharInNonBlock)
    i.UARTGetValue                           0x00001758   Section        0  debug_frmwrk.o(i.UARTGetValue)
    i.UARTPutChar                            0x00001928   Section        0  debug_frmwrk.o(i.UARTPutChar)
    i.UARTPutDec                             0x0000193c   Section        0  debug_frmwrk.o(i.UARTPutDec)
    i.UARTPutDec16                           0x000019a4   Section        0  debug_frmwrk.o(i.UARTPutDec16)
    i.UARTPutDec32                           0x00001a4c   Section        0  debug_frmwrk.o(i.UARTPutDec32)
    i.UARTPutHex                             0x00001ba0   Section        0  debug_frmwrk.o(i.UARTPutHex)
    i.UARTPutHex16                           0x00001bec   Section        0  debug_frmwrk.o(i.UARTPutHex16)
    i.UARTPutHex16_                          0x00001c38   Section        0  debug_frmwrk.o(i.UARTPutHex16_)
    i.UARTPutHex32                           0x00001c78   Section        0  debug_frmwrk.o(i.UARTPutHex32)
    i.UARTPutHex32_                          0x00001cc4   Section        0  debug_frmwrk.o(i.UARTPutHex32_)
    i.UARTPutHex_                            0x00001d02   Section        0  debug_frmwrk.o(i.UARTPutHex_)
    i.UARTPuts                               0x00001d40   Section        0  debug_frmwrk.o(i.UARTPuts)
    i.UARTPuts_                              0x00001d5c   Section        0  debug_frmwrk.o(i.UARTPuts_)
    i.UART_ConfigStructInit                  0x00001d78   Section        0  lpc177x_8x_uart.o(i.UART_ConfigStructInit)
    i.UART_Init                              0x00001d90   Section        0  lpc177x_8x_uart.o(i.UART_Init)
    i.UART_Receive                           0x00001fc4   Section        0  lpc177x_8x_uart.o(i.UART_Receive)
    i.UART_ReceiveByte                       0x0000208c   Section        0  lpc177x_8x_uart.o(i.UART_ReceiveByte)
    i.UART_Send                              0x000020d4   Section        0  lpc177x_8x_uart.o(i.UART_Send)
    i.UART_SendByte                          0x000021c8   Section        0  lpc177x_8x_uart.o(i.UART_SendByte)
    i.UART_TxCmd                             0x0000220c   Section        0  lpc177x_8x_uart.o(i.UART_TxCmd)
    i.__scatterload_copy                     0x0000229c   Section       14  handlers.o(i.__scatterload_copy)
    i.__scatterload_null                     0x000022aa   Section        2  handlers.o(i.__scatterload_null)
    i.__scatterload_zeroinit                 0x000022ac   Section       14  handlers.o(i.__scatterload_zeroinit)
    i.converPtrToTimeNum                     0x000022bc   Section        0  lpc177x_8x_timer.o(i.converPtrToTimeNum)
    converPtrToTimeNum                       0x000022bd   Thumb Code    54  lpc177x_8x_timer.o(i.converPtrToTimeNum)
    i.converUSecToVal                        0x00002300   Section        0  lpc177x_8x_timer.o(i.converUSecToVal)
    converUSecToVal                          0x00002301   Thumb Code    52  lpc177x_8x_timer.o(i.converUSecToVal)
    i.debug_frmwrk_init                      0x00002338   Section        0  debug_frmwrk.o(i.debug_frmwrk_init)
    i.getPClock                              0x00002438   Section        0  lpc177x_8x_timer.o(i.getPClock)
    getPClock                                0x00002439   Thumb Code    18  lpc177x_8x_timer.o(i.getPClock)
    i.main                                   0x0000244a   Section        0  main.o(i.main)
    i.uart_get_pointer                       0x00002458   Section        0  lpc177x_8x_uart.o(i.uart_get_pointer)
    uart_get_pointer                         0x00002459   Thumb Code    36  lpc177x_8x_uart.o(i.uart_get_pointer)
    i.uart_set_divisors                      0x00002488   Section        0  lpc177x_8x_uart.o(i.uart_set_divisors)
    uart_set_divisors                        0x00002489   Thumb Code   594  lpc177x_8x_uart.o(i.uart_set_divisors)
    .constdata                               0x000026e4   Section       89  debug_frmwrk.o(.constdata)
    .data                                    0x10000000   Section       12  emc_nand.o(.data)
    .data                                    0x1000000c   Section       60  debug_frmwrk.o(.data)
    .data                                    0x10000048   Section       16  system_lpc177x_8x.o(.data)
    .bss                                     0x10000058   Section     4096  emc_nand.o(.bss)
    TxBuffer                                 0x10000058   Data        2048  emc_nand.o(.bss)
    RxBuffer                                 0x10000858   Data        2048  emc_nand.o(.bss)
    STACK                                    0x10001058   Section      512  startup_lpc177x_8x.o(STACK)

    Global Symbols

    Symbol Name                              Value     Ov Type        Size  Object(Section)

    BuildAttributes$$THM_ISAv4$P$D$K$B$S$PE$A:L22UL41UL21$X:L11$S22US41US21$IEEE1$IW$USESV6$~STKCKD$USESV7$~SHL$OSPACE$EBA8$MICROLIB$REQ8$PRES8$EABIv2 0x00000000   Number         0  anon$$obj.o ABSOLUTE
    __ARM_use_no_argv                        0x00000000   Number         0  main.o ABSOLUTE
    __Vectors                                0x00000000   Data           4  startup_lpc177x_8x.o(RESET)
    __decompress                              - Undefined Weak Reference
    __main                                   0x000000e5   Thumb Code     0  entry.o(.ARM.Collect$$$$00000000)
    _main_stk                                0x000000e5   Thumb Code     0  entry2.o(.ARM.Collect$$$$00000001)
    _main_scatterload                        0x000000e9   Thumb Code     0  entry5.o(.ARM.Collect$$$$00000004)
    __main_after_scatterload                 0x000000ed   Thumb Code     0  entry5.o(.ARM.Collect$$$$00000004)
    _main_init                               0x000000ed   Thumb Code     0  entry7.o(.ARM.Collect$$$$00000007)
    Reset_Handler                            0x000000f9   Thumb Code     8  startup_lpc177x_8x.o(.text)
    NMI_Handler                              0x00000101   Thumb Code     2  startup_lpc177x_8x.o(.text)
    HardFault_Handler                        0x00000103   Thumb Code     2  startup_lpc177x_8x.o(.text)
    MemManage_Handler                        0x00000105   Thumb Code     2  startup_lpc177x_8x.o(.text)
    BusFault_Handler                         0x00000107   Thumb Code     2  startup_lpc177x_8x.o(.text)
    UsageFault_Handler                       0x00000109   Thumb Code     2  startup_lpc177x_8x.o(.text)
    SVC_Handler                              0x0000010b   Thumb Code     2  startup_lpc177x_8x.o(.text)
    DebugMon_Handler                         0x0000010d   Thumb Code     2  startup_lpc177x_8x.o(.text)
    PendSV_Handler                           0x0000010f   Thumb Code     2  startup_lpc177x_8x.o(.text)
    SysTick_Handler                          0x00000111   Thumb Code     2  startup_lpc177x_8x.o(.text)
    ADC_IRQHandler                           0x00000113   Thumb Code     0  startup_lpc177x_8x.o(.text)
    BOD_IRQHandler                           0x00000113   Thumb Code     0  startup_lpc177x_8x.o(.text)
    CANActivity_IRQHandler                   0x00000113   Thumb Code     0  startup_lpc177x_8x.o(.text)
    CAN_IRQHandler                           0x00000113   Thumb Code     0  startup_lpc177x_8x.o(.text)
    DMA_IRQHandler                           0x00000113   Thumb Code     0  startup_lpc177x_8x.o(.text)
    EEPROM_IRQHandler                        0x00000113   Thumb Code     0  startup_lpc177x_8x.o(.text)
    EINT0_IRQHandler                         0x00000113   Thumb Code     0  startup_lpc177x_8x.o(.text)
    EINT1_IRQHandler                         0x00000113   Thumb Code     0  startup_lpc177x_8x.o(.text)
    EINT2_IRQHandler                         0x00000113   Thumb Code     0  startup_lpc177x_8x.o(.text)
    EINT3_IRQHandler                         0x00000113   Thumb Code     0  startup_lpc177x_8x.o(.text)
    ENET_IRQHandler                          0x00000113   Thumb Code     0  startup_lpc177x_8x.o(.text)
    GPIO_IRQHandler                          0x00000113   Thumb Code     0  startup_lpc177x_8x.o(.text)
    I2C0_IRQHandler                          0x00000113   Thumb Code     0  startup_lpc177x_8x.o(.text)
    I2C1_IRQHandler                          0x00000113   Thumb Code     0  startup_lpc177x_8x.o(.text)
    I2C2_IRQHandler                          0x00000113   Thumb Code     0  startup_lpc177x_8x.o(.text)
    I2S_IRQHandler                           0x00000113   Thumb Code     0  startup_lpc177x_8x.o(.text)
    LCD_IRQHandler                           0x00000113   Thumb Code     0  startup_lpc177x_8x.o(.text)
    MCI_IRQHandler                           0x00000113   Thumb Code     0  startup_lpc177x_8x.o(.text)
    MCPWM_IRQHandler                         0x00000113   Thumb Code     0  startup_lpc177x_8x.o(.text)
    PLL0_IRQHandler                          0x00000113   Thumb Code     0  startup_lpc177x_8x.o(.text)
    PLL1_IRQHandler                          0x00000113   Thumb Code     0  startup_lpc177x_8x.o(.text)
    PWM0_IRQHandler                          0x00000113   Thumb Code     0  startup_lpc177x_8x.o(.text)
    PWM1_IRQHandler                          0x00000113   Thumb Code     0  startup_lpc177x_8x.o(.text)
    QEI_IRQHandler                           0x00000113   Thumb Code     0  startup_lpc177x_8x.o(.text)
    RTC_IRQHandler                           0x00000113   Thumb Code     0  startup_lpc177x_8x.o(.text)
    SSP0_IRQHandler                          0x00000113   Thumb Code     0  startup_lpc177x_8x.o(.text)
    SSP1_IRQHandler                          0x00000113   Thumb Code     0  startup_lpc177x_8x.o(.text)
    SSP2_IRQHandler                          0x00000113   Thumb Code     0  startup_lpc177x_8x.o(.text)
    TIMER0_IRQHandler                        0x00000113   Thumb Code     0  startup_lpc177x_8x.o(.text)
    TIMER1_IRQHandler                        0x00000113   Thumb Code     0  startup_lpc177x_8x.o(.text)
    TIMER2_IRQHandler                        0x00000113   Thumb Code     0  startup_lpc177x_8x.o(.text)
    TIMER3_IRQHandler                        0x00000113   Thumb Code     0  startup_lpc177x_8x.o(.text)
    UART0_IRQHandler                         0x00000113   Thumb Code     0  startup_lpc177x_8x.o(.text)
    UART1_IRQHandler                         0x00000113   Thumb Code     0  startup_lpc177x_8x.o(.text)
    UART2_IRQHandler                         0x00000113   Thumb Code     0  startup_lpc177x_8x.o(.text)
    UART3_IRQHandler                         0x00000113   Thumb Code     0  startup_lpc177x_8x.o(.text)
    UART4_IRQHandler                         0x00000113   Thumb Code     0  startup_lpc177x_8x.o(.text)
    USBActivity_IRQHandler                   0x00000113   Thumb Code     0  startup_lpc177x_8x.o(.text)
    USB_IRQHandler                           0x00000113   Thumb Code     0  startup_lpc177x_8x.o(.text)
    WDT_IRQHandler                           0x00000113   Thumb Code     0  startup_lpc177x_8x.o(.text)
    __aeabi_uldivmod                         0x0000011d   Thumb Code    98  uldiv.o(.text)
    __aeabi_llsl                             0x0000017f   Thumb Code    30  llshl.o(.text)
    _ll_shift_l                              0x0000017f   Thumb Code     0  llshl.o(.text)
    __aeabi_llsr                             0x0000019d   Thumb Code    32  llushr.o(.text)
    _ll_ushift_r                             0x0000019d   Thumb Code     0  llushr.o(.text)
    __aeabi_memset                           0x000001bd   Thumb Code    14  memseta.o(.text)
    __aeabi_memset4                          0x000001bd   Thumb Code     0  memseta.o(.text)
    __aeabi_memset8                          0x000001bd   Thumb Code     0  memseta.o(.text)
    __aeabi_memclr                           0x000001cb   Thumb Code     4  memseta.o(.text)
    __aeabi_memclr4                          0x000001cb   Thumb Code     0  memseta.o(.text)
    __aeabi_memclr8                          0x000001cb   Thumb Code     0  memseta.o(.text)
    _memset$wrapper                          0x000001cf   Thumb Code    20  memseta.o(.text)
    memcmp                                   0x000001e3   Thumb Code    26  memcmp.o(.text)
    __scatterload                            0x000001fd   Thumb Code    28  init.o(.text)
    __scatterload_rt2                        0x000001fd   Thumb Code     0  init.o(.text)
    CLKPWR_ConfigPPWR                        0x00000221   Thumb Code    38  lpc177x_8x_clkpwr.o(i.CLKPWR_ConfigPPWR)
    CLKPWR_GetCLK                            0x00000251   Thumb Code    46  lpc177x_8x_clkpwr.o(i.CLKPWR_GetCLK)
    EMC_NAND_AddressIncrement                0x00000291   Thumb Code    68  emc_nand.o(i.EMC_NAND_AddressIncrement)
    NandFlash_WaitForReady                   0x000002d5   Thumb Code    22  emc_nand.o(i.NandFlash_WaitForReady)
    TIM_ResetCounter                         0x000002eb   Thumb Code    18  lpc177x_8x_timer.o(i.TIM_ResetCounter)
    CLKPWR_SetCLKDiv                         0x00000301   Thumb Code   154  lpc177x_8x_clkpwr.o(i.CLKPWR_SetCLKDiv)
    EMC_NAND_EraseBlock                      0x000003b1   Thumb Code    80  emc_nand.o(i.EMC_NAND_EraseBlock)
    EMC_NAND_GetStatus                       0x00000409   Thumb Code    46  emc_nand.o(i.EMC_NAND_GetStatus)
    EMC_NAND_Init                            0x00000437   Thumb Code   138  emc_nand.o(i.EMC_NAND_Init)
    EMC_NAND_ReadID                          0x000004c1   Thumb Code    50  emc_nand.o(i.EMC_NAND_ReadID)
    EMC_NAND_ReadSmallPage                   0x000004fd   Thumb Code   170  emc_nand.o(i.EMC_NAND_ReadSmallPage)
    EMC_NAND_ReadStatus                      0x000005b1   Thumb Code    52  emc_nand.o(i.EMC_NAND_ReadStatus)
    EMC_NAND_Test                            0x000005e9   Thumb Code   340  emc_nand.o(i.EMC_NAND_Test)
    EMC_NAND_WriteSmallPage                  0x00000849   Thumb Code   182  emc_nand.o(i.EMC_NAND_WriteSmallPage)
    EMC_PwrOn                                0x00000909   Thumb Code    54  lpc177x_8x_emc.o(i.EMC_PwrOn)
    EMC_SetStaMemoryParameter                0x00000949   Thumb Code   354  lpc177x_8x_emc.o(i.EMC_SetStaMemoryParameter)
    EMC_StaMemConfigEW                       0x00000b0d   Thumb Code   164  lpc177x_8x_emc.o(i.EMC_StaMemConfigEW)
    EMC_StaMemConfigMW                       0x00000bc5   Thumb Code   194  lpc177x_8x_emc.o(i.EMC_StaMemConfigMW)
    EMC_StaMemConfigPB                       0x00000c9d   Thumb Code   164  lpc177x_8x_emc.o(i.EMC_StaMemConfigPB)
    EMC_StaMemConfigPM                       0x00000d55   Thumb Code   164  lpc177x_8x_emc.o(i.EMC_StaMemConfigPM)
    GPIO_SetDir                              0x00000e59   Thumb Code    44  lpc177x_8x_gpio.o(i.GPIO_SetDir)
    PINSEL_ConfigPin                         0x00000e85   Thumb Code    72  lpc177x_8x_pinsel.o(i.PINSEL_ConfigPin)
    PINSEL_GetPinType                        0x00000ed1   Thumb Code   186  lpc177x_8x_pinsel.o(i.PINSEL_GetPinType)
    StaticMem_Init                           0x00000fa5   Thumb Code   312  lpc177x_8x_emc.o(i.StaticMem_Init)
    SystemCoreClockUpdate                    0x000010e1   Thumb Code   724  system_lpc177x_8x.o(i.SystemCoreClockUpdate)
    SystemInit                               0x000013e5   Thumb Code   212  system_lpc177x_8x.o(i.SystemInit)
    TIM_Cmd                                  0x000014f1   Thumb Code    24  lpc177x_8x_timer.o(i.TIM_Cmd)
    TIM_ConfigMatch                          0x00001509   Thumb Code   214  lpc177x_8x_timer.o(i.TIM_ConfigMatch)
    TIM_Init                                 0x000015e1   Thumb Code   188  lpc177x_8x_timer.o(i.TIM_Init)
    TIM_Waitms                               0x000016a9   Thumb Code    18  lpc177x_8x_timer.o(i.TIM_Waitms)
    TIM_Waitus                               0x000016bb   Thumb Code    92  lpc177x_8x_timer.o(i.TIM_Waitus)
    UARTGetChar                              0x00001717   Thumb Code    30  debug_frmwrk.o(i.UARTGetChar)
    UARTGetCharInNonBlock                    0x00001735   Thumb Code    34  debug_frmwrk.o(i.UARTGetCharInNonBlock)
    UARTGetValue                             0x00001759   Thumb Code   366  debug_frmwrk.o(i.UARTGetValue)
    UARTPutChar                              0x00001929   Thumb Code    20  debug_frmwrk.o(i.UARTPutChar)
    UARTPutDec                               0x0000193d   Thumb Code   104  debug_frmwrk.o(i.UARTPutDec)
    UARTPutDec16                             0x000019a5   Thumb Code   168  debug_frmwrk.o(i.UARTPutDec16)
    UARTPutDec32                             0x00001a4d   Thumb Code   320  debug_frmwrk.o(i.UARTPutDec32)
    UARTPutHex                               0x00001ba1   Thumb Code    70  debug_frmwrk.o(i.UARTPutHex)
    UARTPutHex16                             0x00001bed   Thumb Code    70  debug_frmwrk.o(i.UARTPutHex16)
    UARTPutHex16_                            0x00001c39   Thumb Code    62  debug_frmwrk.o(i.UARTPutHex16_)
    UARTPutHex32                             0x00001c79   Thumb Code    70  debug_frmwrk.o(i.UARTPutHex32)
    UARTPutHex32_                            0x00001cc5   Thumb Code    62  debug_frmwrk.o(i.UARTPutHex32_)
    UARTPutHex_                              0x00001d03   Thumb Code    62  debug_frmwrk.o(i.UARTPutHex_)
    UARTPuts                                 0x00001d41   Thumb Code    28  debug_frmwrk.o(i.UARTPuts)
    UARTPuts_                                0x00001d5d   Thumb Code    24  debug_frmwrk.o(i.UARTPuts_)
    UART_ConfigStructInit                    0x00001d79   Thumb Code    22  lpc177x_8x_uart.o(i.UART_ConfigStructInit)
    UART_Init                                0x00001d91   Thumb Code   548  lpc177x_8x_uart.o(i.UART_Init)
    UART_Receive                             0x00001fc5   Thumb Code   180  lpc177x_8x_uart.o(i.UART_Receive)
    UART_ReceiveByte                         0x0000208d   Thumb Code    52  lpc177x_8x_uart.o(i.UART_ReceiveByte)
    UART_Send                                0x000020d5   Thumb Code   224  lpc177x_8x_uart.o(i.UART_Send)
    UART_SendByte                            0x000021c9   Thumb Code    48  lpc177x_8x_uart.o(i.UART_SendByte)
    UART_TxCmd                               0x0000220d   Thumb Code   132  lpc177x_8x_uart.o(i.UART_TxCmd)
    __scatterload_copy                       0x0000229d   Thumb Code    14  handlers.o(i.__scatterload_copy)
    __scatterload_null                       0x000022ab   Thumb Code     2  handlers.o(i.__scatterload_null)
    __scatterload_zeroinit                   0x000022ad   Thumb Code    14  handlers.o(i.__scatterload_zeroinit)
    debug_frmwrk_init                        0x00002339   Thumb Code   136  debug_frmwrk.o(i.debug_frmwrk_init)
    main                                     0x0000244b   Thumb Code    12  main.o(i.main)
    Region$$Table$$Base                      0x00002740   Number         0  anon$$obj.o(Region$$Table)
    Region$$Table$$Limit                     0x00002760   Number         0  anon$$obj.o(Region$$Table)
    wait                                     0x10000000   Data           4  emc_nand.o(.data)
    NAND_ID                                  0x10000004   Data           4  emc_nand.o(.data)
    count                                    0x10000008   Data           4  emc_nand.o(.data)
    _db_msg                                  0x1000000c   Data           4  debug_frmwrk.o(.data)
    _db_msg_                                 0x10000010   Data           4  debug_frmwrk.o(.data)
    _db_char                                 0x10000014   Data           4  debug_frmwrk.o(.data)
    _db_dec                                  0x10000018   Data           4  debug_frmwrk.o(.data)
    _db_dec_16                               0x1000001c   Data           4  debug_frmwrk.o(.data)
    _db_dec_32                               0x10000020   Data           4  debug_frmwrk.o(.data)
    _db_hex                                  0x10000024   Data           4  debug_frmwrk.o(.data)
    _db_hex_16                               0x10000028   Data           4  debug_frmwrk.o(.data)
    _db_hex_32                               0x1000002c   Data           4  debug_frmwrk.o(.data)
    _db_hex_                                 0x10000030   Data           4  debug_frmwrk.o(.data)
    _db_hex_16_                              0x10000034   Data           4  debug_frmwrk.o(.data)
    _db_hex_32_                              0x10000038   Data           4  debug_frmwrk.o(.data)
    _db_get_char                             0x1000003c   Data           4  debug_frmwrk.o(.data)
    _db_get_char_nonblocking                 0x10000040   Data           4  debug_frmwrk.o(.data)
    _db_get_val                              0x10000044   Data           4  debug_frmwrk.o(.data)
    SystemCoreClock                          0x10000048   Data           4  system_lpc177x_8x.o(.data)
    PeripheralClock                          0x1000004c   Data           4  system_lpc177x_8x.o(.data)
    EMCClock                                 0x10000050   Data           4  system_lpc177x_8x.o(.data)
    USBClock                                 0x10000054   Data           4  system_lpc177x_8x.o(.data)
    __initial_sp                             0x10001258   Data           0  startup_lpc177x_8x.o(STACK)



==============================================================================

Memory Map of the image

  Image Entry point : 0x000000e5

  Load Region LR_IROM1 (Base: 0x00000000, Size: 0x000027b8, Max: 0x00080000, ABSOLUTE)

    Execution Region ER_IROM1 (Base: 0x00000000, Size: 0x00002760, Max: 0x00080000, ABSOLUTE)

    Base Addr    Size         Type   Attr      Idx    E Section Name        Object

    0x00000000   0x000000e4   Data   RO         1135    RESET               startup_lpc177x_8x.o
    0x000000e4   0x00000000   Code   RO         1143  * .ARM.Collect$$$$00000000  mc_w.l(entry.o)
    0x000000e4   0x00000004   Code   RO         1156    .ARM.Collect$$$$00000001  mc_w.l(entry2.o)
    0x000000e8   0x00000004   Code   RO         1159    .ARM.Collect$$$$00000004  mc_w.l(entry5.o)
    0x000000ec   0x00000008   Code   RO         1160    .ARM.Collect$$$$00000007  mc_w.l(entry7.o)
    0x000000f4   0x00000004   Code   RO         1157    .ARM.Collect$$$$00002712  mc_w.l(entry2.o)
    0x000000f8   0x00000024   Code   RO         1137    .text               startup_lpc177x_8x.o
    0x0000011c   0x00000062   Code   RO         1146    .text               mc_w.l(uldiv.o)
    0x0000017e   0x0000001e   Code   RO         1148    .text               mc_w.l(llshl.o)
    0x0000019c   0x00000020   Code   RO         1150    .text               mc_w.l(llushr.o)
    0x000001bc   0x00000026   Code   RO         1152    .text               mc_w.l(memseta.o)
    0x000001e2   0x0000001a   Code   RO         1154    .text               mc_w.l(memcmp.o)
    0x000001fc   0x00000024   Code   RO         1161    .text               mc_w.l(init.o)
    0x00000220   0x00000030   Code   RO          277    i.CLKPWR_ConfigPPWR  lpc177x_8x_clkpwr.o
    0x00000250   0x00000040   Code   RO          280    i.CLKPWR_GetCLK     lpc177x_8x_clkpwr.o
    0x00000290   0x00000044   Code   RO           60    i.EMC_NAND_AddressIncrement  emc_nand.o
    0x000002d4   0x00000016   Code   RO           72    i.NandFlash_WaitForReady  emc_nand.o
    0x000002ea   0x00000012   Code   RO         1002    i.TIM_ResetCounter  lpc177x_8x_timer.o
    0x000002fc   0x00000004   Code   RO         1136    .ARM.__at_0x02FC    startup_lpc177x_8x.o
    0x00000300   0x000000b0   Code   RO          282    i.CLKPWR_SetCLKDiv  lpc177x_8x_clkpwr.o
    0x000003b0   0x00000058   Code   RO           61    i.EMC_NAND_EraseBlock  emc_nand.o
    0x00000408   0x0000002e   Code   RO           62    i.EMC_NAND_GetStatus  emc_nand.o
    0x00000436   0x0000008a   Code   RO           63    i.EMC_NAND_Init     emc_nand.o
    0x000004c0   0x0000003c   Code   RO           64    i.EMC_NAND_ReadID   emc_nand.o
    0x000004fc   0x000000b4   Code   RO           65    i.EMC_NAND_ReadSmallPage  emc_nand.o
    0x000005b0   0x00000038   Code   RO           67    i.EMC_NAND_ReadStatus  emc_nand.o
    0x000005e8   0x00000260   Code   RO           69    i.EMC_NAND_Test     emc_nand.o
    0x00000848   0x000000c0   Code   RO           70    i.EMC_NAND_WriteSmallPage  emc_nand.o
    0x00000908   0x00000040   Code   RO          355    i.EMC_PwrOn         lpc177x_8x_emc.o
    0x00000948   0x000001c4   Code   RO          358    i.EMC_SetStaMemoryParameter  lpc177x_8x_emc.o
    0x00000b0c   0x000000b8   Code   RO          360    i.EMC_StaMemConfigEW  lpc177x_8x_emc.o
    0x00000bc4   0x000000d8   Code   RO          361    i.EMC_StaMemConfigMW  lpc177x_8x_emc.o
    0x00000c9c   0x000000b8   Code   RO          362    i.EMC_StaMemConfigPB  lpc177x_8x_emc.o
    0x00000d54   0x000000b8   Code   RO          364    i.EMC_StaMemConfigPM  lpc177x_8x_emc.o
    0x00000e0c   0x0000004c   Code   RO          547    i.GPIO_GetPointer   lpc177x_8x_gpio.o
    0x00000e58   0x0000002c   Code   RO          552    i.GPIO_SetDir       lpc177x_8x_gpio.o
    0x00000e84   0x0000004c   Code   RO          716    i.PINSEL_ConfigPin  lpc177x_8x_pinsel.o
    0x00000ed0   0x000000ba   Code   RO          718    i.PINSEL_GetPinType  lpc177x_8x_pinsel.o
    0x00000f8a   0x00000002   PAD
    0x00000f8c   0x00000018   Code   RO          728    i.PIN_GetPointer    lpc177x_8x_pinsel.o
    0x00000fa4   0x0000013c   Code   RO          367    i.StaticMem_Init    lpc177x_8x_emc.o
    0x000010e0   0x00000304   Code   RO         1106    i.SystemCoreClockUpdate  system_lpc177x_8x.o
    0x000013e4   0x0000010c   Code   RO         1107    i.SystemInit        system_lpc177x_8x.o
    0x000014f0   0x00000018   Code   RO          993    i.TIM_Cmd           lpc177x_8x_timer.o
    0x00001508   0x000000d6   Code   RO          995    i.TIM_ConfigMatch   lpc177x_8x_timer.o
    0x000015de   0x00000002   PAD
    0x000015e0   0x000000c8   Code   RO         1001    i.TIM_Init          lpc177x_8x_timer.o
    0x000016a8   0x00000012   Code   RO         1004    i.TIM_Waitms        lpc177x_8x_timer.o
    0x000016ba   0x0000005c   Code   RO         1005    i.TIM_Waitus        lpc177x_8x_timer.o
    0x00001716   0x0000001e   Code   RO          161    i.UARTGetChar       debug_frmwrk.o
    0x00001734   0x00000022   Code   RO          162    i.UARTGetCharInNonBlock  debug_frmwrk.o
    0x00001756   0x00000002   PAD
    0x00001758   0x000001d0   Code   RO          163    i.UARTGetValue      debug_frmwrk.o
    0x00001928   0x00000014   Code   RO          164    i.UARTPutChar       debug_frmwrk.o
    0x0000193c   0x00000068   Code   RO          165    i.UARTPutDec        debug_frmwrk.o
    0x000019a4   0x000000a8   Code   RO          166    i.UARTPutDec16      debug_frmwrk.o
    0x00001a4c   0x00000154   Code   RO          167    i.UARTPutDec32      debug_frmwrk.o
    0x00001ba0   0x0000004c   Code   RO          168    i.UARTPutHex        debug_frmwrk.o
    0x00001bec   0x0000004c   Code   RO          169    i.UARTPutHex16      debug_frmwrk.o
    0x00001c38   0x0000003e   Code   RO          170    i.UARTPutHex16_     debug_frmwrk.o
    0x00001c76   0x00000002   PAD
    0x00001c78   0x0000004c   Code   RO          171    i.UARTPutHex32      debug_frmwrk.o
    0x00001cc4   0x0000003e   Code   RO          172    i.UARTPutHex32_     debug_frmwrk.o
    0x00001d02   0x0000003e   Code   RO          173    i.UARTPutHex_       debug_frmwrk.o
    0x00001d40   0x0000001c   Code   RO          174    i.UARTPuts          debug_frmwrk.o
    0x00001d5c   0x0000001c   Code   RO          175    i.UARTPuts_         debug_frmwrk.o
    0x00001d78   0x00000016   Code   RO          806    i.UART_ConfigStructInit  lpc177x_8x_uart.o
    0x00001d8e   0x00000002   PAD
    0x00001d90   0x00000234   Code   RO          816    i.UART_Init         lpc177x_8x_uart.o
    0x00001fc4   0x000000c8   Code   RO          826    i.UART_Receive      lpc177x_8x_uart.o
    0x0000208c   0x00000048   Code   RO          827    i.UART_ReceiveByte  lpc177x_8x_uart.o
    0x000020d4   0x000000f4   Code   RO          828    i.UART_Send         lpc177x_8x_uart.o
    0x000021c8   0x00000044   Code   RO          829    i.UART_SendByte     lpc177x_8x_uart.o
    0x0000220c   0x00000090   Code   RO          830    i.UART_TxCmd        lpc177x_8x_uart.o
    0x0000229c   0x0000000e   Code   RO         1165    i.__scatterload_copy  mc_w.l(handlers.o)
    0x000022aa   0x00000002   Code   RO         1166    i.__scatterload_null  mc_w.l(handlers.o)
    0x000022ac   0x0000000e   Code   RO         1167    i.__scatterload_zeroinit  mc_w.l(handlers.o)
    0x000022ba   0x00000002   PAD
    0x000022bc   0x00000044   Code   RO         1006    i.converPtrToTimeNum  lpc177x_8x_timer.o
    0x00002300   0x00000038   Code   RO         1007    i.converUSecToVal   lpc177x_8x_timer.o
    0x00002338   0x00000100   Code   RO          176    i.debug_frmwrk_init  debug_frmwrk.o
    0x00002438   0x00000012   Code   RO         1008    i.getPClock         lpc177x_8x_timer.o
    0x0000244a   0x0000000c   Code   RO            2    i.main              main.o
    0x00002456   0x00000002   PAD
    0x00002458   0x00000030   Code   RO          831    i.uart_get_pointer  lpc177x_8x_uart.o
    0x00002488   0x0000025c   Code   RO          832    i.uart_set_divisors  lpc177x_8x_uart.o
    0x000026e4   0x00000059   Data   RO          177    .constdata          debug_frmwrk.o
    0x0000273d   0x00000003   PAD
    0x00002740   0x00000020   Data   RO         1163    Region$$Table       anon$$obj.o


    Execution Region RW_IRAM1 (Base: 0x10000000, Size: 0x00001258, Max: 0x00010000, ABSOLUTE)

    Base Addr    Size         Type   Attr      Idx    E Section Name        Object

    0x10000000   0x0000000c   Data   RW           74    .data               emc_nand.o
    0x1000000c   0x0000003c   Data   RW          178    .data               debug_frmwrk.o
    0x10000048   0x00000010   Data   RW         1108    .data               system_lpc177x_8x.o
    0x10000058   0x00001000   Zero   RW           73    .bss                emc_nand.o
    0x10001058   0x00000200   Zero   RW         1133    STACK               startup_lpc177x_8x.o


    Execution Region RW_IRAM2 (Base: 0x20000000, Size: 0x00000000, Max: 0x00008000, ABSOLUTE)

    **** No section assigned to this execution region ****


==============================================================================

Image component sizes


      Code (inc. data)   RO Data    RW Data    ZI Data      Debug   Object Name

      1886        272         89         60          0      13141   debug_frmwrk.o
      1458        310          0         12       4096      20372   emc_nand.o
       288         50          0          0          0       2015   lpc177x_8x_clkpwr.o
      1600        218          0          0          0       5681   lpc177x_8x_emc.o
       120         32          0          0          0       1862   lpc177x_8x_gpio.o
       286         14          0          0          0       2807   lpc177x_8x_pinsel.o
       708         30          0          0          0       6288   lpc177x_8x_timer.o
      1966        160          0          0          0       8543   lpc177x_8x_uart.o
        12          0          0          0          0      38987   main.o
        40         12        228          0        512       1168   startup_lpc177x_8x.o
      1040        104          0         16          0       2437   system_lpc177x_8x.o

    ----------------------------------------------------------------------
      9416       1202        352         88       4608     103301   Object Totals
         0          0         32          0          0          0   (incl. Generated)
        12          0          3          0          0          0   (incl. Padding)

    ----------------------------------------------------------------------

      Code (inc. data)   RO Data    RW Data    ZI Data      Debug   Library Member Name

         0          0          0          0          0          0   entry.o
         8          4          0          0          0          0   entry2.o
         4          0          0          0          0          0   entry5.o
         8          4          0          0          0          0   entry7.o
        30          0          0          0          0          0   handlers.o
        36          8          0          0          0         68   init.o
        30          0          0          0          0         68   llshl.o
        32          0          0          0          0         68   llushr.o
        26          0          0          0          0         80   memcmp.o
        38          0          0          0          0        108   memseta.o
        98          0          0          0          0         92   uldiv.o

    ----------------------------------------------------------------------
       312         16          0          0          0        484   Library Totals
         2          0          0          0          0          0   (incl. Padding)

    ----------------------------------------------------------------------

      Code (inc. data)   RO Data    RW Data    ZI Data      Debug   Library Name

       310         16          0          0          0        484   mc_w.l

    ----------------------------------------------------------------------
       312         16          0          0          0        484   Library Totals

    ----------------------------------------------------------------------

==============================================================================


      Code (inc. data)   RO Data    RW Data    ZI Data      Debug   

      9728       1218        352         88       4608     100457   Grand Totals
      9728       1218        352         88       4608     100457   ELF Image Totals
      9728       1218        352         88          0          0   ROM Totals

==============================================================================

    Total RO  Size (Code + RO Data)                10080 (   9.84kB)
    Total RW  Size (RW Data + ZI Data)              4696 (   4.59kB)
    Total ROM Size (Code + RO Data + RW Data)      10168 (   9.93kB)

==============================================================================

