ARM Linker, 4.1 [Build 713] [Standard]

==============================================================================

Section Cross References

    main.o(i.main) refers to sdram_k4s561632c_32m_16bit.o(i.SDRAM_32M_16BIT_Init) for SDRAM_32M_16BIT_Init
    main.o(i.main) refers to glcd.o(i.GLCD_Init) for GLCD_Init
    main.o(i.main) refers to glcd.o(i.GLCD_Clear) for GLCD_Clear
    main.o(i.main) refers to main.o(i.Delay) for Delay
    main.o(i.main) refers to glcd.o(i.GUI_Text) for GUI_Text
    glcd.o(i.GLCD_Clear) refers to glcd.o(i.GLCD_SetPixel_16bpp) for GLCD_SetPixel_16bpp
    glcd.o(i.GLCD_Config) refers to lpc177x_8x_pinsel.o(i.PINSEL_ConfigPin) for PINSEL_ConfigPin
    glcd.o(i.GLCD_Config) refers to lpc177x_8x_gpio.o(i.GPIO_SetDir) for GPIO_SetDir
    glcd.o(i.GLCD_Config) refers to lpc177x_8x_gpio.o(i.GPIO_SetValue) for GPIO_SetValue
    glcd.o(i.GLCD_Config) refers to lpc177x_8x_clkpwr.o(i.CLKPWR_ConfigPPWR) for CLKPWR_ConfigPPWR
    glcd.o(i.GLCD_Config) refers to glcd.o(i.LCD_ClockDivide) for LCD_ClockDivide
    glcd.o(i.GLCD_DrawLine) refers to glcd.o(i.GLCD_SetPixel_16bpp) for GLCD_SetPixel_16bpp
    glcd.o(i.GLCD_Init) refers to glcd.o(i.GLCD_Ctrl) for GLCD_Ctrl
    glcd.o(i.GLCD_Init) refers to glcd.o(i.GLCD_Config) for GLCD_Config
    glcd.o(i.GUI_Text) refers to glcd.o(i.PutChar) for PutChar
    glcd.o(i.LCD_ClockDivide) refers to system_lpc177x_8x.o(.data) for SystemCoreClock
    glcd.o(i.PutChar) refers to asciilib.o(i.GetASCIICode) for GetASCIICode
    glcd.o(i.PutChar) refers to glcd.o(i.GLCD_SetPixel_16bpp) for GLCD_SetPixel_16bpp
    asciilib.o(i.GetASCIICode) refers to memcpya.o(.text) for __aeabi_memcpy
    asciilib.o(i.GetASCIICode) refers to asciilib.o(.constdata) for AsciiLib
    sdram_k4s561632c_32m_16bit.o(i.SDRAM_32M_16BIT_Init) refers to lpc177x_8x_pinsel.o(i.PINSEL_ConfigPin) for PINSEL_ConfigPin
    sdram_k4m563233g_32m_32bit.o(i.SDRAM_32M_32BIT_Init) refers to lpc177x_8x_pinsel.o(i.PINSEL_ConfigPin) for PINSEL_ConfigPin
    lpc177x_8x_clkpwr.o(i.CLKPWR_GetCLK) refers to system_lpc177x_8x.o(.data) for SystemCoreClock
    lpc177x_8x_clkpwr.o(i.CLKPWR_SetCLKDiv) refers to system_lpc177x_8x.o(i.SystemCoreClockUpdate) for SystemCoreClockUpdate
    lpc177x_8x_emc.o(i.DynMem_Init) refers to lpc177x_8x_pinsel.o(i.PINSEL_ConfigPin) for PINSEL_ConfigPin
    lpc177x_8x_emc.o(i.DynMem_Init) refers to lpc177x_8x_emc.o(i.EMC_PwrOn) for EMC_PwrOn
    lpc177x_8x_emc.o(i.DynMem_Init) refers to lpc177x_8x_emc.o(i.EMC_ConfigEndianMode) for EMC_ConfigEndianMode
    lpc177x_8x_emc.o(i.DynMem_Init) refers to lpc177x_8x_emc.o(i.EMC_DynCtrlSelfRefresh) for EMC_DynCtrlSelfRefresh
    lpc177x_8x_emc.o(i.DynMem_Init) refers to lpc177x_8x_emc.o(i.EMC_DynCtrlPowerDownMode) for EMC_DynCtrlPowerDownMode
    lpc177x_8x_emc.o(i.DynMem_Init) refers to lpc177x_8x_emc.o(i.EMC_DynCtrlClockEnable) for EMC_DynCtrlClockEnable
    lpc177x_8x_emc.o(i.DynMem_Init) refers to lpc177x_8x_emc.o(i.EMC_DynCtrlMMC) for EMC_DynCtrlMMC
    lpc177x_8x_emc.o(i.DynMem_Init) refers to lpc177x_8x_emc.o(i.EMC_DynCtrlClockControl) for EMC_DynCtrlClockControl
    lpc177x_8x_emc.o(i.DynMem_Init) refers to lpc177x_8x_emc.o(i.EMC_SetDynMemoryParameter) for EMC_SetDynMemoryParameter
    lpc177x_8x_emc.o(i.DynMem_Init) refers to lpc177x_8x_emc.o(i.EMC_DynMemRAS) for EMC_DynMemRAS
    lpc177x_8x_emc.o(i.DynMem_Init) refers to lpc177x_8x_emc.o(i.EMC_DynMemCAS) for EMC_DynMemCAS
    lpc177x_8x_emc.o(i.DynMem_Init) refers to lpc177x_8x_emc.o(i.EMC_DynMemConfigMD) for EMC_DynMemConfigMD
    lpc177x_8x_emc.o(i.DynMem_Init) refers to lpc177x_8x_emc.o(i.EMC_DynMemConfigAM) for EMC_DynMemConfigAM
    lpc177x_8x_emc.o(i.EMC_Init) refers to lpc177x_8x_clkpwr.o(i.CLKPWR_GetCLK) for CLKPWR_GetCLK
    lpc177x_8x_emc.o(i.EMC_Init) refers to lpc177x_8x_clkpwr.o(i.CLKPWR_SetCLKDiv) for CLKPWR_SetCLKDiv
    lpc177x_8x_emc.o(i.EMC_Init) refers to lpc177x_8x_pinsel.o(i.PINSEL_ConfigPin) for PINSEL_ConfigPin
    lpc177x_8x_emc.o(i.EMC_NS2CLK) refers to lpc177x_8x_clkpwr.o(i.CLKPWR_GetCLK) for CLKPWR_GetCLK
    lpc177x_8x_emc.o(i.EMC_NS2CLK) refers to uldiv.o(.text) for __aeabi_uldivmod
    lpc177x_8x_emc.o(i.EMC_PwrOn) refers to lpc177x_8x_clkpwr.o(i.CLKPWR_GetCLK) for CLKPWR_GetCLK
    lpc177x_8x_emc.o(i.EMC_PwrOn) refers to lpc177x_8x_clkpwr.o(i.CLKPWR_SetCLKDiv) for CLKPWR_SetCLKDiv
    lpc177x_8x_emc.o(i.EMC_PwrOn) refers to lpc177x_8x_clkpwr.o(i.CLKPWR_ConfigPPWR) for CLKPWR_ConfigPPWR
    lpc177x_8x_emc.o(i.EMC_SDRAM_REFRESH) refers to lpc177x_8x_clkpwr.o(i.CLKPWR_GetCLK) for CLKPWR_GetCLK
    lpc177x_8x_emc.o(i.EMC_SDRAM_REFRESH) refers to uldiv.o(.text) for __aeabi_uldivmod
    lpc177x_8x_emc.o(i.StaticMem_Init) refers to lpc177x_8x_pinsel.o(i.PINSEL_ConfigPin) for PINSEL_ConfigPin
    lpc177x_8x_emc.o(i.StaticMem_Init) refers to lpc177x_8x_emc.o(i.EMC_PwrOn) for EMC_PwrOn
    lpc177x_8x_emc.o(i.StaticMem_Init) refers to lpc177x_8x_emc.o(i.EMC_StaMemConfigMW) for EMC_StaMemConfigMW
    lpc177x_8x_emc.o(i.StaticMem_Init) refers to lpc177x_8x_emc.o(i.EMC_StaMemConfigPM) for EMC_StaMemConfigPM
    lpc177x_8x_emc.o(i.StaticMem_Init) refers to lpc177x_8x_emc.o(i.EMC_StaMemConfigPB) for EMC_StaMemConfigPB
    lpc177x_8x_emc.o(i.StaticMem_Init) refers to lpc177x_8x_emc.o(i.EMC_StaMemConfigEW) for EMC_StaMemConfigEW
    lpc177x_8x_emc.o(i.StaticMem_Init) refers to lpc177x_8x_emc.o(i.EMC_SetStaMemoryParameter) for EMC_SetStaMemoryParameter
    lpc177x_8x_gpio.o(i.FIO_ByteClearValue) refers to lpc177x_8x_gpio.o(i.FIO_ByteGetPointer) for FIO_ByteGetPointer
    lpc177x_8x_gpio.o(i.FIO_ByteReadValue) refers to lpc177x_8x_gpio.o(i.FIO_ByteGetPointer) for FIO_ByteGetPointer
    lpc177x_8x_gpio.o(i.FIO_ByteSetDir) refers to lpc177x_8x_gpio.o(i.FIO_ByteGetPointer) for FIO_ByteGetPointer
    lpc177x_8x_gpio.o(i.FIO_ByteSetMask) refers to lpc177x_8x_gpio.o(i.FIO_ByteGetPointer) for FIO_ByteGetPointer
    lpc177x_8x_gpio.o(i.FIO_ByteSetValue) refers to lpc177x_8x_gpio.o(i.FIO_ByteGetPointer) for FIO_ByteGetPointer
    lpc177x_8x_gpio.o(i.FIO_ClearInt) refers to lpc177x_8x_gpio.o(i.GPIO_ClearInt) for GPIO_ClearInt
    lpc177x_8x_gpio.o(i.FIO_ClearValue) refers to lpc177x_8x_gpio.o(i.GPIO_ClearValue) for GPIO_ClearValue
    lpc177x_8x_gpio.o(i.FIO_GetIntStatus) refers to lpc177x_8x_gpio.o(i.GPIO_GetIntStatus) for GPIO_GetIntStatus
    lpc177x_8x_gpio.o(i.FIO_HalfWordClearValue) refers to lpc177x_8x_gpio.o(i.FIO_HalfWordGetPointer) for FIO_HalfWordGetPointer
    lpc177x_8x_gpio.o(i.FIO_HalfWordReadValue) refers to lpc177x_8x_gpio.o(i.FIO_HalfWordGetPointer) for FIO_HalfWordGetPointer
    lpc177x_8x_gpio.o(i.FIO_HalfWordSetDir) refers to lpc177x_8x_gpio.o(i.FIO_HalfWordGetPointer) for FIO_HalfWordGetPointer
    lpc177x_8x_gpio.o(i.FIO_HalfWordSetMask) refers to lpc177x_8x_gpio.o(i.FIO_HalfWordGetPointer) for FIO_HalfWordGetPointer
    lpc177x_8x_gpio.o(i.FIO_HalfWordSetValue) refers to lpc177x_8x_gpio.o(i.FIO_HalfWordGetPointer) for FIO_HalfWordGetPointer
    lpc177x_8x_gpio.o(i.FIO_IntCmd) refers to lpc177x_8x_gpio.o(i.GPIO_IntCmd) for GPIO_IntCmd
    lpc177x_8x_gpio.o(i.FIO_ReadValue) refers to lpc177x_8x_gpio.o(i.GPIO_ReadValue) for GPIO_ReadValue
    lpc177x_8x_gpio.o(i.FIO_SetDir) refers to lpc177x_8x_gpio.o(i.GPIO_SetDir) for GPIO_SetDir
    lpc177x_8x_gpio.o(i.FIO_SetMask) refers to lpc177x_8x_gpio.o(i.GPIO_GetPointer) for GPIO_GetPointer
    lpc177x_8x_gpio.o(i.FIO_SetValue) refers to lpc177x_8x_gpio.o(i.GPIO_SetValue) for GPIO_SetValue
    lpc177x_8x_gpio.o(i.GPIO_ClearValue) refers to lpc177x_8x_gpio.o(i.GPIO_GetPointer) for GPIO_GetPointer
    lpc177x_8x_gpio.o(i.GPIO_Deinit) refers to lpc177x_8x_clkpwr.o(i.CLKPWR_ConfigPPWR) for CLKPWR_ConfigPPWR
    lpc177x_8x_gpio.o(i.GPIO_Init) refers to lpc177x_8x_clkpwr.o(i.CLKPWR_ConfigPPWR) for CLKPWR_ConfigPPWR
    lpc177x_8x_gpio.o(i.GPIO_OutputValue) refers to lpc177x_8x_gpio.o(i.GPIO_ClearValue) for GPIO_ClearValue
    lpc177x_8x_gpio.o(i.GPIO_OutputValue) refers to lpc177x_8x_gpio.o(i.GPIO_SetValue) for GPIO_SetValue
    lpc177x_8x_gpio.o(i.GPIO_ReadValue) refers to lpc177x_8x_gpio.o(i.GPIO_GetPointer) for GPIO_GetPointer
    lpc177x_8x_gpio.o(i.GPIO_SetDir) refers to lpc177x_8x_gpio.o(i.GPIO_GetPointer) for GPIO_GetPointer
    lpc177x_8x_gpio.o(i.GPIO_SetValue) refers to lpc177x_8x_gpio.o(i.GPIO_GetPointer) for GPIO_GetPointer
    lpc177x_8x_lcd.o(i.LCD_Cursor_Cfg) refers to lpc177x_8x_lcd.o(.data) for lcd_cursor_size
    lpc177x_8x_lcd.o(i.LCD_Cursor_SetImage) refers to lpc177x_8x_lcd.o(.data) for lcd_cursor_base_addr
    lpc177x_8x_lcd.o(i.LCD_FillRect) refers to lpc177x_8x_lcd.o(i.LCD_LoadPic) for LCD_LoadPic
    lpc177x_8x_lcd.o(i.LCD_FillRect) refers to lpc177x_8x_lcd.o(.bss) for lcd_config
    lpc177x_8x_lcd.o(i.LCD_FillRect) refers to lpc177x_8x_lcd.o(.data) for bits_per_pixel
    lpc177x_8x_lcd.o(i.LCD_GetBitOffset) refers to lpc177x_8x_lcd.o(.data) for lcd_hsize
    lpc177x_8x_lcd.o(i.LCD_GetBitOffset) refers to lpc177x_8x_lcd.o(.bss) for lcd_config
    lpc177x_8x_lcd.o(i.LCD_GetWordOffset) refers to lpc177x_8x_lcd.o(.data) for lcd_hsize
    lpc177x_8x_lcd.o(i.LCD_GetWordOffset) refers to lpc177x_8x_lcd.o(.bss) for lcd_config
    lpc177x_8x_lcd.o(i.LCD_Init) refers to memcpya.o(.text) for __aeabi_memcpy4
    lpc177x_8x_lcd.o(i.LCD_Init) refers to lpc177x_8x_pinsel.o(i.PINSEL_ConfigPin) for PINSEL_ConfigPin
    lpc177x_8x_lcd.o(i.LCD_Init) refers to lpc177x_8x_clkpwr.o(i.CLKPWR_ConfigPPWR) for CLKPWR_ConfigPPWR
    lpc177x_8x_lcd.o(i.LCD_Init) refers to lpc177x_8x_clkpwr.o(i.CLKPWR_GetCLK) for CLKPWR_GetCLK
    lpc177x_8x_lcd.o(i.LCD_Init) refers to lpc177x_8x_lcd.o(i.LCD_SetHorizontalTiming) for LCD_SetHorizontalTiming
    lpc177x_8x_lcd.o(i.LCD_Init) refers to lpc177x_8x_lcd.o(i.LCD_SetVertialTiming) for LCD_SetVertialTiming
    lpc177x_8x_lcd.o(i.LCD_Init) refers to lpc177x_8x_lcd.o(i.LCD_SetPolarity) for LCD_SetPolarity
    lpc177x_8x_lcd.o(i.LCD_Init) refers to lpc177x_8x_lcd.o(i.LCD_SetPalette) for LCD_SetPalette
    lpc177x_8x_lcd.o(i.LCD_Init) refers to lpc177x_8x_lcd.o(i.LCD_SetBaseAddress) for LCD_SetBaseAddress
    lpc177x_8x_lcd.o(i.LCD_Init) refers to lpc177x_8x_lcd.o(i.LCD_CtrlSetup) for LCD_CtrlSetup
    lpc177x_8x_lcd.o(i.LCD_Init) refers to lpc177x_8x_lcd.o(.bss) for lcd_config
    lpc177x_8x_lcd.o(i.LCD_LoadPic) refers to lpc177x_8x_lcd.o(i.LCD_GetWordOffset) for LCD_GetWordOffset
    lpc177x_8x_lcd.o(i.LCD_LoadPic) refers to lpc177x_8x_lcd.o(i.LCD_GetBitOffset) for LCD_GetBitOffset
    lpc177x_8x_lcd.o(i.LCD_LoadPic) refers to lpc177x_8x_lcd.o(.bss) for lcd_config
    lpc177x_8x_lcd.o(i.LCD_LoadPic) refers to lpc177x_8x_lcd.o(.data) for bits_per_pixel
    lpc177x_8x_lcd.o(i.LCD_PutPixel) refers to lpc177x_8x_lcd.o(i.LCD_GetWordOffset) for LCD_GetWordOffset
    lpc177x_8x_lcd.o(i.LCD_PutPixel) refers to lpc177x_8x_lcd.o(i.LCD_GetBitOffset) for LCD_GetBitOffset
    lpc177x_8x_lcd.o(i.LCD_PutPixel) refers to lpc177x_8x_lcd.o(.bss) for lcd_config
    lpc177x_8x_lcd.o(i.LCD_PutPixel) refers to lpc177x_8x_lcd.o(.data) for bits_per_pixel
    lpc177x_8x_lcd.o(i.LCD_SetHorizontalTiming) refers to lpc177x_8x_lcd.o(.data) for lcd_hsize
    lpc177x_8x_lcd.o(i.LCD_SetImage) refers to lpc177x_8x_lcd.o(.data) for lcd_hsize
    lpc177x_8x_lcd.o(i.LCD_SetImage) refers to lpc177x_8x_lcd.o(.bss) for lcd_config
    lpc177x_8x_lcd.o(i.LCD_SetPalette) refers to lpc177x_8x_lcd.o(.bss) for lcd_config
    lpc177x_8x_lcd.o(i.LCD_SetPalette) refers to lpc177x_8x_lcd.o(.data) for bits_per_pixel
    lpc177x_8x_lcd.o(i.LCD_SetVertialTiming) refers to lpc177x_8x_lcd.o(.data) for lcd_vsize
    lpc177x_8x_pinsel.o(i.PINSEL_ConfigPin) refers to lpc177x_8x_pinsel.o(i.PINSEL_GetPinType) for PINSEL_GetPinType
    lpc177x_8x_pinsel.o(i.PINSEL_ConfigPin) refers to lpc177x_8x_pinsel.o(i.PIN_GetPointer) for PIN_GetPointer
    lpc177x_8x_pinsel.o(i.PINSEL_DacEnable) refers to lpc177x_8x_pinsel.o(i.PINSEL_GetPinType) for PINSEL_GetPinType
    lpc177x_8x_pinsel.o(i.PINSEL_DacEnable) refers to lpc177x_8x_pinsel.o(i.PIN_GetPointer) for PIN_GetPointer
    lpc177x_8x_pinsel.o(i.PINSEL_SetAnalogPinMode) refers to lpc177x_8x_pinsel.o(i.PINSEL_GetPinType) for PINSEL_GetPinType
    lpc177x_8x_pinsel.o(i.PINSEL_SetAnalogPinMode) refers to lpc177x_8x_pinsel.o(i.PIN_GetPointer) for PIN_GetPointer
    lpc177x_8x_pinsel.o(i.PINSEL_SetFilter) refers to lpc177x_8x_pinsel.o(i.PINSEL_GetPinType) for PINSEL_GetPinType
    lpc177x_8x_pinsel.o(i.PINSEL_SetFilter) refers to lpc177x_8x_pinsel.o(i.PIN_GetPointer) for PIN_GetPointer
    lpc177x_8x_pinsel.o(i.PINSEL_SetHysMode) refers to lpc177x_8x_pinsel.o(i.PINSEL_GetPinType) for PINSEL_GetPinType
    lpc177x_8x_pinsel.o(i.PINSEL_SetHysMode) refers to lpc177x_8x_pinsel.o(i.PIN_GetPointer) for PIN_GetPointer
    lpc177x_8x_pinsel.o(i.PINSEL_SetI2CFilter) refers to lpc177x_8x_pinsel.o(i.PINSEL_GetPinType) for PINSEL_GetPinType
    lpc177x_8x_pinsel.o(i.PINSEL_SetI2CFilter) refers to lpc177x_8x_pinsel.o(i.PIN_GetPointer) for PIN_GetPointer
    lpc177x_8x_pinsel.o(i.PINSEL_SetI2CMode) refers to lpc177x_8x_pinsel.o(i.PINSEL_GetPinType) for PINSEL_GetPinType
    lpc177x_8x_pinsel.o(i.PINSEL_SetI2CMode) refers to lpc177x_8x_pinsel.o(i.PIN_GetPointer) for PIN_GetPointer
    lpc177x_8x_pinsel.o(i.PINSEL_SetI2CMode) refers to lpc177x_8x_pinsel.o(i.PINSEL_SetI2CFilter) for PINSEL_SetI2CFilter
    lpc177x_8x_pinsel.o(i.PINSEL_SetInvertInput) refers to lpc177x_8x_pinsel.o(i.PINSEL_GetPinType) for PINSEL_GetPinType
    lpc177x_8x_pinsel.o(i.PINSEL_SetInvertInput) refers to lpc177x_8x_pinsel.o(i.PIN_GetPointer) for PIN_GetPointer
    lpc177x_8x_pinsel.o(i.PINSEL_SetOpenDrainMode) refers to lpc177x_8x_pinsel.o(i.PINSEL_GetPinType) for PINSEL_GetPinType
    lpc177x_8x_pinsel.o(i.PINSEL_SetOpenDrainMode) refers to lpc177x_8x_pinsel.o(i.PIN_GetPointer) for PIN_GetPointer
    lpc177x_8x_pinsel.o(i.PINSEL_SetPinMode) refers to lpc177x_8x_pinsel.o(i.PINSEL_GetPinType) for PINSEL_GetPinType
    lpc177x_8x_pinsel.o(i.PINSEL_SetPinMode) refers to lpc177x_8x_pinsel.o(i.PIN_GetPointer) for PIN_GetPointer
    lpc177x_8x_pinsel.o(i.PINSEL_SetSlewMode) refers to lpc177x_8x_pinsel.o(i.PINSEL_GetPinType) for PINSEL_GetPinType
    lpc177x_8x_pinsel.o(i.PINSEL_SetSlewMode) refers to lpc177x_8x_pinsel.o(i.PIN_GetPointer) for PIN_GetPointer
    system_lpc177x_8x.o(i.SystemCoreClockUpdate) refers to system_lpc177x_8x.o(.data) for SystemCoreClock
    system_lpc177x_8x.o(i.SystemInit) refers to system_lpc177x_8x.o(i.SystemCoreClockUpdate) for SystemCoreClockUpdate
    startup_lpc177x_8x.o(RESET) refers to startup_lpc177x_8x.o(STACK) for __initial_sp
    startup_lpc177x_8x.o(RESET) refers to startup_lpc177x_8x.o(.text) for Reset_Handler
    startup_lpc177x_8x.o(.text) refers to system_lpc177x_8x.o(i.SystemInit) for SystemInit
    startup_lpc177x_8x.o(.text) refers to entry.o(.ARM.Collect$$$$00000000) for __main
    entry.o(.ARM.Collect$$$$00000000) refers (Special) to entry7.o(.ARM.Collect$$$$00000007) for _main_init
    entry.o(.ARM.Collect$$$$00000000) refers (Special) to entry5.o(.ARM.Collect$$$$00000004) for _main_scatterload
    entry.o(.ARM.Collect$$$$00000000) refers (Special) to entry2.o(.ARM.Collect$$$$00000001) for _main_stk
    uldiv.o(.text) refers to llushr.o(.text) for __aeabi_llsr
    uldiv.o(.text) refers to llshl.o(.text) for __aeabi_llsl
    entry2.o(.ARM.Collect$$$$00000001) refers to entry2.o(.ARM.Collect$$$$00002712) for __lit__00000000
    entry2.o(.ARM.Collect$$$$00002712) refers to startup_lpc177x_8x.o(STACK) for __initial_sp
    entry2.o(__vectab_stack_and_reset_area) refers to startup_lpc177x_8x.o(STACK) for __initial_sp
    entry2.o(__vectab_stack_and_reset_area) refers to entry.o(.ARM.Collect$$$$00000000) for __main
    entry5.o(.ARM.Collect$$$$00000004) refers to init.o(.text) for __scatterload
    entry7.o(.ARM.Collect$$$$00000007) refers to main.o(i.main) for main
    init.o(.text) refers to entry5.o(.ARM.Collect$$$$00000004) for __main_after_scatterload


==============================================================================

Removing Unused input sections from the image.

    Removing glcd.o(.emb_text), (8 bytes).
    Removing glcd.o(i.GLCD_Copy_Cursor), (44 bytes).
    Removing glcd.o(i.GLCD_Cursor_Config), (12 bytes).
    Removing glcd.o(i.GLCD_Cursor_Disable), (20 bytes).
    Removing glcd.o(i.GLCD_Cursor_Enable), (28 bytes).
    Removing glcd.o(i.GLCD_DrawLine), (274 bytes).
    Removing glcd.o(i.GLCD_Move_Cursor), (96 bytes).
    Removing sdram_k4s561632c_32m_16bit.o(.emb_text), (8 bytes).
    Removing sdram_k4m563233g_32m_32bit.o(.emb_text), (8 bytes).
    Removing sdram_k4m563233g_32m_32bit.o(i.SDRAM_32M_32BIT_Init), (448 bytes).
    Removing lpc177x_8x_clkpwr.o(.emb_text), (8 bytes).
    Removing lpc177x_8x_clkpwr.o(i.CLKPWR_DeepPowerDown), (28 bytes).
    Removing lpc177x_8x_clkpwr.o(i.CLKPWR_DeepSleep), (28 bytes).
    Removing lpc177x_8x_clkpwr.o(i.CLKPWR_GetCLK), (64 bytes).
    Removing lpc177x_8x_clkpwr.o(i.CLKPWR_PowerDown), (28 bytes).
    Removing lpc177x_8x_clkpwr.o(i.CLKPWR_SetCLKDiv), (176 bytes).
    Removing lpc177x_8x_clkpwr.o(i.CLKPWR_Sleep), (16 bytes).
    Removing lpc177x_8x_clkpwr.o(.data), (4 bytes).
    Removing lpc177x_8x_emc.o(.emb_text), (8 bytes).
    Removing lpc177x_8x_emc.o(i.DynMem_Init), (604 bytes).
    Removing lpc177x_8x_emc.o(i.EMC_ConfigEndianMode), (40 bytes).
    Removing lpc177x_8x_emc.o(i.EMC_DynCtrlClockControl), (40 bytes).
    Removing lpc177x_8x_emc.o(i.EMC_DynCtrlClockEnable), (40 bytes).
    Removing lpc177x_8x_emc.o(i.EMC_DynCtrlMMC), (40 bytes).
    Removing lpc177x_8x_emc.o(i.EMC_DynCtrlPowerDownMode), (40 bytes).
    Removing lpc177x_8x_emc.o(i.EMC_DynCtrlSDRAMInit), (40 bytes).
    Removing lpc177x_8x_emc.o(i.EMC_DynCtrlSelfRefresh), (32 bytes).
    Removing lpc177x_8x_emc.o(i.EMC_DynMemCAS), (200 bytes).
    Removing lpc177x_8x_emc.o(i.EMC_DynMemConfigAM), (764 bytes).
    Removing lpc177x_8x_emc.o(i.EMC_DynMemConfigB), (184 bytes).
    Removing lpc177x_8x_emc.o(i.EMC_DynMemConfigMD), (184 bytes).
    Removing lpc177x_8x_emc.o(i.EMC_DynMemConfigP), (184 bytes).
    Removing lpc177x_8x_emc.o(i.EMC_DynMemRAS), (184 bytes).
    Removing lpc177x_8x_emc.o(i.EMC_Init), (336 bytes).
    Removing lpc177x_8x_emc.o(i.EMC_NS2CLK), (44 bytes).
    Removing lpc177x_8x_emc.o(i.EMC_PwrOn), (64 bytes).
    Removing lpc177x_8x_emc.o(i.EMC_SDRAM_REFRESH), (44 bytes).
    Removing lpc177x_8x_emc.o(i.EMC_SetDynMemoryParameter), (168 bytes).
    Removing lpc177x_8x_emc.o(i.EMC_SetStaMemoryParameter), (452 bytes).
    Removing lpc177x_8x_emc.o(i.EMC_StaMemConfigB), (184 bytes).
    Removing lpc177x_8x_emc.o(i.EMC_StaMemConfigEW), (184 bytes).
    Removing lpc177x_8x_emc.o(i.EMC_StaMemConfigMW), (216 bytes).
    Removing lpc177x_8x_emc.o(i.EMC_StaMemConfigPB), (184 bytes).
    Removing lpc177x_8x_emc.o(i.EMC_StaMemConfigPC), (184 bytes).
    Removing lpc177x_8x_emc.o(i.EMC_StaMemConfigPM), (184 bytes).
    Removing lpc177x_8x_emc.o(i.EMC_StaMemConfigpP), (184 bytes).
    Removing lpc177x_8x_emc.o(i.EMC_StaticExtendedWait), (20 bytes).
    Removing lpc177x_8x_emc.o(i.StaticMem_Init), (316 bytes).
    Removing lpc177x_8x_gpio.o(.emb_text), (8 bytes).
    Removing lpc177x_8x_gpio.o(i.FIO_ByteClearValue), (34 bytes).
    Removing lpc177x_8x_gpio.o(i.FIO_ByteGetPointer), (76 bytes).
    Removing lpc177x_8x_gpio.o(i.FIO_ByteReadValue), (32 bytes).
    Removing lpc177x_8x_gpio.o(i.FIO_ByteSetDir), (54 bytes).
    Removing lpc177x_8x_gpio.o(i.FIO_ByteSetMask), (70 bytes).
    Removing lpc177x_8x_gpio.o(i.FIO_ByteSetValue), (34 bytes).
    Removing lpc177x_8x_gpio.o(i.FIO_ClearInt), (16 bytes).
    Removing lpc177x_8x_gpio.o(i.FIO_ClearValue), (16 bytes).
    Removing lpc177x_8x_gpio.o(i.FIO_GetIntStatus), (20 bytes).
    Removing lpc177x_8x_gpio.o(i.FIO_HalfWordClearValue), (32 bytes).
    Removing lpc177x_8x_gpio.o(i.FIO_HalfWordGetPointer), (76 bytes).
    Removing lpc177x_8x_gpio.o(i.FIO_HalfWordReadValue), (30 bytes).
    Removing lpc177x_8x_gpio.o(i.FIO_HalfWordSetDir), (70 bytes).
    Removing lpc177x_8x_gpio.o(i.FIO_HalfWordSetMask), (70 bytes).
    Removing lpc177x_8x_gpio.o(i.FIO_HalfWordSetValue), (32 bytes).
    Removing lpc177x_8x_gpio.o(i.FIO_IntCmd), (20 bytes).
    Removing lpc177x_8x_gpio.o(i.FIO_ReadValue), (12 bytes).
    Removing lpc177x_8x_gpio.o(i.FIO_SetDir), (20 bytes).
    Removing lpc177x_8x_gpio.o(i.FIO_SetMask), (44 bytes).
    Removing lpc177x_8x_gpio.o(i.FIO_SetValue), (16 bytes).
    Removing lpc177x_8x_gpio.o(i.GPIO_ClearInt), (32 bytes).
    Removing lpc177x_8x_gpio.o(i.GPIO_ClearValue), (20 bytes).
    Removing lpc177x_8x_gpio.o(i.GPIO_Deinit), (14 bytes).
    Removing lpc177x_8x_gpio.o(i.GPIO_GetIntStatus), (104 bytes).
    Removing lpc177x_8x_gpio.o(i.GPIO_Init), (12 bytes).
    Removing lpc177x_8x_gpio.o(i.GPIO_IntCmd), (72 bytes).
    Removing lpc177x_8x_gpio.o(i.GPIO_OutputValue), (30 bytes).
    Removing lpc177x_8x_gpio.o(i.GPIO_ReadValue), (22 bytes).
    Removing lpc177x_8x_lcd.o(.emb_text), (8 bytes).
    Removing lpc177x_8x_lcd.o(i.LCD_CtrlSetup), (272 bytes).
    Removing lpc177x_8x_lcd.o(i.LCD_Cursor_Cfg), (140 bytes).
    Removing lpc177x_8x_lcd.o(i.LCD_Cursor_Enable), (44 bytes).
    Removing lpc177x_8x_lcd.o(i.LCD_Cursor_SetImage), (80 bytes).
    Removing lpc177x_8x_lcd.o(i.LCD_Enable), (88 bytes).
    Removing lpc177x_8x_lcd.o(i.LCD_FillRect), (332 bytes).
    Removing lpc177x_8x_lcd.o(i.LCD_GetBitOffset), (132 bytes).
    Removing lpc177x_8x_lcd.o(i.LCD_GetWordOffset), (44 bytes).
    Removing lpc177x_8x_lcd.o(i.LCD_Init), (488 bytes).
    Removing lpc177x_8x_lcd.o(i.LCD_LoadPic), (608 bytes).
    Removing lpc177x_8x_lcd.o(i.LCD_Move_Cursor), (96 bytes).
    Removing lpc177x_8x_lcd.o(i.LCD_PutPixel), (252 bytes).
    Removing lpc177x_8x_lcd.o(i.LCD_SetBaseAddress), (28 bytes).
    Removing lpc177x_8x_lcd.o(i.LCD_SetHorizontalTiming), (116 bytes).
    Removing lpc177x_8x_lcd.o(i.LCD_SetImage), (140 bytes).
    Removing lpc177x_8x_lcd.o(i.LCD_SetPalette), (72 bytes).
    Removing lpc177x_8x_lcd.o(i.LCD_SetPolarity), (188 bytes).
    Removing lpc177x_8x_lcd.o(i.LCD_SetVertialTiming), (96 bytes).
    Removing lpc177x_8x_lcd.o(.bss), (4144 bytes).
    Removing lpc177x_8x_lcd.o(.data), (24 bytes).
    Removing lpc177x_8x_pinsel.o(.emb_text), (8 bytes).
    Removing lpc177x_8x_pinsel.o(i.PINSEL_DacEnable), (88 bytes).
    Removing lpc177x_8x_pinsel.o(i.PINSEL_SetAnalogPinMode), (84 bytes).
    Removing lpc177x_8x_pinsel.o(i.PINSEL_SetFilter), (88 bytes).
    Removing lpc177x_8x_pinsel.o(i.PINSEL_SetHysMode), (84 bytes).
    Removing lpc177x_8x_pinsel.o(i.PINSEL_SetI2CFilter), (84 bytes).
    Removing lpc177x_8x_pinsel.o(i.PINSEL_SetI2CMode), (144 bytes).
    Removing lpc177x_8x_pinsel.o(i.PINSEL_SetInvertInput), (84 bytes).
    Removing lpc177x_8x_pinsel.o(i.PINSEL_SetOpenDrainMode), (88 bytes).
    Removing lpc177x_8x_pinsel.o(i.PINSEL_SetPinMode), (96 bytes).
    Removing lpc177x_8x_pinsel.o(i.PINSEL_SetSlewMode), (84 bytes).
    Removing system_lpc177x_8x.o(.emb_text), (8 bytes).
    Removing startup_lpc177x_8x.o(HEAP), (0 bytes).

111 unused section(s) (total 16066 bytes) removed from the image.

==============================================================================

Image Symbol Table

    Local Symbols

    Symbol Name                              Value     Ov Type        Size  Object(Section)

    RESET                                    0x00000000   Section      228  startup_lpc177x_8x.o(RESET)
    ../../microlib/division.c                0x00000000   Number         0  uldiv.o ABSOLUTE
    ../../microlib/init/entry.s              0x00000000   Number         0  entry5.o ABSOLUTE
    ../../microlib/init/entry.s              0x00000000   Number         0  entry2.o ABSOLUTE
    ../../microlib/init/entry.s              0x00000000   Number         0  entry7.o ABSOLUTE
    ../../microlib/init/entry.s              0x00000000   Number         0  entry.o ABSOLUTE
    ../../microlib/longlong.c                0x00000000   Number         0  llushr.o ABSOLUTE
    ../../microlib/longlong.c                0x00000000   Number         0  llshl.o ABSOLUTE
    ../../microlib/string/memcpy.c           0x00000000   Number         0  memcpya.o ABSOLUTE
    ../../microlib/string/memcpy.c           0x00000000   Number         0  memcpyb.o ABSOLUTE
    ..\..\Common\lpc177x.lpc178x.cmsis.driver.library_2012.8.13\Core\Device\NXP\LPC177x_8x\Source\Templates\ARM\startup_LPC177x_8x.s 0x00000000   Number         0  startup_lpc177x_8x.o ABSOLUTE
    ..\..\Common\lpc177x.lpc178x.cmsis.driver.library_2012.8.13\Core\Device\NXP\LPC177x_8x\Source\Templates\system_LPC177x_8x.c 0x00000000   Number         0  system_lpc177x_8x.o ABSOLUTE
    ..\..\Common\lpc177x.lpc178x.cmsis.driver.library_2012.8.13\Drivers\source\lpc177x_8x_clkpwr.c 0x00000000   Number         0  lpc177x_8x_clkpwr.o ABSOLUTE
    ..\..\Common\lpc177x.lpc178x.cmsis.driver.library_2012.8.13\Drivers\source\lpc177x_8x_emc.c 0x00000000   Number         0  lpc177x_8x_emc.o ABSOLUTE
    ..\..\Common\lpc177x.lpc178x.cmsis.driver.library_2012.8.13\Drivers\source\lpc177x_8x_gpio.c 0x00000000   Number         0  lpc177x_8x_gpio.o ABSOLUTE
    ..\..\Common\lpc177x.lpc178x.cmsis.driver.library_2012.8.13\Drivers\source\lpc177x_8x_lcd.c 0x00000000   Number         0  lpc177x_8x_lcd.o ABSOLUTE
    ..\..\Common\lpc177x.lpc178x.cmsis.driver.library_2012.8.13\Drivers\source\lpc177x_8x_pinsel.c 0x00000000   Number         0  lpc177x_8x_pinsel.o ABSOLUTE
    ..\USER\GLCD\AsciiLib.c                  0x00000000   Number         0  asciilib.o ABSOLUTE
    ..\USER\GLCD\GLCD.c                      0x00000000   Number         0  glcd.o ABSOLUTE
    ..\USER\SDRAM\SDRAM_K4M563233G_32M_32BIT.c 0x00000000   Number         0  sdram_k4m563233g_32m_32bit.o ABSOLUTE
    ..\USER\SDRAM\SDRAM_K4S561632C_32M_16BIT.c 0x00000000   Number         0  sdram_k4s561632c_32m_16bit.o ABSOLUTE
    ..\USER\main.c                           0x00000000   Number         0  main.o ABSOLUTE
    ..\\..\\Common\\lpc177x.lpc178x.cmsis.driver.library_2012.8.13\\Core\\Device\\NXP\\LPC177x_8x\\Source\\Templates\\system_LPC177x_8x.c 0x00000000   Number         0  system_lpc177x_8x.o ABSOLUTE
    ..\\..\\Common\\lpc177x.lpc178x.cmsis.driver.library_2012.8.13\\Drivers\\source\\lpc177x_8x_clkpwr.c 0x00000000   Number         0  lpc177x_8x_clkpwr.o ABSOLUTE
    ..\\..\\Common\\lpc177x.lpc178x.cmsis.driver.library_2012.8.13\\Drivers\\source\\lpc177x_8x_emc.c 0x00000000   Number         0  lpc177x_8x_emc.o ABSOLUTE
    ..\\..\\Common\\lpc177x.lpc178x.cmsis.driver.library_2012.8.13\\Drivers\\source\\lpc177x_8x_gpio.c 0x00000000   Number         0  lpc177x_8x_gpio.o ABSOLUTE
    ..\\..\\Common\\lpc177x.lpc178x.cmsis.driver.library_2012.8.13\\Drivers\\source\\lpc177x_8x_lcd.c 0x00000000   Number         0  lpc177x_8x_lcd.o ABSOLUTE
    ..\\..\\Common\\lpc177x.lpc178x.cmsis.driver.library_2012.8.13\\Drivers\\source\\lpc177x_8x_pinsel.c 0x00000000   Number         0  lpc177x_8x_pinsel.o ABSOLUTE
    ..\\USER\\GLCD\\GLCD.c                   0x00000000   Number         0  glcd.o ABSOLUTE
    ..\\USER\\SDRAM\\SDRAM_K4M563233G_32M_32BIT.c 0x00000000   Number         0  sdram_k4m563233g_32m_32bit.o ABSOLUTE
    ..\\USER\\SDRAM\\SDRAM_K4S561632C_32M_16BIT.c 0x00000000   Number         0  sdram_k4s561632c_32m_16bit.o ABSOLUTE
    dc.s                                     0x00000000   Number         0  dc.o ABSOLUTE
    handlers.s                               0x00000000   Number         0  handlers.o ABSOLUTE
    init.s                                   0x00000000   Number         0  init.o ABSOLUTE
    .ARM.Collect$$$$00000000                 0x000000e4   Section        0  entry.o(.ARM.Collect$$$$00000000)
    .ARM.Collect$$$$00000001                 0x000000e4   Section        4  entry2.o(.ARM.Collect$$$$00000001)
    .ARM.Collect$$$$00000004                 0x000000e8   Section        4  entry5.o(.ARM.Collect$$$$00000004)
    .ARM.Collect$$$$00000007                 0x000000ec   Section        8  entry7.o(.ARM.Collect$$$$00000007)
    .ARM.Collect$$$$00002712                 0x000000f4   Section        4  entry2.o(.ARM.Collect$$$$00002712)
    __lit__00000000                          0x000000f4   Data           4  entry2.o(.ARM.Collect$$$$00002712)
    .text                                    0x000000f8   Section       36  startup_lpc177x_8x.o(.text)
    .text                                    0x0000011c   Section        0  memcpya.o(.text)
    .text                                    0x00000140   Section       36  init.o(.text)
    i.CLKPWR_ConfigPPWR                      0x00000164   Section        0  lpc177x_8x_clkpwr.o(i.CLKPWR_ConfigPPWR)
    i.Delay                                  0x00000194   Section        0  main.o(i.Delay)
    i.GLCD_Clear                             0x000001a0   Section        0  glcd.o(i.GLCD_Clear)
    i.GLCD_Ctrl                              0x000001d4   Section        0  glcd.o(i.GLCD_Ctrl)
    GLCD_Ctrl                                0x000001d5   Thumb Code    84  glcd.o(i.GLCD_Ctrl)
    i.GLCD_Init                              0x0000022c   Section        0  glcd.o(i.GLCD_Init)
    i.GLCD_SetPixel_16bpp                    0x00000240   Section        0  glcd.o(i.GLCD_SetPixel_16bpp)
    i.GPIO_GetPointer                        0x00000258   Section        0  lpc177x_8x_gpio.o(i.GPIO_GetPointer)
    GPIO_GetPointer                          0x00000259   Thumb Code    50  lpc177x_8x_gpio.o(i.GPIO_GetPointer)
    i.GPIO_SetDir                            0x000002a4   Section        0  lpc177x_8x_gpio.o(i.GPIO_SetDir)
    i.GPIO_SetValue                          0x000002d0   Section        0  lpc177x_8x_gpio.o(i.GPIO_SetValue)
    i.PIN_GetPointer                         0x000002e4   Section        0  lpc177x_8x_pinsel.o(i.PIN_GetPointer)
    PIN_GetPointer                           0x000002e5   Thumb Code    20  lpc177x_8x_pinsel.o(i.PIN_GetPointer)
    .ARM.__at_0x02FC                         0x000002fc   Section        4  startup_lpc177x_8x.o(.ARM.__at_0x02FC)
    i.GLCD_Config                            0x00000300   Section        0  glcd.o(i.GLCD_Config)
    GLCD_Config                              0x00000301   Thumb Code   500  glcd.o(i.GLCD_Config)
    i.GUI_Text                               0x00000510   Section        0  glcd.o(i.GUI_Text)
    i.GetASCIICode                           0x00000564   Section        0  asciilib.o(i.GetASCIICode)
    i.LCD_ClockDivide                        0x00000584   Section        0  glcd.o(i.LCD_ClockDivide)
    LCD_ClockDivide                          0x00000585   Thumb Code    54  glcd.o(i.LCD_ClockDivide)
    i.PINSEL_ConfigPin                       0x000005c0   Section        0  lpc177x_8x_pinsel.o(i.PINSEL_ConfigPin)
    i.PINSEL_GetPinType                      0x0000060c   Section        0  lpc177x_8x_pinsel.o(i.PINSEL_GetPinType)
    i.PutChar                                0x000006c6   Section        0  glcd.o(i.PutChar)
    i.SDRAM_32M_16BIT_Init                   0x00000734   Section        0  sdram_k4s561632c_32m_16bit.o(i.SDRAM_32M_16BIT_Init)
    i.SystemCoreClockUpdate                  0x000008e8   Section        0  system_lpc177x_8x.o(i.SystemCoreClockUpdate)
    i.SystemInit                             0x00000bec   Section        0  system_lpc177x_8x.o(i.SystemInit)
    i.__scatterload_copy                     0x00000cf8   Section       14  handlers.o(i.__scatterload_copy)
    i.__scatterload_null                     0x00000d06   Section        2  handlers.o(i.__scatterload_null)
    i.__scatterload_zeroinit                 0x00000d08   Section       14  handlers.o(i.__scatterload_zeroinit)
    i.main                                   0x00000d18   Section        0  main.o(i.main)
    .constdata                               0x00000dbc   Section     1520  asciilib.o(.constdata)
    AsciiLib                                 0x00000dbc   Data        1520  asciilib.o(.constdata)
    .data                                    0x10000000   Section       16  system_lpc177x_8x.o(.data)
    STACK                                    0x10000010   Section      512  startup_lpc177x_8x.o(STACK)

    Global Symbols

    Symbol Name                              Value     Ov Type        Size  Object(Section)

    BuildAttributes$$THM_ISAv4$P$D$K$B$S$PE$A:L22UL41UL21$X:L11$S22US41US21$IEEE1$IW$USESV6$~STKCKD$USESV7$~SHL$OSPACE$EBA8$MICROLIB$REQ8$PRES8$EABIv2 0x00000000   Number         0  anon$$obj.o ABSOLUTE
    __ARM_use_no_argv                        0x00000000   Number         0  main.o ABSOLUTE
    __Vectors                                0x00000000   Data           4  startup_lpc177x_8x.o(RESET)
    __decompress                              - Undefined Weak Reference
    __main                                   0x000000e5   Thumb Code     0  entry.o(.ARM.Collect$$$$00000000)
    _main_stk                                0x000000e5   Thumb Code     0  entry2.o(.ARM.Collect$$$$00000001)
    _main_scatterload                        0x000000e9   Thumb Code     0  entry5.o(.ARM.Collect$$$$00000004)
    __main_after_scatterload                 0x000000ed   Thumb Code     0  entry5.o(.ARM.Collect$$$$00000004)
    _main_init                               0x000000ed   Thumb Code     0  entry7.o(.ARM.Collect$$$$00000007)
    Reset_Handler                            0x000000f9   Thumb Code     8  startup_lpc177x_8x.o(.text)
    NMI_Handler                              0x00000101   Thumb Code     2  startup_lpc177x_8x.o(.text)
    HardFault_Handler                        0x00000103   Thumb Code     2  startup_lpc177x_8x.o(.text)
    MemManage_Handler                        0x00000105   Thumb Code     2  startup_lpc177x_8x.o(.text)
    BusFault_Handler                         0x00000107   Thumb Code     2  startup_lpc177x_8x.o(.text)
    UsageFault_Handler                       0x00000109   Thumb Code     2  startup_lpc177x_8x.o(.text)
    SVC_Handler                              0x0000010b   Thumb Code     2  startup_lpc177x_8x.o(.text)
    DebugMon_Handler                         0x0000010d   Thumb Code     2  startup_lpc177x_8x.o(.text)
    PendSV_Handler                           0x0000010f   Thumb Code     2  startup_lpc177x_8x.o(.text)
    SysTick_Handler                          0x00000111   Thumb Code     2  startup_lpc177x_8x.o(.text)
    ADC_IRQHandler                           0x00000113   Thumb Code     0  startup_lpc177x_8x.o(.text)
    BOD_IRQHandler                           0x00000113   Thumb Code     0  startup_lpc177x_8x.o(.text)
    CANActivity_IRQHandler                   0x00000113   Thumb Code     0  startup_lpc177x_8x.o(.text)
    CAN_IRQHandler                           0x00000113   Thumb Code     0  startup_lpc177x_8x.o(.text)
    DMA_IRQHandler                           0x00000113   Thumb Code     0  startup_lpc177x_8x.o(.text)
    EEPROM_IRQHandler                        0x00000113   Thumb Code     0  startup_lpc177x_8x.o(.text)
    EINT0_IRQHandler                         0x00000113   Thumb Code     0  startup_lpc177x_8x.o(.text)
    EINT1_IRQHandler                         0x00000113   Thumb Code     0  startup_lpc177x_8x.o(.text)
    EINT2_IRQHandler                         0x00000113   Thumb Code     0  startup_lpc177x_8x.o(.text)
    EINT3_IRQHandler                         0x00000113   Thumb Code     0  startup_lpc177x_8x.o(.text)
    ENET_IRQHandler                          0x00000113   Thumb Code     0  startup_lpc177x_8x.o(.text)
    GPIO_IRQHandler                          0x00000113   Thumb Code     0  startup_lpc177x_8x.o(.text)
    I2C0_IRQHandler                          0x00000113   Thumb Code     0  startup_lpc177x_8x.o(.text)
    I2C1_IRQHandler                          0x00000113   Thumb Code     0  startup_lpc177x_8x.o(.text)
    I2C2_IRQHandler                          0x00000113   Thumb Code     0  startup_lpc177x_8x.o(.text)
    I2S_IRQHandler                           0x00000113   Thumb Code     0  startup_lpc177x_8x.o(.text)
    LCD_IRQHandler                           0x00000113   Thumb Code     0  startup_lpc177x_8x.o(.text)
    MCI_IRQHandler                           0x00000113   Thumb Code     0  startup_lpc177x_8x.o(.text)
    MCPWM_IRQHandler                         0x00000113   Thumb Code     0  startup_lpc177x_8x.o(.text)
    PLL0_IRQHandler                          0x00000113   Thumb Code     0  startup_lpc177x_8x.o(.text)
    PLL1_IRQHandler                          0x00000113   Thumb Code     0  startup_lpc177x_8x.o(.text)
    PWM0_IRQHandler                          0x00000113   Thumb Code     0  startup_lpc177x_8x.o(.text)
    PWM1_IRQHandler                          0x00000113   Thumb Code     0  startup_lpc177x_8x.o(.text)
    QEI_IRQHandler                           0x00000113   Thumb Code     0  startup_lpc177x_8x.o(.text)
    RTC_IRQHandler                           0x00000113   Thumb Code     0  startup_lpc177x_8x.o(.text)
    SSP0_IRQHandler                          0x00000113   Thumb Code     0  startup_lpc177x_8x.o(.text)
    SSP1_IRQHandler                          0x00000113   Thumb Code     0  startup_lpc177x_8x.o(.text)
    SSP2_IRQHandler                          0x00000113   Thumb Code     0  startup_lpc177x_8x.o(.text)
    TIMER0_IRQHandler                        0x00000113   Thumb Code     0  startup_lpc177x_8x.o(.text)
    TIMER1_IRQHandler                        0x00000113   Thumb Code     0  startup_lpc177x_8x.o(.text)
    TIMER2_IRQHandler                        0x00000113   Thumb Code     0  startup_lpc177x_8x.o(.text)
    TIMER3_IRQHandler                        0x00000113   Thumb Code     0  startup_lpc177x_8x.o(.text)
    UART0_IRQHandler                         0x00000113   Thumb Code     0  startup_lpc177x_8x.o(.text)
    UART1_IRQHandler                         0x00000113   Thumb Code     0  startup_lpc177x_8x.o(.text)
    UART2_IRQHandler                         0x00000113   Thumb Code     0  startup_lpc177x_8x.o(.text)
    UART3_IRQHandler                         0x00000113   Thumb Code     0  startup_lpc177x_8x.o(.text)
    UART4_IRQHandler                         0x00000113   Thumb Code     0  startup_lpc177x_8x.o(.text)
    USBActivity_IRQHandler                   0x00000113   Thumb Code     0  startup_lpc177x_8x.o(.text)
    USB_IRQHandler                           0x00000113   Thumb Code     0  startup_lpc177x_8x.o(.text)
    WDT_IRQHandler                           0x00000113   Thumb Code     0  startup_lpc177x_8x.o(.text)
    __aeabi_memcpy                           0x0000011d   Thumb Code    36  memcpya.o(.text)
    __aeabi_memcpy4                          0x0000011d   Thumb Code     0  memcpya.o(.text)
    __aeabi_memcpy8                          0x0000011d   Thumb Code     0  memcpya.o(.text)
    __scatterload                            0x00000141   Thumb Code    28  init.o(.text)
    __scatterload_rt2                        0x00000141   Thumb Code     0  init.o(.text)
    CLKPWR_ConfigPPWR                        0x00000165   Thumb Code    38  lpc177x_8x_clkpwr.o(i.CLKPWR_ConfigPPWR)
    Delay                                    0x00000195   Thumb Code    12  main.o(i.Delay)
    GLCD_Clear                               0x000001a1   Thumb Code    52  glcd.o(i.GLCD_Clear)
    GLCD_Init                                0x0000022d   Thumb Code    20  glcd.o(i.GLCD_Init)
    GLCD_SetPixel_16bpp                      0x00000241   Thumb Code    18  glcd.o(i.GLCD_SetPixel_16bpp)
    GPIO_SetDir                              0x000002a5   Thumb Code    44  lpc177x_8x_gpio.o(i.GPIO_SetDir)
    GPIO_SetValue                            0x000002d1   Thumb Code    20  lpc177x_8x_gpio.o(i.GPIO_SetValue)
    GUI_Text                                 0x00000511   Thumb Code    84  glcd.o(i.GUI_Text)
    GetASCIICode                             0x00000565   Thumb Code    28  asciilib.o(i.GetASCIICode)
    PINSEL_ConfigPin                         0x000005c1   Thumb Code    72  lpc177x_8x_pinsel.o(i.PINSEL_ConfigPin)
    PINSEL_GetPinType                        0x0000060d   Thumb Code   186  lpc177x_8x_pinsel.o(i.PINSEL_GetPinType)
    PutChar                                  0x000006c7   Thumb Code   108  glcd.o(i.PutChar)
    SDRAM_32M_16BIT_Init                     0x00000735   Thumb Code   404  sdram_k4s561632c_32m_16bit.o(i.SDRAM_32M_16BIT_Init)
    SystemCoreClockUpdate                    0x000008e9   Thumb Code   724  system_lpc177x_8x.o(i.SystemCoreClockUpdate)
    SystemInit                               0x00000bed   Thumb Code   212  system_lpc177x_8x.o(i.SystemInit)
    __scatterload_copy                       0x00000cf9   Thumb Code    14  handlers.o(i.__scatterload_copy)
    __scatterload_null                       0x00000d07   Thumb Code     2  handlers.o(i.__scatterload_null)
    __scatterload_zeroinit                   0x00000d09   Thumb Code    14  handlers.o(i.__scatterload_zeroinit)
    main                                     0x00000d19   Thumb Code   126  main.o(i.main)
    Region$$Table$$Base                      0x000013ac   Number         0  anon$$obj.o(Region$$Table)
    Region$$Table$$Limit                     0x000013cc   Number         0  anon$$obj.o(Region$$Table)
    SystemCoreClock                          0x10000000   Data           4  system_lpc177x_8x.o(.data)
    PeripheralClock                          0x10000004   Data           4  system_lpc177x_8x.o(.data)
    EMCClock                                 0x10000008   Data           4  system_lpc177x_8x.o(.data)
    USBClock                                 0x1000000c   Data           4  system_lpc177x_8x.o(.data)
    __initial_sp                             0x10000210   Data           0  startup_lpc177x_8x.o(STACK)



==============================================================================

Memory Map of the image

  Image Entry point : 0x000000e5

  Load Region LR_IROM1 (Base: 0x00000000, Size: 0x000013dc, Max: 0x00080000, ABSOLUTE)

    Execution Region ER_IROM1 (Base: 0x00000000, Size: 0x000013cc, Max: 0x00080000, ABSOLUTE)

    Base Addr    Size         Type   Attr      Idx    E Section Name        Object

    0x00000000   0x000000e4   Data   RO          885    RESET               startup_lpc177x_8x.o
    0x000000e4   0x00000000   Code   RO          893  * .ARM.Collect$$$$00000000  mc_w.l(entry.o)
    0x000000e4   0x00000004   Code   RO          902    .ARM.Collect$$$$00000001  mc_w.l(entry2.o)
    0x000000e8   0x00000004   Code   RO          905    .ARM.Collect$$$$00000004  mc_w.l(entry5.o)
    0x000000ec   0x00000008   Code   RO          906    .ARM.Collect$$$$00000007  mc_w.l(entry7.o)
    0x000000f4   0x00000004   Code   RO          903    .ARM.Collect$$$$00002712  mc_w.l(entry2.o)
    0x000000f8   0x00000024   Code   RO          887    .text               startup_lpc177x_8x.o
    0x0000011c   0x00000024   Code   RO          898    .text               mc_w.l(memcpya.o)
    0x00000140   0x00000024   Code   RO          911    .text               mc_w.l(init.o)
    0x00000164   0x00000030   Code   RO          213    i.CLKPWR_ConfigPPWR  lpc177x_8x_clkpwr.o
    0x00000194   0x0000000c   Code   RO            1    i.Delay             main.o
    0x000001a0   0x00000034   Code   RO           34    i.GLCD_Clear        glcd.o
    0x000001d4   0x00000058   Code   RO           37    i.GLCD_Ctrl         glcd.o
    0x0000022c   0x00000014   Code   RO           42    i.GLCD_Init         glcd.o
    0x00000240   0x00000018   Code   RO           44    i.GLCD_SetPixel_16bpp  glcd.o
    0x00000258   0x0000004c   Code   RO          479    i.GPIO_GetPointer   lpc177x_8x_gpio.o
    0x000002a4   0x0000002c   Code   RO          484    i.GPIO_SetDir       lpc177x_8x_gpio.o
    0x000002d0   0x00000014   Code   RO          485    i.GPIO_SetValue     lpc177x_8x_gpio.o
    0x000002e4   0x00000018   Code   RO          781    i.PIN_GetPointer    lpc177x_8x_pinsel.o
    0x000002fc   0x00000004   Code   RO          886    .ARM.__at_0x02FC    startup_lpc177x_8x.o
    0x00000300   0x00000210   Code   RO           35    i.GLCD_Config       glcd.o
    0x00000510   0x00000054   Code   RO           45    i.GUI_Text          glcd.o
    0x00000564   0x00000020   Code   RO          151    i.GetASCIICode      asciilib.o
    0x00000584   0x0000003c   Code   RO           46    i.LCD_ClockDivide   glcd.o
    0x000005c0   0x0000004c   Code   RO          769    i.PINSEL_ConfigPin  lpc177x_8x_pinsel.o
    0x0000060c   0x000000ba   Code   RO          771    i.PINSEL_GetPinType  lpc177x_8x_pinsel.o
    0x000006c6   0x0000006c   Code   RO           47    i.PutChar           glcd.o
    0x00000732   0x00000002   PAD
    0x00000734   0x000001b4   Code   RO          172    i.SDRAM_32M_16BIT_Init  sdram_k4s561632c_32m_16bit.o
    0x000008e8   0x00000304   Code   RO          856    i.SystemCoreClockUpdate  system_lpc177x_8x.o
    0x00000bec   0x0000010c   Code   RO          857    i.SystemInit        system_lpc177x_8x.o
    0x00000cf8   0x0000000e   Code   RO          915    i.__scatterload_copy  mc_w.l(handlers.o)
    0x00000d06   0x00000002   Code   RO          916    i.__scatterload_null  mc_w.l(handlers.o)
    0x00000d08   0x0000000e   Code   RO          917    i.__scatterload_zeroinit  mc_w.l(handlers.o)
    0x00000d16   0x00000002   PAD
    0x00000d18   0x000000a4   Code   RO            2    i.main              main.o
    0x00000dbc   0x000005f0   Data   RO          152    .constdata          asciilib.o
    0x000013ac   0x00000020   Data   RO          913    Region$$Table       anon$$obj.o


    Execution Region RW_IRAM1 (Base: 0x10000000, Size: 0x00000210, Max: 0x00010000, ABSOLUTE)

    Base Addr    Size         Type   Attr      Idx    E Section Name        Object

    0x10000000   0x00000010   Data   RW          858    .data               system_lpc177x_8x.o
    0x10000010   0x00000200   Zero   RW          883    STACK               startup_lpc177x_8x.o


    Execution Region RW_IRAM2 (Base: 0x20000000, Size: 0x00000000, Max: 0x00008000, ABSOLUTE)

    **** No section assigned to this execution region ****


==============================================================================

Image component sizes


      Code (inc. data)   RO Data    RW Data    ZI Data      Debug   Object Name

        32          4       1520          0          0       1007   asciilib.o
       964         44          0          0          0      31084   glcd.o
        48         10          0          0          0        640   lpc177x_8x_clkpwr.o
       140         32          0          0          0       2682   lpc177x_8x_gpio.o
       286         14          0          0          0       2955   lpc177x_8x_pinsel.o
       176         38          0          0          0       6363   main.o
       436         32          0          0          0       1315   sdram_k4s561632c_32m_16bit.o
        40         12        228          0        512       1240   startup_lpc177x_8x.o
      1040        104          0         16          0       2553   system_lpc177x_8x.o

    ----------------------------------------------------------------------
      3164        290       1780         16        512      49839   Object Totals
         0          0         32          0          0          0   (incl. Generated)
         2          0          0          0          0          0   (incl. Padding)

    ----------------------------------------------------------------------

      Code (inc. data)   RO Data    RW Data    ZI Data      Debug   Library Member Name

         0          0          0          0          0          0   entry.o
         8          4          0          0          0          0   entry2.o
         4          0          0          0          0          0   entry5.o
         8          4          0          0          0          0   entry7.o
        30          0          0          0          0          0   handlers.o
        36          8          0          0          0         68   init.o
        36          0          0          0          0         68   memcpya.o

    ----------------------------------------------------------------------
       124         16          0          0          0        136   Library Totals
         2          0          0          0          0          0   (incl. Padding)

    ----------------------------------------------------------------------

      Code (inc. data)   RO Data    RW Data    ZI Data      Debug   Library Name

       122         16          0          0          0        136   mc_w.l

    ----------------------------------------------------------------------
       124         16          0          0          0        136   Library Totals

    ----------------------------------------------------------------------

==============================================================================


      Code (inc. data)   RO Data    RW Data    ZI Data      Debug   

      3288        306       1780         16        512      48935   Grand Totals
      3288        306       1780         16        512      48935   ELF Image Totals
      3288        306       1780         16          0          0   ROM Totals

==============================================================================

    Total RO  Size (Code + RO Data)                 5068 (   4.95kB)
    Total RW  Size (RW Data + ZI Data)               528 (   0.52kB)
    Total ROM Size (Code + RO Data + RW Data)       5084 (   4.96kB)

==============================================================================

