ARM Linker, 4.1 [Build 713] [Standard]

==============================================================================

Section Cross References

    main.o(i.Buffer_Init) refers to debug_frmwrk.o(i.debug_frmwrk_init) for debug_frmwrk_init
    main.o(i.Buffer_Init) refers to memcpya.o(.text) for __aeabi_memcpy
    main.o(i.Buffer_Init) refers to main.o(.constdata) for audio
    main.o(i.Buffer_Init) refers to main.o(.bss) for tx_buffer
    main.o(i.Buffer_Init) refers to main.o(.data) for buffer_offset
    main.o(i.Buffer_Init) refers to wav.o(.bss) for userWav
    main.o(i.I2S_Callback) refers to memcpya.o(.text) for __aeabi_memcpy
    main.o(i.I2S_Callback) refers to main.o(.data) for remain_data
    main.o(i.I2S_Callback) refers to main.o(.constdata) for audio
    main.o(i.I2S_Callback) refers to main.o(.bss) for tx_buffer
    main.o(i.I2S_IRQHandler) refers to lpc177x_8x_i2s.o(i.I2S_GetLevel) for I2S_GetLevel
    main.o(i.I2S_IRQHandler) refers to main.o(i.I2S_Callback) for I2S_Callback
    main.o(i.I2S_IRQHandler) refers to main.o(i.Buffer_Init) for Buffer_Init
    main.o(i.I2S_IRQHandler) refers to main.o(.bss) for tx_buffer
    main.o(i.I2S_IRQHandler) refers to main.o(.data) for buffer_offset
    main.o(i.c_entry) refers to main.o(i.Buffer_Init) for Buffer_Init
    main.o(i.c_entry) refers to lpc177x_8x_pinsel.o(i.PINSEL_ConfigPin) for PINSEL_ConfigPin
    main.o(i.c_entry) refers to lpc177x_8x_i2s.o(i.I2S_Init) for I2S_Init
    main.o(i.c_entry) refers to lpc177x_8x_i2s.o(i.I2S_Config) for I2S_Config
    main.o(i.c_entry) refers to lpc177x_8x_i2s.o(i.I2S_ModeConfig) for I2S_ModeConfig
    main.o(i.c_entry) refers to lpc177x_8x_i2s.o(i.I2S_FreqConfig) for I2S_FreqConfig
    main.o(i.c_entry) refers to lpc177x_8x_i2s.o(i.I2S_Stop) for I2S_Stop
    main.o(i.c_entry) refers to lpc177x_8x_i2s.o(i.I2S_IRQConfig) for I2S_IRQConfig
    main.o(i.c_entry) refers to lpc177x_8x_i2s.o(i.I2S_IRQCmd) for I2S_IRQCmd
    main.o(i.c_entry) refers to uda1380.o(i.Uda1380_Init) for Uda1380_Init
    main.o(i.c_entry) refers to lpc177x_8x_i2s.o(i.I2S_Start) for I2S_Start
    main.o(i.main) refers to main.o(i.c_entry) for c_entry
    uda1380.o(i.Uda1380_Init) refers to lpc177x_8x_pinsel.o(i.PINSEL_ConfigPin) for PINSEL_ConfigPin
    uda1380.o(i.Uda1380_Init) refers to lpc177x_8x_i2c.o(i.I2C_Init) for I2C_Init
    uda1380.o(i.Uda1380_Init) refers to lpc177x_8x_i2c.o(i.I2C_Cmd) for I2C_Cmd
    uda1380.o(i.Uda1380_Init) refers to uda1380.o(i.Uda1380_WriteData) for Uda1380_WriteData
    uda1380.o(i.Uda1380_Init) refers to uda1380.o(i.Uda1380_Mute) for Uda1380_Mute
    uda1380.o(i.Uda1380_Mute) refers to uda1380.o(i.Uda1380_ReadData) for Uda1380_ReadData
    uda1380.o(i.Uda1380_Mute) refers to uda1380.o(i.Uda1380_WriteData) for Uda1380_WriteData
    uda1380.o(i.Uda1380_ReadData) refers to lpc177x_8x_i2c.o(i.I2C_MasterTransferData) for I2C_MasterTransferData
    uda1380.o(i.Uda1380_WriteData) refers to lpc177x_8x_i2c.o(i.I2C_MasterTransferData) for I2C_MasterTransferData
    uda1380.o(i.Uda1380_WriteData) refers to uda1380.o(i.Uda1380_ReadData) for Uda1380_ReadData
    debug_frmwrk.o(i.UARTGetChar) refers to lpc177x_8x_uart.o(i.UART_Receive) for UART_Receive
    debug_frmwrk.o(i.UARTGetCharInNonBlock) refers to lpc177x_8x_uart.o(i.UART_Receive) for UART_Receive
    debug_frmwrk.o(i.UARTGetValue) refers to lpc177x_8x_uart.o(i.UART_Receive) for UART_Receive
    debug_frmwrk.o(i.UARTGetValue) refers to debug_frmwrk.o(i.UARTPuts) for UARTPuts
    debug_frmwrk.o(i.UARTGetValue) refers to debug_frmwrk.o(i.UARTPutChar) for UARTPutChar
    debug_frmwrk.o(i.UARTGetValue) refers to debug_frmwrk.o(.constdata) for .constdata
    debug_frmwrk.o(i.UARTPutChar) refers to lpc177x_8x_uart.o(i.UART_Send) for UART_Send
    debug_frmwrk.o(i.UARTPutDec) refers to debug_frmwrk.o(i.UARTPutChar) for UARTPutChar
    debug_frmwrk.o(i.UARTPutDec16) refers to debug_frmwrk.o(i.UARTPutChar) for UARTPutChar
    debug_frmwrk.o(i.UARTPutDec32) refers to debug_frmwrk.o(i.UARTPutChar) for UARTPutChar
    debug_frmwrk.o(i.UARTPutHex) refers to debug_frmwrk.o(i.UARTPuts) for UARTPuts
    debug_frmwrk.o(i.UARTPutHex) refers to debug_frmwrk.o(i.UARTPutChar) for UARTPutChar
    debug_frmwrk.o(i.UARTPutHex16) refers to debug_frmwrk.o(i.UARTPuts) for UARTPuts
    debug_frmwrk.o(i.UARTPutHex16) refers to debug_frmwrk.o(i.UARTPutChar) for UARTPutChar
    debug_frmwrk.o(i.UARTPutHex16_) refers to debug_frmwrk.o(i.UARTPutChar) for UARTPutChar
    debug_frmwrk.o(i.UARTPutHex32) refers to debug_frmwrk.o(i.UARTPuts) for UARTPuts
    debug_frmwrk.o(i.UARTPutHex32) refers to debug_frmwrk.o(i.UARTPutChar) for UARTPutChar
    debug_frmwrk.o(i.UARTPutHex32_) refers to debug_frmwrk.o(i.UARTPutChar) for UARTPutChar
    debug_frmwrk.o(i.UARTPutHex_) refers to debug_frmwrk.o(i.UARTPutChar) for UARTPutChar
    debug_frmwrk.o(i.UARTPuts) refers to debug_frmwrk.o(i.UARTPutChar) for UARTPutChar
    debug_frmwrk.o(i.UARTPuts_) refers to debug_frmwrk.o(i.UARTPuts) for UARTPuts
    debug_frmwrk.o(i.debug_frmwrk_init) refers to lpc177x_8x_pinsel.o(i.PINSEL_ConfigPin) for PINSEL_ConfigPin
    debug_frmwrk.o(i.debug_frmwrk_init) refers to lpc177x_8x_uart.o(i.UART_ConfigStructInit) for UART_ConfigStructInit
    debug_frmwrk.o(i.debug_frmwrk_init) refers to lpc177x_8x_uart.o(i.UART_Init) for UART_Init
    debug_frmwrk.o(i.debug_frmwrk_init) refers to lpc177x_8x_uart.o(i.UART_TxCmd) for UART_TxCmd
    debug_frmwrk.o(i.debug_frmwrk_init) refers to debug_frmwrk.o(i.UARTPuts) for UARTPuts
    debug_frmwrk.o(i.debug_frmwrk_init) refers to debug_frmwrk.o(.data) for _db_msg
    debug_frmwrk.o(i.debug_frmwrk_init) refers to debug_frmwrk.o(i.UARTPuts_) for UARTPuts_
    debug_frmwrk.o(i.debug_frmwrk_init) refers to debug_frmwrk.o(i.UARTPutChar) for UARTPutChar
    debug_frmwrk.o(i.debug_frmwrk_init) refers to debug_frmwrk.o(i.UARTPutHex) for UARTPutHex
    debug_frmwrk.o(i.debug_frmwrk_init) refers to debug_frmwrk.o(i.UARTPutHex16) for UARTPutHex16
    debug_frmwrk.o(i.debug_frmwrk_init) refers to debug_frmwrk.o(i.UARTPutHex32) for UARTPutHex32
    debug_frmwrk.o(i.debug_frmwrk_init) refers to debug_frmwrk.o(i.UARTPutHex_) for UARTPutHex_
    debug_frmwrk.o(i.debug_frmwrk_init) refers to debug_frmwrk.o(i.UARTPutHex16_) for UARTPutHex16_
    debug_frmwrk.o(i.debug_frmwrk_init) refers to debug_frmwrk.o(i.UARTPutHex32_) for UARTPutHex32_
    debug_frmwrk.o(i.debug_frmwrk_init) refers to debug_frmwrk.o(i.UARTPutDec) for UARTPutDec
    debug_frmwrk.o(i.debug_frmwrk_init) refers to debug_frmwrk.o(i.UARTPutDec16) for UARTPutDec16
    debug_frmwrk.o(i.debug_frmwrk_init) refers to debug_frmwrk.o(i.UARTPutDec32) for UARTPutDec32
    debug_frmwrk.o(i.debug_frmwrk_init) refers to debug_frmwrk.o(i.UARTGetChar) for UARTGetChar
    debug_frmwrk.o(i.debug_frmwrk_init) refers to debug_frmwrk.o(i.UARTGetValue) for UARTGetValue
    debug_frmwrk.o(i.debug_frmwrk_init) refers to debug_frmwrk.o(i.UARTGetCharInNonBlock) for UARTGetCharInNonBlock
    lpc177x_8x_clkpwr.o(i.CLKPWR_GetCLK) refers to system_lpc177x_8x.o(.data) for SystemCoreClock
    lpc177x_8x_clkpwr.o(i.CLKPWR_SetCLKDiv) refers to system_lpc177x_8x.o(i.SystemCoreClockUpdate) for SystemCoreClockUpdate
    lpc177x_8x_gpio.o(i.FIO_ByteClearValue) refers to lpc177x_8x_gpio.o(i.FIO_ByteGetPointer) for FIO_ByteGetPointer
    lpc177x_8x_gpio.o(i.FIO_ByteReadValue) refers to lpc177x_8x_gpio.o(i.FIO_ByteGetPointer) for FIO_ByteGetPointer
    lpc177x_8x_gpio.o(i.FIO_ByteSetDir) refers to lpc177x_8x_gpio.o(i.FIO_ByteGetPointer) for FIO_ByteGetPointer
    lpc177x_8x_gpio.o(i.FIO_ByteSetMask) refers to lpc177x_8x_gpio.o(i.FIO_ByteGetPointer) for FIO_ByteGetPointer
    lpc177x_8x_gpio.o(i.FIO_ByteSetValue) refers to lpc177x_8x_gpio.o(i.FIO_ByteGetPointer) for FIO_ByteGetPointer
    lpc177x_8x_gpio.o(i.FIO_ClearInt) refers to lpc177x_8x_gpio.o(i.GPIO_ClearInt) for GPIO_ClearInt
    lpc177x_8x_gpio.o(i.FIO_ClearValue) refers to lpc177x_8x_gpio.o(i.GPIO_ClearValue) for GPIO_ClearValue
    lpc177x_8x_gpio.o(i.FIO_GetIntStatus) refers to lpc177x_8x_gpio.o(i.GPIO_GetIntStatus) for GPIO_GetIntStatus
    lpc177x_8x_gpio.o(i.FIO_HalfWordClearValue) refers to lpc177x_8x_gpio.o(i.FIO_HalfWordGetPointer) for FIO_HalfWordGetPointer
    lpc177x_8x_gpio.o(i.FIO_HalfWordReadValue) refers to lpc177x_8x_gpio.o(i.FIO_HalfWordGetPointer) for FIO_HalfWordGetPointer
    lpc177x_8x_gpio.o(i.FIO_HalfWordSetDir) refers to lpc177x_8x_gpio.o(i.FIO_HalfWordGetPointer) for FIO_HalfWordGetPointer
    lpc177x_8x_gpio.o(i.FIO_HalfWordSetMask) refers to lpc177x_8x_gpio.o(i.FIO_HalfWordGetPointer) for FIO_HalfWordGetPointer
    lpc177x_8x_gpio.o(i.FIO_HalfWordSetValue) refers to lpc177x_8x_gpio.o(i.FIO_HalfWordGetPointer) for FIO_HalfWordGetPointer
    lpc177x_8x_gpio.o(i.FIO_IntCmd) refers to lpc177x_8x_gpio.o(i.GPIO_IntCmd) for GPIO_IntCmd
    lpc177x_8x_gpio.o(i.FIO_ReadValue) refers to lpc177x_8x_gpio.o(i.GPIO_ReadValue) for GPIO_ReadValue
    lpc177x_8x_gpio.o(i.FIO_SetDir) refers to lpc177x_8x_gpio.o(i.GPIO_SetDir) for GPIO_SetDir
    lpc177x_8x_gpio.o(i.FIO_SetMask) refers to lpc177x_8x_gpio.o(i.GPIO_GetPointer) for GPIO_GetPointer
    lpc177x_8x_gpio.o(i.FIO_SetValue) refers to lpc177x_8x_gpio.o(i.GPIO_SetValue) for GPIO_SetValue
    lpc177x_8x_gpio.o(i.GPIO_ClearValue) refers to lpc177x_8x_gpio.o(i.GPIO_GetPointer) for GPIO_GetPointer
    lpc177x_8x_gpio.o(i.GPIO_Deinit) refers to lpc177x_8x_clkpwr.o(i.CLKPWR_ConfigPPWR) for CLKPWR_ConfigPPWR
    lpc177x_8x_gpio.o(i.GPIO_Init) refers to lpc177x_8x_clkpwr.o(i.CLKPWR_ConfigPPWR) for CLKPWR_ConfigPPWR
    lpc177x_8x_gpio.o(i.GPIO_OutputValue) refers to lpc177x_8x_gpio.o(i.GPIO_ClearValue) for GPIO_ClearValue
    lpc177x_8x_gpio.o(i.GPIO_OutputValue) refers to lpc177x_8x_gpio.o(i.GPIO_SetValue) for GPIO_SetValue
    lpc177x_8x_gpio.o(i.GPIO_ReadValue) refers to lpc177x_8x_gpio.o(i.GPIO_GetPointer) for GPIO_GetPointer
    lpc177x_8x_gpio.o(i.GPIO_SetDir) refers to lpc177x_8x_gpio.o(i.GPIO_GetPointer) for GPIO_GetPointer
    lpc177x_8x_gpio.o(i.GPIO_SetValue) refers to lpc177x_8x_gpio.o(i.GPIO_GetPointer) for GPIO_GetPointer
    lpc177x_8x_i2s.o(i.I2S_DeInit) refers to lpc177x_8x_clkpwr.o(i.CLKPWR_ConfigPPWR) for CLKPWR_ConfigPPWR
    lpc177x_8x_i2s.o(i.I2S_FreqConfig) refers to lpc177x_8x_clkpwr.o(i.CLKPWR_GetCLK) for CLKPWR_GetCLK
    lpc177x_8x_i2s.o(i.I2S_FreqConfig) refers to lpc177x_8x_i2s.o(i.i2s_GetChannel) for i2s_GetChannel
    lpc177x_8x_i2s.o(i.I2S_FreqConfig) refers to lpc177x_8x_i2s.o(i.i2s_GetWordWidth) for i2s_GetWordWidth
    lpc177x_8x_i2s.o(i.I2S_FreqConfig) refers to llshl.o(.text) for __aeabi_llsl
    lpc177x_8x_i2s.o(i.I2S_FreqConfig) refers to uldiv.o(.text) for __aeabi_uldivmod
    lpc177x_8x_i2s.o(i.I2S_Init) refers to lpc177x_8x_clkpwr.o(i.CLKPWR_ConfigPPWR) for CLKPWR_ConfigPPWR
    lpc177x_8x_pinsel.o(i.PINSEL_ConfigPin) refers to lpc177x_8x_pinsel.o(i.PINSEL_GetPinType) for PINSEL_GetPinType
    lpc177x_8x_pinsel.o(i.PINSEL_ConfigPin) refers to lpc177x_8x_pinsel.o(i.PIN_GetPointer) for PIN_GetPointer
    lpc177x_8x_pinsel.o(i.PINSEL_DacEnable) refers to lpc177x_8x_pinsel.o(i.PINSEL_GetPinType) for PINSEL_GetPinType
    lpc177x_8x_pinsel.o(i.PINSEL_DacEnable) refers to lpc177x_8x_pinsel.o(i.PIN_GetPointer) for PIN_GetPointer
    lpc177x_8x_pinsel.o(i.PINSEL_SetAnalogPinMode) refers to lpc177x_8x_pinsel.o(i.PINSEL_GetPinType) for PINSEL_GetPinType
    lpc177x_8x_pinsel.o(i.PINSEL_SetAnalogPinMode) refers to lpc177x_8x_pinsel.o(i.PIN_GetPointer) for PIN_GetPointer
    lpc177x_8x_pinsel.o(i.PINSEL_SetFilter) refers to lpc177x_8x_pinsel.o(i.PINSEL_GetPinType) for PINSEL_GetPinType
    lpc177x_8x_pinsel.o(i.PINSEL_SetFilter) refers to lpc177x_8x_pinsel.o(i.PIN_GetPointer) for PIN_GetPointer
    lpc177x_8x_pinsel.o(i.PINSEL_SetHysMode) refers to lpc177x_8x_pinsel.o(i.PINSEL_GetPinType) for PINSEL_GetPinType
    lpc177x_8x_pinsel.o(i.PINSEL_SetHysMode) refers to lpc177x_8x_pinsel.o(i.PIN_GetPointer) for PIN_GetPointer
    lpc177x_8x_pinsel.o(i.PINSEL_SetI2CFilter) refers to lpc177x_8x_pinsel.o(i.PINSEL_GetPinType) for PINSEL_GetPinType
    lpc177x_8x_pinsel.o(i.PINSEL_SetI2CFilter) refers to lpc177x_8x_pinsel.o(i.PIN_GetPointer) for PIN_GetPointer
    lpc177x_8x_pinsel.o(i.PINSEL_SetI2CMode) refers to lpc177x_8x_pinsel.o(i.PINSEL_GetPinType) for PINSEL_GetPinType
    lpc177x_8x_pinsel.o(i.PINSEL_SetI2CMode) refers to lpc177x_8x_pinsel.o(i.PIN_GetPointer) for PIN_GetPointer
    lpc177x_8x_pinsel.o(i.PINSEL_SetI2CMode) refers to lpc177x_8x_pinsel.o(i.PINSEL_SetI2CFilter) for PINSEL_SetI2CFilter
    lpc177x_8x_pinsel.o(i.PINSEL_SetInvertInput) refers to lpc177x_8x_pinsel.o(i.PINSEL_GetPinType) for PINSEL_GetPinType
    lpc177x_8x_pinsel.o(i.PINSEL_SetInvertInput) refers to lpc177x_8x_pinsel.o(i.PIN_GetPointer) for PIN_GetPointer
    lpc177x_8x_pinsel.o(i.PINSEL_SetOpenDrainMode) refers to lpc177x_8x_pinsel.o(i.PINSEL_GetPinType) for PINSEL_GetPinType
    lpc177x_8x_pinsel.o(i.PINSEL_SetOpenDrainMode) refers to lpc177x_8x_pinsel.o(i.PIN_GetPointer) for PIN_GetPointer
    lpc177x_8x_pinsel.o(i.PINSEL_SetPinMode) refers to lpc177x_8x_pinsel.o(i.PINSEL_GetPinType) for PINSEL_GetPinType
    lpc177x_8x_pinsel.o(i.PINSEL_SetPinMode) refers to lpc177x_8x_pinsel.o(i.PIN_GetPointer) for PIN_GetPointer
    lpc177x_8x_pinsel.o(i.PINSEL_SetSlewMode) refers to lpc177x_8x_pinsel.o(i.PINSEL_GetPinType) for PINSEL_GetPinType
    lpc177x_8x_pinsel.o(i.PINSEL_SetSlewMode) refers to lpc177x_8x_pinsel.o(i.PIN_GetPointer) for PIN_GetPointer
    lpc177x_8x_uart.o(i.UART_ABClearIntPending) refers to lpc177x_8x_uart.o(i.uart_get_pointer) for uart_get_pointer
    lpc177x_8x_uart.o(i.UART_ABCmd) refers to lpc177x_8x_uart.o(i.uart_get_pointer) for uart_get_pointer
    lpc177x_8x_uart.o(i.UART_DeInit) refers to lpc177x_8x_uart.o(i.UART_TxCmd) for UART_TxCmd
    lpc177x_8x_uart.o(i.UART_DeInit) refers to lpc177x_8x_clkpwr.o(i.CLKPWR_ConfigPPWR) for CLKPWR_ConfigPPWR
    lpc177x_8x_uart.o(i.UART_Init) refers to lpc177x_8x_uart.o(i.uart_get_pointer) for uart_get_pointer
    lpc177x_8x_uart.o(i.UART_Init) refers to lpc177x_8x_clkpwr.o(i.CLKPWR_ConfigPPWR) for CLKPWR_ConfigPPWR
    lpc177x_8x_uart.o(i.UART_Init) refers to lpc177x_8x_uart.o(i.uart_set_divisors) for uart_set_divisors
    lpc177x_8x_uart.o(i.UART_RS485Config) refers to lpc177x_8x_uart.o(i.uart_get_pointer) for uart_get_pointer
    lpc177x_8x_uart.o(i.UART_RS485ReceiverCmd) refers to lpc177x_8x_uart.o(i.uart_get_pointer) for uart_get_pointer
    lpc177x_8x_uart.o(i.UART_RS485Send) refers to lpc177x_8x_uart.o(i.uart_get_pointer) for uart_get_pointer
    lpc177x_8x_uart.o(i.UART_RS485Send) refers to lpc177x_8x_uart.o(i.UART_Send) for UART_Send
    lpc177x_8x_uart.o(i.UART_RS485SendData) refers to lpc177x_8x_uart.o(i.UART_RS485Send) for UART_RS485Send
    lpc177x_8x_uart.o(i.UART_RS485SendSlvAddr) refers to lpc177x_8x_uart.o(i.UART_RS485Send) for UART_RS485Send
    lpc177x_8x_uart.o(i.UART_Receive) refers to lpc177x_8x_uart.o(i.UART_ReceiveByte) for UART_ReceiveByte
    lpc177x_8x_uart.o(i.UART_Send) refers to lpc177x_8x_uart.o(i.UART_SendByte) for UART_SendByte
    lpc177x_8x_uart.o(i.UART_TxCmd) refers to lpc177x_8x_uart.o(i.uart_get_pointer) for uart_get_pointer
    lpc177x_8x_uart.o(i.uart_set_divisors) refers to lpc177x_8x_clkpwr.o(i.CLKPWR_GetCLK) for CLKPWR_GetCLK
    lpc177x_8x_uart.o(i.uart_set_divisors) refers to llshl.o(.text) for __aeabi_llsl
    lpc177x_8x_uart.o(i.uart_set_divisors) refers to uldiv.o(.text) for __aeabi_uldivmod
    lpc177x_8x_uart.o(i.uart_set_divisors) refers to llushr.o(.text) for __aeabi_llsr
    lpc177x_8x_uart.o(i.uart_set_divisors) refers to lpc177x_8x_uart.o(i.uart_get_pointer) for uart_get_pointer
    lpc177x_8x_i2c.o(i.I2C_Cmd) refers to lpc177x_8x_i2c.o(i.I2C_GetPointer) for I2C_GetPointer
    lpc177x_8x_i2c.o(i.I2C_DeInit) refers to lpc177x_8x_i2c.o(i.I2C_GetPointer) for I2C_GetPointer
    lpc177x_8x_i2c.o(i.I2C_DeInit) refers to lpc177x_8x_clkpwr.o(i.CLKPWR_ConfigPPWR) for CLKPWR_ConfigPPWR
    lpc177x_8x_i2c.o(i.I2C_Init) refers to lpc177x_8x_i2c.o(i.I2C_GetPointer) for I2C_GetPointer
    lpc177x_8x_i2c.o(i.I2C_Init) refers to lpc177x_8x_clkpwr.o(i.CLKPWR_ConfigPPWR) for CLKPWR_ConfigPPWR
    lpc177x_8x_i2c.o(i.I2C_Init) refers to lpc177x_8x_i2c.o(i.I2C_SetClock) for I2C_SetClock
    lpc177x_8x_i2c.o(i.I2C_MasterHandler) refers to lpc177x_8x_i2c.o(i.I2C_GetPointer) for I2C_GetPointer
    lpc177x_8x_i2c.o(i.I2C_MasterHandler) refers to lpc177x_8x_i2c.o(i.I2C_MasterHanleStates) for I2C_MasterHanleStates
    lpc177x_8x_i2c.o(i.I2C_MasterHandler) refers to lpc177x_8x_i2c.o(i.I2C_Start) for I2C_Start
    lpc177x_8x_i2c.o(i.I2C_MasterHandler) refers to lpc177x_8x_i2c.o(i.I2C_IntCmd) for I2C_IntCmd
    lpc177x_8x_i2c.o(i.I2C_MasterHandler) refers to lpc177x_8x_i2c.o(.bss) for i2cdat
    lpc177x_8x_i2c.o(i.I2C_MasterHanleStates) refers to lpc177x_8x_i2c.o(i.I2C_GetPointer) for I2C_GetPointer
    lpc177x_8x_i2c.o(i.I2C_MasterHanleStates) refers to lpc177x_8x_i2c.o(i.I2C_SendByte) for I2C_SendByte
    lpc177x_8x_i2c.o(i.I2C_MasterHanleStates) refers to lpc177x_8x_i2c.o(i.I2C_Stop) for I2C_Stop
    lpc177x_8x_i2c.o(i.I2C_MasterHanleStates) refers to lpc177x_8x_i2c.o(i.I2C_GetByte) for I2C_GetByte
    lpc177x_8x_i2c.o(i.I2C_MasterTransferComplete) refers to lpc177x_8x_i2c.o(.bss) for I2C_MasterComplete
    lpc177x_8x_i2c.o(i.I2C_MasterTransferData) refers to lpc177x_8x_i2c.o(i.I2C_GetPointer) for I2C_GetPointer
    lpc177x_8x_i2c.o(i.I2C_MasterTransferData) refers to lpc177x_8x_i2c.o(i.I2C_Start) for I2C_Start
    lpc177x_8x_i2c.o(i.I2C_MasterTransferData) refers to lpc177x_8x_i2c.o(i.I2C_MasterHanleStates) for I2C_MasterHanleStates
    lpc177x_8x_i2c.o(i.I2C_MasterTransferData) refers to lpc177x_8x_i2c.o(i.I2C_IntCmd) for I2C_IntCmd
    lpc177x_8x_i2c.o(i.I2C_MasterTransferData) refers to lpc177x_8x_i2c.o(.bss) for i2cdat
    lpc177x_8x_i2c.o(i.I2C_MonitorGetDatabuffer) refers to lpc177x_8x_i2c.o(i.I2C_GetPointer) for I2C_GetPointer
    lpc177x_8x_i2c.o(i.I2C_MonitorHandler) refers to lpc177x_8x_i2c.o(i.I2C_GetPointer) for I2C_GetPointer
    lpc177x_8x_i2c.o(i.I2C_MonitorHandler) refers to lpc177x_8x_i2c.o(.data) for I2C_MonitorBufferIndex
    lpc177x_8x_i2c.o(i.I2C_MonitorModeCmd) refers to lpc177x_8x_i2c.o(i.I2C_GetPointer) for I2C_GetPointer
    lpc177x_8x_i2c.o(i.I2C_MonitorModeCmd) refers to lpc177x_8x_i2c.o(.data) for I2C_MonitorBufferIndex
    lpc177x_8x_i2c.o(i.I2C_MonitorModeConfig) refers to lpc177x_8x_i2c.o(i.I2C_GetPointer) for I2C_GetPointer
    lpc177x_8x_i2c.o(i.I2C_SetClock) refers to lpc177x_8x_clkpwr.o(i.CLKPWR_GetCLK) for CLKPWR_GetCLK
    lpc177x_8x_i2c.o(i.I2C_SetOwnSlaveAddr) refers to lpc177x_8x_i2c.o(i.I2C_GetPointer) for I2C_GetPointer
    lpc177x_8x_i2c.o(i.I2C_SlaveHandler) refers to lpc177x_8x_i2c.o(i.I2C_GetPointer) for I2C_GetPointer
    lpc177x_8x_i2c.o(i.I2C_SlaveHandler) refers to lpc177x_8x_i2c.o(i.I2C_SlaveHanleStates) for I2C_SlaveHanleStates
    lpc177x_8x_i2c.o(i.I2C_SlaveHandler) refers to lpc177x_8x_i2c.o(i.I2C_IntCmd) for I2C_IntCmd
    lpc177x_8x_i2c.o(i.I2C_SlaveHandler) refers to lpc177x_8x_i2c.o(.bss) for i2cdat
    lpc177x_8x_i2c.o(i.I2C_SlaveHanleStates) refers to lpc177x_8x_i2c.o(i.I2C_GetPointer) for I2C_GetPointer
    lpc177x_8x_i2c.o(i.I2C_SlaveTransferComplete) refers to lpc177x_8x_i2c.o(.bss) for I2C_SlaveComplete
    lpc177x_8x_i2c.o(i.I2C_SlaveTransferData) refers to lpc177x_8x_i2c.o(i.I2C_GetPointer) for I2C_GetPointer
    lpc177x_8x_i2c.o(i.I2C_SlaveTransferData) refers to lpc177x_8x_i2c.o(i.I2C_SlaveHanleStates) for I2C_SlaveHanleStates
    lpc177x_8x_i2c.o(i.I2C_SlaveTransferData) refers to lpc177x_8x_i2c.o(i.I2C_IntCmd) for I2C_IntCmd
    lpc177x_8x_i2c.o(i.I2C_SlaveTransferData) refers to lpc177x_8x_i2c.o(.bss) for i2cdat
    system_lpc177x_8x.o(i.SystemCoreClockUpdate) refers to system_lpc177x_8x.o(.data) for SystemCoreClock
    system_lpc177x_8x.o(i.SystemInit) refers to system_lpc177x_8x.o(i.SystemCoreClockUpdate) for SystemCoreClockUpdate
    startup_lpc177x_8x.o(RESET) refers to startup_lpc177x_8x.o(STACK) for __initial_sp
    startup_lpc177x_8x.o(RESET) refers to startup_lpc177x_8x.o(.text) for Reset_Handler
    startup_lpc177x_8x.o(RESET) refers to main.o(i.I2S_IRQHandler) for I2S_IRQHandler
    startup_lpc177x_8x.o(.text) refers to system_lpc177x_8x.o(i.SystemInit) for SystemInit
    startup_lpc177x_8x.o(.text) refers to entry.o(.ARM.Collect$$$$00000000) for __main
    entry.o(.ARM.Collect$$$$00000000) refers (Special) to entry7.o(.ARM.Collect$$$$00000007) for _main_init
    entry.o(.ARM.Collect$$$$00000000) refers (Special) to entry5.o(.ARM.Collect$$$$00000004) for _main_scatterload
    entry.o(.ARM.Collect$$$$00000000) refers (Special) to entry2.o(.ARM.Collect$$$$00000001) for _main_stk
    uldiv.o(.text) refers to llushr.o(.text) for __aeabi_llsr
    uldiv.o(.text) refers to llshl.o(.text) for __aeabi_llsl
    entry2.o(.ARM.Collect$$$$00000001) refers to entry2.o(.ARM.Collect$$$$00002712) for __lit__00000000
    entry2.o(.ARM.Collect$$$$00002712) refers to startup_lpc177x_8x.o(STACK) for __initial_sp
    entry2.o(__vectab_stack_and_reset_area) refers to startup_lpc177x_8x.o(STACK) for __initial_sp
    entry2.o(__vectab_stack_and_reset_area) refers to entry.o(.ARM.Collect$$$$00000000) for __main
    entry5.o(.ARM.Collect$$$$00000004) refers to init.o(.text) for __scatterload
    entry7.o(.ARM.Collect$$$$00000007) refers to main.o(i.main) for main
    init.o(.text) refers to entry5.o(.ARM.Collect$$$$00000004) for __main_after_scatterload


==============================================================================

Removing Unused input sections from the image.

    Removing main.o(.emb_text), (8 bytes).
    Removing wav.o(i.DisplayWavInfo), (2 bytes).
    Removing wav.o(i.WAV_IsValid), (44 bytes).
    Removing uda1380.o(.emb_text), (8 bytes).
    Removing debug_frmwrk.o(.emb_text), (8 bytes).
    Removing lpc177x_8x_clkpwr.o(.emb_text), (8 bytes).
    Removing lpc177x_8x_clkpwr.o(i.CLKPWR_DeepPowerDown), (28 bytes).
    Removing lpc177x_8x_clkpwr.o(i.CLKPWR_DeepSleep), (28 bytes).
    Removing lpc177x_8x_clkpwr.o(i.CLKPWR_PowerDown), (28 bytes).
    Removing lpc177x_8x_clkpwr.o(i.CLKPWR_SetCLKDiv), (176 bytes).
    Removing lpc177x_8x_clkpwr.o(i.CLKPWR_Sleep), (16 bytes).
    Removing lpc177x_8x_clkpwr.o(.data), (4 bytes).
    Removing lpc177x_8x_gpio.o(.emb_text), (8 bytes).
    Removing lpc177x_8x_gpio.o(i.FIO_ByteClearValue), (34 bytes).
    Removing lpc177x_8x_gpio.o(i.FIO_ByteGetPointer), (76 bytes).
    Removing lpc177x_8x_gpio.o(i.FIO_ByteReadValue), (32 bytes).
    Removing lpc177x_8x_gpio.o(i.FIO_ByteSetDir), (54 bytes).
    Removing lpc177x_8x_gpio.o(i.FIO_ByteSetMask), (70 bytes).
    Removing lpc177x_8x_gpio.o(i.FIO_ByteSetValue), (34 bytes).
    Removing lpc177x_8x_gpio.o(i.FIO_ClearInt), (16 bytes).
    Removing lpc177x_8x_gpio.o(i.FIO_ClearValue), (16 bytes).
    Removing lpc177x_8x_gpio.o(i.FIO_GetIntStatus), (20 bytes).
    Removing lpc177x_8x_gpio.o(i.FIO_HalfWordClearValue), (32 bytes).
    Removing lpc177x_8x_gpio.o(i.FIO_HalfWordGetPointer), (76 bytes).
    Removing lpc177x_8x_gpio.o(i.FIO_HalfWordReadValue), (30 bytes).
    Removing lpc177x_8x_gpio.o(i.FIO_HalfWordSetDir), (70 bytes).
    Removing lpc177x_8x_gpio.o(i.FIO_HalfWordSetMask), (70 bytes).
    Removing lpc177x_8x_gpio.o(i.FIO_HalfWordSetValue), (32 bytes).
    Removing lpc177x_8x_gpio.o(i.FIO_IntCmd), (20 bytes).
    Removing lpc177x_8x_gpio.o(i.FIO_ReadValue), (12 bytes).
    Removing lpc177x_8x_gpio.o(i.FIO_SetDir), (20 bytes).
    Removing lpc177x_8x_gpio.o(i.FIO_SetMask), (44 bytes).
    Removing lpc177x_8x_gpio.o(i.FIO_SetValue), (16 bytes).
    Removing lpc177x_8x_gpio.o(i.GPIO_ClearInt), (32 bytes).
    Removing lpc177x_8x_gpio.o(i.GPIO_ClearValue), (20 bytes).
    Removing lpc177x_8x_gpio.o(i.GPIO_Deinit), (14 bytes).
    Removing lpc177x_8x_gpio.o(i.GPIO_GetIntStatus), (104 bytes).
    Removing lpc177x_8x_gpio.o(i.GPIO_GetPointer), (76 bytes).
    Removing lpc177x_8x_gpio.o(i.GPIO_Init), (12 bytes).
    Removing lpc177x_8x_gpio.o(i.GPIO_IntCmd), (72 bytes).
    Removing lpc177x_8x_gpio.o(i.GPIO_OutputValue), (30 bytes).
    Removing lpc177x_8x_gpio.o(i.GPIO_ReadValue), (22 bytes).
    Removing lpc177x_8x_gpio.o(i.GPIO_SetDir), (44 bytes).
    Removing lpc177x_8x_gpio.o(i.GPIO_SetValue), (20 bytes).
    Removing lpc177x_8x_i2s.o(.emb_text), (8 bytes).
    Removing lpc177x_8x_i2s.o(i.I2S_DMACmd), (106 bytes).
    Removing lpc177x_8x_i2s.o(i.I2S_DMAConfig), (68 bytes).
    Removing lpc177x_8x_i2s.o(i.I2S_DeInit), (18 bytes).
    Removing lpc177x_8x_i2s.o(i.I2S_GetIRQDepth), (20 bytes).
    Removing lpc177x_8x_i2s.o(i.I2S_GetIRQStatus), (20 bytes).
    Removing lpc177x_8x_i2s.o(i.I2S_Mute), (22 bytes).
    Removing lpc177x_8x_i2s.o(i.I2S_Pause), (22 bytes).
    Removing lpc177x_8x_i2s.o(i.I2S_Receive), (6 bytes).
    Removing lpc177x_8x_i2s.o(i.I2S_Send), (4 bytes).
    Removing lpc177x_8x_i2s.o(i.I2S_SetBitRate), (10 bytes).
    Removing lpc177x_8x_nvic.o(.emb_text), (8 bytes).
    Removing lpc177x_8x_nvic.o(i.NVIC_DeInit), (80 bytes).
    Removing lpc177x_8x_nvic.o(i.NVIC_SCBDeInit), (112 bytes).
    Removing lpc177x_8x_nvic.o(i.NVIC_SetVTOR), (12 bytes).
    Removing lpc177x_8x_pinsel.o(.emb_text), (8 bytes).
    Removing lpc177x_8x_pinsel.o(i.PINSEL_DacEnable), (88 bytes).
    Removing lpc177x_8x_pinsel.o(i.PINSEL_SetAnalogPinMode), (84 bytes).
    Removing lpc177x_8x_pinsel.o(i.PINSEL_SetFilter), (88 bytes).
    Removing lpc177x_8x_pinsel.o(i.PINSEL_SetHysMode), (84 bytes).
    Removing lpc177x_8x_pinsel.o(i.PINSEL_SetI2CFilter), (84 bytes).
    Removing lpc177x_8x_pinsel.o(i.PINSEL_SetI2CMode), (144 bytes).
    Removing lpc177x_8x_pinsel.o(i.PINSEL_SetInvertInput), (84 bytes).
    Removing lpc177x_8x_pinsel.o(i.PINSEL_SetOpenDrainMode), (88 bytes).
    Removing lpc177x_8x_pinsel.o(i.PINSEL_SetPinMode), (96 bytes).
    Removing lpc177x_8x_pinsel.o(i.PINSEL_SetSlewMode), (84 bytes).
    Removing lpc177x_8x_uart.o(.emb_text), (8 bytes).
    Removing lpc177x_8x_uart.o(i.UART_ABClearIntPending), (72 bytes).
    Removing lpc177x_8x_uart.o(i.UART_ABCmd), (240 bytes).
    Removing lpc177x_8x_uart.o(i.UART_CheckBusy), (108 bytes).
    Removing lpc177x_8x_uart.o(i.UART_DeInit), (84 bytes).
    Removing lpc177x_8x_uart.o(i.UART_FIFOConfig), (176 bytes).
    Removing lpc177x_8x_uart.o(i.UART_FIFOConfigStructInit), (18 bytes).
    Removing lpc177x_8x_uart.o(i.UART_ForceBreak), (108 bytes).
    Removing lpc177x_8x_uart.o(i.UART_FullModemConfigMode), (92 bytes).
    Removing lpc177x_8x_uart.o(i.UART_FullModemForcePinState), (84 bytes).
    Removing lpc177x_8x_uart.o(i.UART_FullModemGetStatus), (20 bytes).
    Removing lpc177x_8x_uart.o(i.UART_GetIntId), (100 bytes).
    Removing lpc177x_8x_uart.o(i.UART_GetLineStatus), (72 bytes).
    Removing lpc177x_8x_uart.o(i.UART_IntConfig), (180 bytes).
    Removing lpc177x_8x_uart.o(i.UART_IrDACmd), (44 bytes).
    Removing lpc177x_8x_uart.o(i.UART_IrDAInvtInputCmd), (48 bytes).
    Removing lpc177x_8x_uart.o(i.UART_IrDAPulseDivConfig), (48 bytes).
    Removing lpc177x_8x_uart.o(i.UART_RS485Config), (188 bytes).
    Removing lpc177x_8x_uart.o(i.UART_RS485ReceiverCmd), (72 bytes).
    Removing lpc177x_8x_uart.o(i.UART_RS485Send), (148 bytes).
    Removing lpc177x_8x_uart.o(i.UART_RS485SendData), (24 bytes).
    Removing lpc177x_8x_uart.o(i.UART_RS485SendSlvAddr), (20 bytes).
    Removing lpc177x_8x_i2c.o(.emb_text), (8 bytes).
    Removing lpc177x_8x_i2c.o(i.I2C_DeInit), (64 bytes).
    Removing lpc177x_8x_i2c.o(i.I2C_MasterHandler), (168 bytes).
    Removing lpc177x_8x_i2c.o(i.I2C_MasterTransferComplete), (24 bytes).
    Removing lpc177x_8x_i2c.o(i.I2C_MonitorGetDatabuffer), (18 bytes).
    Removing lpc177x_8x_i2c.o(i.I2C_MonitorHandler), (72 bytes).
    Removing lpc177x_8x_i2c.o(i.I2C_MonitorModeCmd), (68 bytes).
    Removing lpc177x_8x_i2c.o(i.I2C_MonitorModeConfig), (52 bytes).
    Removing lpc177x_8x_i2c.o(i.I2C_SetOwnSlaveAddr), (108 bytes).
    Removing lpc177x_8x_i2c.o(i.I2C_SlaveHandler), (164 bytes).
    Removing lpc177x_8x_i2c.o(i.I2C_SlaveHanleStates), (386 bytes).
    Removing lpc177x_8x_i2c.o(i.I2C_SlaveTransferComplete), (24 bytes).
    Removing lpc177x_8x_i2c.o(i.I2C_SlaveTransferData), (236 bytes).
    Removing lpc177x_8x_i2c.o(.data), (4 bytes).
    Removing system_lpc177x_8x.o(.emb_text), (8 bytes).
    Removing startup_lpc177x_8x.o(HEAP), (0 bytes).

108 unused section(s) (total 6392 bytes) removed from the image.

==============================================================================

Image Symbol Table

    Local Symbols

    Symbol Name                              Value     Ov Type        Size  Object(Section)

    RESET                                    0x00000000   Section      228  startup_lpc177x_8x.o(RESET)
    ../../microlib/division.c                0x00000000   Number         0  uldiv.o ABSOLUTE
    ../../microlib/init/entry.s              0x00000000   Number         0  entry2.o ABSOLUTE
    ../../microlib/init/entry.s              0x00000000   Number         0  entry7.o ABSOLUTE
    ../../microlib/init/entry.s              0x00000000   Number         0  entry5.o ABSOLUTE
    ../../microlib/init/entry.s              0x00000000   Number         0  entry.o ABSOLUTE
    ../../microlib/longlong.c                0x00000000   Number         0  llushr.o ABSOLUTE
    ../../microlib/longlong.c                0x00000000   Number         0  llshl.o ABSOLUTE
    ../../microlib/string/memcpy.c           0x00000000   Number         0  memcpya.o ABSOLUTE
    ../../microlib/string/memcpy.c           0x00000000   Number         0  memcpyb.o ABSOLUTE
    ..\..\Common\lpc177x.lpc178x.cmsis.driver.library_2012.8.13\Core\Device\NXP\LPC177x_8x\Source\Templates\ARM\startup_LPC177x_8x.s 0x00000000   Number         0  startup_lpc177x_8x.o ABSOLUTE
    ..\..\Common\lpc177x.lpc178x.cmsis.driver.library_2012.8.13\Core\Device\NXP\LPC177x_8x\Source\Templates\system_LPC177x_8x.c 0x00000000   Number         0  system_lpc177x_8x.o ABSOLUTE
    ..\..\Common\lpc177x.lpc178x.cmsis.driver.library_2012.8.13\Drivers\source\debug_frmwrk.c 0x00000000   Number         0  debug_frmwrk.o ABSOLUTE
    ..\..\Common\lpc177x.lpc178x.cmsis.driver.library_2012.8.13\Drivers\source\lpc177x_8x_clkpwr.c 0x00000000   Number         0  lpc177x_8x_clkpwr.o ABSOLUTE
    ..\..\Common\lpc177x.lpc178x.cmsis.driver.library_2012.8.13\Drivers\source\lpc177x_8x_gpio.c 0x00000000   Number         0  lpc177x_8x_gpio.o ABSOLUTE
    ..\..\Common\lpc177x.lpc178x.cmsis.driver.library_2012.8.13\Drivers\source\lpc177x_8x_i2c.c 0x00000000   Number         0  lpc177x_8x_i2c.o ABSOLUTE
    ..\..\Common\lpc177x.lpc178x.cmsis.driver.library_2012.8.13\Drivers\source\lpc177x_8x_i2s.c 0x00000000   Number         0  lpc177x_8x_i2s.o ABSOLUTE
    ..\..\Common\lpc177x.lpc178x.cmsis.driver.library_2012.8.13\Drivers\source\lpc177x_8x_nvic.c 0x00000000   Number         0  lpc177x_8x_nvic.o ABSOLUTE
    ..\..\Common\lpc177x.lpc178x.cmsis.driver.library_2012.8.13\Drivers\source\lpc177x_8x_pinsel.c 0x00000000   Number         0  lpc177x_8x_pinsel.o ABSOLUTE
    ..\..\Common\lpc177x.lpc178x.cmsis.driver.library_2012.8.13\Drivers\source\lpc177x_8x_uart.c 0x00000000   Number         0  lpc177x_8x_uart.o ABSOLUTE
    ..\USER\UDA1380\uda1380.c                0x00000000   Number         0  uda1380.o ABSOLUTE
    ..\USER\UDA1380\wav.c                    0x00000000   Number         0  wav.o ABSOLUTE
    ..\USER\main.c                           0x00000000   Number         0  main.o ABSOLUTE
    ..\\..\\Common\\lpc177x.lpc178x.cmsis.driver.library_2012.8.13\\Core\\Device\\NXP\\LPC177x_8x\\Source\\Templates\\system_LPC177x_8x.c 0x00000000   Number         0  system_lpc177x_8x.o ABSOLUTE
    ..\\..\\Common\\lpc177x.lpc178x.cmsis.driver.library_2012.8.13\\Drivers\\source\\debug_frmwrk.c 0x00000000   Number         0  debug_frmwrk.o ABSOLUTE
    ..\\..\\Common\\lpc177x.lpc178x.cmsis.driver.library_2012.8.13\\Drivers\\source\\lpc177x_8x_clkpwr.c 0x00000000   Number         0  lpc177x_8x_clkpwr.o ABSOLUTE
    ..\\..\\Common\\lpc177x.lpc178x.cmsis.driver.library_2012.8.13\\Drivers\\source\\lpc177x_8x_gpio.c 0x00000000   Number         0  lpc177x_8x_gpio.o ABSOLUTE
    ..\\..\\Common\\lpc177x.lpc178x.cmsis.driver.library_2012.8.13\\Drivers\\source\\lpc177x_8x_i2c.c 0x00000000   Number         0  lpc177x_8x_i2c.o ABSOLUTE
    ..\\..\\Common\\lpc177x.lpc178x.cmsis.driver.library_2012.8.13\\Drivers\\source\\lpc177x_8x_i2s.c 0x00000000   Number         0  lpc177x_8x_i2s.o ABSOLUTE
    ..\\..\\Common\\lpc177x.lpc178x.cmsis.driver.library_2012.8.13\\Drivers\\source\\lpc177x_8x_nvic.c 0x00000000   Number         0  lpc177x_8x_nvic.o ABSOLUTE
    ..\\..\\Common\\lpc177x.lpc178x.cmsis.driver.library_2012.8.13\\Drivers\\source\\lpc177x_8x_pinsel.c 0x00000000   Number         0  lpc177x_8x_pinsel.o ABSOLUTE
    ..\\..\\Common\\lpc177x.lpc178x.cmsis.driver.library_2012.8.13\\Drivers\\source\\lpc177x_8x_uart.c 0x00000000   Number         0  lpc177x_8x_uart.o ABSOLUTE
    ..\\USER\\UDA1380\\uda1380.c             0x00000000   Number         0  uda1380.o ABSOLUTE
    ..\\USER\\main.c                         0x00000000   Number         0  main.o ABSOLUTE
    dc.s                                     0x00000000   Number         0  dc.o ABSOLUTE
    handlers.s                               0x00000000   Number         0  handlers.o ABSOLUTE
    init.s                                   0x00000000   Number         0  init.o ABSOLUTE
    .ARM.Collect$$$$00000000                 0x000000e4   Section        0  entry.o(.ARM.Collect$$$$00000000)
    .ARM.Collect$$$$00000001                 0x000000e4   Section        4  entry2.o(.ARM.Collect$$$$00000001)
    .ARM.Collect$$$$00000004                 0x000000e8   Section        4  entry5.o(.ARM.Collect$$$$00000004)
    .ARM.Collect$$$$00000007                 0x000000ec   Section        8  entry7.o(.ARM.Collect$$$$00000007)
    .ARM.Collect$$$$00002712                 0x000000f4   Section        4  entry2.o(.ARM.Collect$$$$00002712)
    __lit__00000000                          0x000000f4   Data           4  entry2.o(.ARM.Collect$$$$00002712)
    .text                                    0x000000f8   Section       36  startup_lpc177x_8x.o(.text)
    .text                                    0x0000011c   Section        0  uldiv.o(.text)
    .text                                    0x0000017e   Section        0  llshl.o(.text)
    .text                                    0x0000019c   Section        0  llushr.o(.text)
    .text                                    0x000001bc   Section        0  memcpya.o(.text)
    .text                                    0x000001e0   Section       36  init.o(.text)
    i.Buffer_Init                            0x00000204   Section        0  main.o(i.Buffer_Init)
    i.CLKPWR_ConfigPPWR                      0x00000258   Section        0  lpc177x_8x_clkpwr.o(i.CLKPWR_ConfigPPWR)
    i.CLKPWR_GetCLK                          0x00000288   Section        0  lpc177x_8x_clkpwr.o(i.CLKPWR_GetCLK)
    i.I2C_Cmd                                0x000002c8   Section        0  lpc177x_8x_i2c.o(i.I2C_Cmd)
    .ARM.__at_0x02FC                         0x000002fc   Section        4  startup_lpc177x_8x.o(.ARM.__at_0x02FC)
    i.I2C_GetByte                            0x00000300   Section        0  lpc177x_8x_i2c.o(i.I2C_GetByte)
    I2C_GetByte                              0x00000301   Thumb Code    38  lpc177x_8x_i2c.o(i.I2C_GetByte)
    i.I2C_GetPointer                         0x00000328   Section        0  lpc177x_8x_i2c.o(i.I2C_GetPointer)
    I2C_GetPointer                           0x00000329   Thumb Code    36  lpc177x_8x_i2c.o(i.I2C_GetPointer)
    i.I2C_Init                               0x00000358   Section        0  lpc177x_8x_i2c.o(i.I2C_Init)
    i.I2C_IntCmd                             0x000003a8   Section        0  lpc177x_8x_i2c.o(i.I2C_IntCmd)
    i.I2C_MasterHanleStates                  0x00000418   Section        0  lpc177x_8x_i2c.o(i.I2C_MasterHanleStates)
    i.I2C_MasterTransferData                 0x00000618   Section        0  lpc177x_8x_i2c.o(i.I2C_MasterTransferData)
    i.I2C_SendByte                           0x00000708   Section        0  lpc177x_8x_i2c.o(i.I2C_SendByte)
    I2C_SendByte                             0x00000709   Thumb Code    52  lpc177x_8x_i2c.o(i.I2C_SendByte)
    i.I2C_SetClock                           0x0000073c   Section        0  lpc177x_8x_i2c.o(i.I2C_SetClock)
    I2C_SetClock                             0x0000073d   Thumb Code    34  lpc177x_8x_i2c.o(i.I2C_SetClock)
    i.I2C_Start                              0x0000075e   Section        0  lpc177x_8x_i2c.o(i.I2C_Start)
    I2C_Start                                0x0000075f   Thumb Code    34  lpc177x_8x_i2c.o(i.I2C_Start)
    i.I2C_Stop                               0x00000780   Section        0  lpc177x_8x_i2c.o(i.I2C_Stop)
    I2C_Stop                                 0x00000781   Thumb Code    54  lpc177x_8x_i2c.o(i.I2C_Stop)
    i.I2S_Callback                           0x000007b8   Section        0  main.o(i.I2S_Callback)
    i.I2S_Config                             0x00000868   Section        0  lpc177x_8x_i2s.o(i.I2S_Config)
    i.I2S_FreqConfig                         0x000008b0   Section        0  lpc177x_8x_i2s.o(i.I2S_FreqConfig)
    i.I2S_GetLevel                           0x00000a60   Section        0  lpc177x_8x_i2s.o(i.I2S_GetLevel)
    i.I2S_IRQCmd                             0x00000a74   Section        0  lpc177x_8x_i2s.o(i.I2S_IRQCmd)
    i.I2S_IRQConfig                          0x00000aa8   Section        0  lpc177x_8x_i2s.o(i.I2S_IRQConfig)
    i.I2S_IRQHandler                         0x00000ac0   Section        0  main.o(i.I2S_IRQHandler)
    i.I2S_Init                               0x00000b4c   Section        0  lpc177x_8x_i2s.o(i.I2S_Init)
    i.I2S_ModeConfig                         0x00000b6c   Section        0  lpc177x_8x_i2s.o(i.I2S_ModeConfig)
    i.I2S_Start                              0x00000bd6   Section        0  lpc177x_8x_i2s.o(i.I2S_Start)
    i.I2S_Stop                               0x00000c00   Section        0  lpc177x_8x_i2s.o(i.I2S_Stop)
    i.PINSEL_ConfigPin                       0x00000c30   Section        0  lpc177x_8x_pinsel.o(i.PINSEL_ConfigPin)
    i.PINSEL_GetPinType                      0x00000c7c   Section        0  lpc177x_8x_pinsel.o(i.PINSEL_GetPinType)
    i.PIN_GetPointer                         0x00000d38   Section        0  lpc177x_8x_pinsel.o(i.PIN_GetPointer)
    PIN_GetPointer                           0x00000d39   Thumb Code    20  lpc177x_8x_pinsel.o(i.PIN_GetPointer)
    i.SystemCoreClockUpdate                  0x00000d50   Section        0  system_lpc177x_8x.o(i.SystemCoreClockUpdate)
    i.SystemInit                             0x00001054   Section        0  system_lpc177x_8x.o(i.SystemInit)
    i.UARTGetChar                            0x00001160   Section        0  debug_frmwrk.o(i.UARTGetChar)
    i.UARTGetCharInNonBlock                  0x0000117e   Section        0  debug_frmwrk.o(i.UARTGetCharInNonBlock)
    i.UARTGetValue                           0x000011a0   Section        0  debug_frmwrk.o(i.UARTGetValue)
    i.UARTPutChar                            0x00001370   Section        0  debug_frmwrk.o(i.UARTPutChar)
    i.UARTPutDec                             0x00001384   Section        0  debug_frmwrk.o(i.UARTPutDec)
    i.UARTPutDec16                           0x000013ec   Section        0  debug_frmwrk.o(i.UARTPutDec16)
    i.UARTPutDec32                           0x00001494   Section        0  debug_frmwrk.o(i.UARTPutDec32)
    i.UARTPutHex                             0x000015e8   Section        0  debug_frmwrk.o(i.UARTPutHex)
    i.UARTPutHex16                           0x00001634   Section        0  debug_frmwrk.o(i.UARTPutHex16)
    i.UARTPutHex16_                          0x00001680   Section        0  debug_frmwrk.o(i.UARTPutHex16_)
    i.UARTPutHex32                           0x000016c0   Section        0  debug_frmwrk.o(i.UARTPutHex32)
    i.UARTPutHex32_                          0x0000170c   Section        0  debug_frmwrk.o(i.UARTPutHex32_)
    i.UARTPutHex_                            0x0000174a   Section        0  debug_frmwrk.o(i.UARTPutHex_)
    i.UARTPuts                               0x00001788   Section        0  debug_frmwrk.o(i.UARTPuts)
    i.UARTPuts_                              0x000017a4   Section        0  debug_frmwrk.o(i.UARTPuts_)
    i.UART_ConfigStructInit                  0x000017c0   Section        0  lpc177x_8x_uart.o(i.UART_ConfigStructInit)
    i.UART_Init                              0x000017d8   Section        0  lpc177x_8x_uart.o(i.UART_Init)
    i.UART_Receive                           0x00001a0c   Section        0  lpc177x_8x_uart.o(i.UART_Receive)
    i.UART_ReceiveByte                       0x00001ad4   Section        0  lpc177x_8x_uart.o(i.UART_ReceiveByte)
    i.UART_Send                              0x00001b1c   Section        0  lpc177x_8x_uart.o(i.UART_Send)
    i.UART_SendByte                          0x00001c10   Section        0  lpc177x_8x_uart.o(i.UART_SendByte)
    i.UART_TxCmd                             0x00001c54   Section        0  lpc177x_8x_uart.o(i.UART_TxCmd)
    i.Uda1380_Init                           0x00001ce4   Section        0  uda1380.o(i.Uda1380_Init)
    i.Uda1380_Mute                           0x00001dcc   Section        0  uda1380.o(i.Uda1380_Mute)
    i.Uda1380_ReadData                       0x00001e30   Section        0  uda1380.o(i.Uda1380_ReadData)
    i.Uda1380_WriteData                      0x00001e92   Section        0  uda1380.o(i.Uda1380_WriteData)
    i.__scatterload_copy                     0x00001f04   Section       14  handlers.o(i.__scatterload_copy)
    i.__scatterload_null                     0x00001f12   Section        2  handlers.o(i.__scatterload_null)
    i.__scatterload_zeroinit                 0x00001f14   Section       14  handlers.o(i.__scatterload_zeroinit)
    i.c_entry                                0x00001f24   Section        0  main.o(i.c_entry)
    i.debug_frmwrk_init                      0x00002014   Section        0  debug_frmwrk.o(i.debug_frmwrk_init)
    i.i2s_GetChannel                         0x00002114   Section        0  lpc177x_8x_i2s.o(i.i2s_GetChannel)
    i2s_GetChannel                           0x00002115   Thumb Code    32  lpc177x_8x_i2s.o(i.i2s_GetChannel)
    i.i2s_GetWordWidth                       0x00002134   Section        0  lpc177x_8x_i2s.o(i.i2s_GetWordWidth)
    i2s_GetWordWidth                         0x00002135   Thumb Code    40  lpc177x_8x_i2s.o(i.i2s_GetWordWidth)
    i.main                                   0x0000215c   Section        0  main.o(i.main)
    i.uart_get_pointer                       0x00002160   Section        0  lpc177x_8x_uart.o(i.uart_get_pointer)
    uart_get_pointer                         0x00002161   Thumb Code    36  lpc177x_8x_uart.o(i.uart_get_pointer)
    i.uart_set_divisors                      0x00002190   Section        0  lpc177x_8x_uart.o(i.uart_set_divisors)
    uart_set_divisors                        0x00002191   Thumb Code   594  lpc177x_8x_uart.o(i.uart_set_divisors)
    .constdata                               0x000023ec   Section    319648  main.o(.constdata)
    .constdata                               0x0005048c   Section       89  debug_frmwrk.o(.constdata)
    .data                                    0x10000000   Section       20  main.o(.data)
    .data                                    0x10000014   Section       60  debug_frmwrk.o(.data)
    .data                                    0x10000050   Section       16  system_lpc177x_8x.o(.data)
    .bss                                     0x10000060   Section     4192  main.o(.bss)
    .bss                                     0x100010c0   Section       44  wav.o(.bss)
    .bss                                     0x100010ec   Section       48  lpc177x_8x_i2c.o(.bss)
    i2cdat                                   0x100010ec   Data          24  lpc177x_8x_i2c.o(.bss)
    I2C_MasterComplete                       0x10001104   Data          12  lpc177x_8x_i2c.o(.bss)
    I2C_SlaveComplete                        0x10001110   Data          12  lpc177x_8x_i2c.o(.bss)
    STACK                                    0x10001120   Section      512  startup_lpc177x_8x.o(STACK)

    Global Symbols

    Symbol Name                              Value     Ov Type        Size  Object(Section)

    BuildAttributes$$THM_ISAv4$P$D$K$B$S$PE$A:L22UL41UL21$X:L11$S22US41US21$IEEE1$IW$USESV6$~STKCKD$USESV7$~SHL$OSPACE$EBA8$MICROLIB$REQ8$PRES8$EABIv2 0x00000000   Number         0  anon$$obj.o ABSOLUTE
    __ARM_use_no_argv                        0x00000000   Number         0  main.o ABSOLUTE
    __Vectors                                0x00000000   Data           4  startup_lpc177x_8x.o(RESET)
    __decompress                              - Undefined Weak Reference
    __main                                   0x000000e5   Thumb Code     0  entry.o(.ARM.Collect$$$$00000000)
    _main_stk                                0x000000e5   Thumb Code     0  entry2.o(.ARM.Collect$$$$00000001)
    _main_scatterload                        0x000000e9   Thumb Code     0  entry5.o(.ARM.Collect$$$$00000004)
    __main_after_scatterload                 0x000000ed   Thumb Code     0  entry5.o(.ARM.Collect$$$$00000004)
    _main_init                               0x000000ed   Thumb Code     0  entry7.o(.ARM.Collect$$$$00000007)
    Reset_Handler                            0x000000f9   Thumb Code     8  startup_lpc177x_8x.o(.text)
    NMI_Handler                              0x00000101   Thumb Code     2  startup_lpc177x_8x.o(.text)
    HardFault_Handler                        0x00000103   Thumb Code     2  startup_lpc177x_8x.o(.text)
    MemManage_Handler                        0x00000105   Thumb Code     2  startup_lpc177x_8x.o(.text)
    BusFault_Handler                         0x00000107   Thumb Code     2  startup_lpc177x_8x.o(.text)
    UsageFault_Handler                       0x00000109   Thumb Code     2  startup_lpc177x_8x.o(.text)
    SVC_Handler                              0x0000010b   Thumb Code     2  startup_lpc177x_8x.o(.text)
    DebugMon_Handler                         0x0000010d   Thumb Code     2  startup_lpc177x_8x.o(.text)
    PendSV_Handler                           0x0000010f   Thumb Code     2  startup_lpc177x_8x.o(.text)
    SysTick_Handler                          0x00000111   Thumb Code     2  startup_lpc177x_8x.o(.text)
    ADC_IRQHandler                           0x00000113   Thumb Code     0  startup_lpc177x_8x.o(.text)
    BOD_IRQHandler                           0x00000113   Thumb Code     0  startup_lpc177x_8x.o(.text)
    CANActivity_IRQHandler                   0x00000113   Thumb Code     0  startup_lpc177x_8x.o(.text)
    CAN_IRQHandler                           0x00000113   Thumb Code     0  startup_lpc177x_8x.o(.text)
    DMA_IRQHandler                           0x00000113   Thumb Code     0  startup_lpc177x_8x.o(.text)
    EEPROM_IRQHandler                        0x00000113   Thumb Code     0  startup_lpc177x_8x.o(.text)
    EINT0_IRQHandler                         0x00000113   Thumb Code     0  startup_lpc177x_8x.o(.text)
    EINT1_IRQHandler                         0x00000113   Thumb Code     0  startup_lpc177x_8x.o(.text)
    EINT2_IRQHandler                         0x00000113   Thumb Code     0  startup_lpc177x_8x.o(.text)
    EINT3_IRQHandler                         0x00000113   Thumb Code     0  startup_lpc177x_8x.o(.text)
    ENET_IRQHandler                          0x00000113   Thumb Code     0  startup_lpc177x_8x.o(.text)
    GPIO_IRQHandler                          0x00000113   Thumb Code     0  startup_lpc177x_8x.o(.text)
    I2C0_IRQHandler                          0x00000113   Thumb Code     0  startup_lpc177x_8x.o(.text)
    I2C1_IRQHandler                          0x00000113   Thumb Code     0  startup_lpc177x_8x.o(.text)
    I2C2_IRQHandler                          0x00000113   Thumb Code     0  startup_lpc177x_8x.o(.text)
    LCD_IRQHandler                           0x00000113   Thumb Code     0  startup_lpc177x_8x.o(.text)
    MCI_IRQHandler                           0x00000113   Thumb Code     0  startup_lpc177x_8x.o(.text)
    MCPWM_IRQHandler                         0x00000113   Thumb Code     0  startup_lpc177x_8x.o(.text)
    PLL0_IRQHandler                          0x00000113   Thumb Code     0  startup_lpc177x_8x.o(.text)
    PLL1_IRQHandler                          0x00000113   Thumb Code     0  startup_lpc177x_8x.o(.text)
    PWM0_IRQHandler                          0x00000113   Thumb Code     0  startup_lpc177x_8x.o(.text)
    PWM1_IRQHandler                          0x00000113   Thumb Code     0  startup_lpc177x_8x.o(.text)
    QEI_IRQHandler                           0x00000113   Thumb Code     0  startup_lpc177x_8x.o(.text)
    RTC_IRQHandler                           0x00000113   Thumb Code     0  startup_lpc177x_8x.o(.text)
    SSP0_IRQHandler                          0x00000113   Thumb Code     0  startup_lpc177x_8x.o(.text)
    SSP1_IRQHandler                          0x00000113   Thumb Code     0  startup_lpc177x_8x.o(.text)
    SSP2_IRQHandler                          0x00000113   Thumb Code     0  startup_lpc177x_8x.o(.text)
    TIMER0_IRQHandler                        0x00000113   Thumb Code     0  startup_lpc177x_8x.o(.text)
    TIMER1_IRQHandler                        0x00000113   Thumb Code     0  startup_lpc177x_8x.o(.text)
    TIMER2_IRQHandler                        0x00000113   Thumb Code     0  startup_lpc177x_8x.o(.text)
    TIMER3_IRQHandler                        0x00000113   Thumb Code     0  startup_lpc177x_8x.o(.text)
    UART0_IRQHandler                         0x00000113   Thumb Code     0  startup_lpc177x_8x.o(.text)
    UART1_IRQHandler                         0x00000113   Thumb Code     0  startup_lpc177x_8x.o(.text)
    UART2_IRQHandler                         0x00000113   Thumb Code     0  startup_lpc177x_8x.o(.text)
    UART3_IRQHandler                         0x00000113   Thumb Code     0  startup_lpc177x_8x.o(.text)
    UART4_IRQHandler                         0x00000113   Thumb Code     0  startup_lpc177x_8x.o(.text)
    USBActivity_IRQHandler                   0x00000113   Thumb Code     0  startup_lpc177x_8x.o(.text)
    USB_IRQHandler                           0x00000113   Thumb Code     0  startup_lpc177x_8x.o(.text)
    WDT_IRQHandler                           0x00000113   Thumb Code     0  startup_lpc177x_8x.o(.text)
    __aeabi_uldivmod                         0x0000011d   Thumb Code    98  uldiv.o(.text)
    __aeabi_llsl                             0x0000017f   Thumb Code    30  llshl.o(.text)
    _ll_shift_l                              0x0000017f   Thumb Code     0  llshl.o(.text)
    __aeabi_llsr                             0x0000019d   Thumb Code    32  llushr.o(.text)
    _ll_ushift_r                             0x0000019d   Thumb Code     0  llushr.o(.text)
    __aeabi_memcpy                           0x000001bd   Thumb Code    36  memcpya.o(.text)
    __aeabi_memcpy4                          0x000001bd   Thumb Code     0  memcpya.o(.text)
    __aeabi_memcpy8                          0x000001bd   Thumb Code     0  memcpya.o(.text)
    __scatterload                            0x000001e1   Thumb Code    28  init.o(.text)
    __scatterload_rt2                        0x000001e1   Thumb Code     0  init.o(.text)
    Buffer_Init                              0x00000205   Thumb Code    54  main.o(i.Buffer_Init)
    CLKPWR_ConfigPPWR                        0x00000259   Thumb Code    38  lpc177x_8x_clkpwr.o(i.CLKPWR_ConfigPPWR)
    CLKPWR_GetCLK                            0x00000289   Thumb Code    46  lpc177x_8x_clkpwr.o(i.CLKPWR_GetCLK)
    I2C_Cmd                                  0x000002c9   Thumb Code    52  lpc177x_8x_i2c.o(i.I2C_Cmd)
    I2C_Init                                 0x00000359   Thumb Code    78  lpc177x_8x_i2c.o(i.I2C_Init)
    I2C_IntCmd                               0x000003a9   Thumb Code   106  lpc177x_8x_i2c.o(i.I2C_IntCmd)
    I2C_MasterHanleStates                    0x00000419   Thumb Code   512  lpc177x_8x_i2c.o(i.I2C_MasterHanleStates)
    I2C_MasterTransferData                   0x00000619   Thumb Code   234  lpc177x_8x_i2c.o(i.I2C_MasterTransferData)
    I2S_Callback                             0x000007b9   Thumb Code   152  main.o(i.I2S_Callback)
    I2S_Config                               0x00000869   Thumb Code    68  lpc177x_8x_i2s.o(i.I2S_Config)
    I2S_FreqConfig                           0x000008b1   Thumb Code   432  lpc177x_8x_i2s.o(i.I2S_FreqConfig)
    I2S_GetLevel                             0x00000a61   Thumb Code    20  lpc177x_8x_i2s.o(i.I2S_GetLevel)
    I2S_IRQCmd                               0x00000a75   Thumb Code    52  lpc177x_8x_i2s.o(i.I2S_IRQCmd)
    I2S_IRQConfig                            0x00000aa9   Thumb Code    24  lpc177x_8x_i2s.o(i.I2S_IRQConfig)
    I2S_IRQHandler                           0x00000ac1   Thumb Code   118  main.o(i.I2S_IRQHandler)
    I2S_Init                                 0x00000b4d   Thumb Code    28  lpc177x_8x_i2s.o(i.I2S_Init)
    I2S_ModeConfig                           0x00000b6d   Thumb Code   106  lpc177x_8x_i2s.o(i.I2S_ModeConfig)
    I2S_Start                                0x00000bd7   Thumb Code    42  lpc177x_8x_i2s.o(i.I2S_Start)
    I2S_Stop                                 0x00000c01   Thumb Code    46  lpc177x_8x_i2s.o(i.I2S_Stop)
    PINSEL_ConfigPin                         0x00000c31   Thumb Code    72  lpc177x_8x_pinsel.o(i.PINSEL_ConfigPin)
    PINSEL_GetPinType                        0x00000c7d   Thumb Code   186  lpc177x_8x_pinsel.o(i.PINSEL_GetPinType)
    SystemCoreClockUpdate                    0x00000d51   Thumb Code   724  system_lpc177x_8x.o(i.SystemCoreClockUpdate)
    SystemInit                               0x00001055   Thumb Code   212  system_lpc177x_8x.o(i.SystemInit)
    UARTGetChar                              0x00001161   Thumb Code    30  debug_frmwrk.o(i.UARTGetChar)
    UARTGetCharInNonBlock                    0x0000117f   Thumb Code    34  debug_frmwrk.o(i.UARTGetCharInNonBlock)
    UARTGetValue                             0x000011a1   Thumb Code   366  debug_frmwrk.o(i.UARTGetValue)
    UARTPutChar                              0x00001371   Thumb Code    20  debug_frmwrk.o(i.UARTPutChar)
    UARTPutDec                               0x00001385   Thumb Code   104  debug_frmwrk.o(i.UARTPutDec)
    UARTPutDec16                             0x000013ed   Thumb Code   168  debug_frmwrk.o(i.UARTPutDec16)
    UARTPutDec32                             0x00001495   Thumb Code   320  debug_frmwrk.o(i.UARTPutDec32)
    UARTPutHex                               0x000015e9   Thumb Code    70  debug_frmwrk.o(i.UARTPutHex)
    UARTPutHex16                             0x00001635   Thumb Code    70  debug_frmwrk.o(i.UARTPutHex16)
    UARTPutHex16_                            0x00001681   Thumb Code    62  debug_frmwrk.o(i.UARTPutHex16_)
    UARTPutHex32                             0x000016c1   Thumb Code    70  debug_frmwrk.o(i.UARTPutHex32)
    UARTPutHex32_                            0x0000170d   Thumb Code    62  debug_frmwrk.o(i.UARTPutHex32_)
    UARTPutHex_                              0x0000174b   Thumb Code    62  debug_frmwrk.o(i.UARTPutHex_)
    UARTPuts                                 0x00001789   Thumb Code    28  debug_frmwrk.o(i.UARTPuts)
    UARTPuts_                                0x000017a5   Thumb Code    24  debug_frmwrk.o(i.UARTPuts_)
    UART_ConfigStructInit                    0x000017c1   Thumb Code    22  lpc177x_8x_uart.o(i.UART_ConfigStructInit)
    UART_Init                                0x000017d9   Thumb Code   548  lpc177x_8x_uart.o(i.UART_Init)
    UART_Receive                             0x00001a0d   Thumb Code   180  lpc177x_8x_uart.o(i.UART_Receive)
    UART_ReceiveByte                         0x00001ad5   Thumb Code    52  lpc177x_8x_uart.o(i.UART_ReceiveByte)
    UART_Send                                0x00001b1d   Thumb Code   224  lpc177x_8x_uart.o(i.UART_Send)
    UART_SendByte                            0x00001c11   Thumb Code    48  lpc177x_8x_uart.o(i.UART_SendByte)
    UART_TxCmd                               0x00001c55   Thumb Code   132  lpc177x_8x_uart.o(i.UART_TxCmd)
    Uda1380_Init                             0x00001ce5   Thumb Code   226  uda1380.o(i.Uda1380_Init)
    Uda1380_Mute                             0x00001dcd   Thumb Code   100  uda1380.o(i.Uda1380_Mute)
    Uda1380_ReadData                         0x00001e31   Thumb Code    98  uda1380.o(i.Uda1380_ReadData)
    Uda1380_WriteData                        0x00001e93   Thumb Code   114  uda1380.o(i.Uda1380_WriteData)
    __scatterload_copy                       0x00001f05   Thumb Code    14  handlers.o(i.__scatterload_copy)
    __scatterload_null                       0x00001f13   Thumb Code     2  handlers.o(i.__scatterload_null)
    __scatterload_zeroinit                   0x00001f15   Thumb Code    14  handlers.o(i.__scatterload_zeroinit)
    c_entry                                  0x00001f25   Thumb Code   232  main.o(i.c_entry)
    debug_frmwrk_init                        0x00002015   Thumb Code   136  debug_frmwrk.o(i.debug_frmwrk_init)
    main                                     0x0000215d   Thumb Code     4  main.o(i.main)
    audio                                    0x000023ec   Data       319648  main.o(.constdata)
    Region$$Table$$Base                      0x000504e8   Number         0  anon$$obj.o(Region$$Table)
    Region$$Table$$Limit                     0x00050508   Number         0  anon$$obj.o(Region$$Table)
    tx_offset                                0x10000000   Data           4  main.o(.data)
    Tx_EndofBuf_F                            0x10000004   Data           1  main.o(.data)
    data_offset                              0x10000008   Data           4  main.o(.data)
    buffer_offset                            0x1000000c   Data           4  main.o(.data)
    remain_data                              0x10000010   Data           4  main.o(.data)
    _db_msg                                  0x10000014   Data           4  debug_frmwrk.o(.data)
    _db_msg_                                 0x10000018   Data           4  debug_frmwrk.o(.data)
    _db_char                                 0x1000001c   Data           4  debug_frmwrk.o(.data)
    _db_dec                                  0x10000020   Data           4  debug_frmwrk.o(.data)
    _db_dec_16                               0x10000024   Data           4  debug_frmwrk.o(.data)
    _db_dec_32                               0x10000028   Data           4  debug_frmwrk.o(.data)
    _db_hex                                  0x1000002c   Data           4  debug_frmwrk.o(.data)
    _db_hex_16                               0x10000030   Data           4  debug_frmwrk.o(.data)
    _db_hex_32                               0x10000034   Data           4  debug_frmwrk.o(.data)
    _db_hex_                                 0x10000038   Data           4  debug_frmwrk.o(.data)
    _db_hex_16_                              0x1000003c   Data           4  debug_frmwrk.o(.data)
    _db_hex_32_                              0x10000040   Data           4  debug_frmwrk.o(.data)
    _db_get_char                             0x10000044   Data           4  debug_frmwrk.o(.data)
    _db_get_char_nonblocking                 0x10000048   Data           4  debug_frmwrk.o(.data)
    _db_get_val                              0x1000004c   Data           4  debug_frmwrk.o(.data)
    SystemCoreClock                          0x10000050   Data           4  system_lpc177x_8x.o(.data)
    PeripheralClock                          0x10000054   Data           4  system_lpc177x_8x.o(.data)
    EMCClock                                 0x10000058   Data           4  system_lpc177x_8x.o(.data)
    USBClock                                 0x1000005c   Data           4  system_lpc177x_8x.o(.data)
    tx_buffer                                0x10000060   Data        4192  main.o(.bss)
    userWav                                  0x100010c0   Data          44  wav.o(.bss)
    __initial_sp                             0x10001320   Data           0  startup_lpc177x_8x.o(STACK)



==============================================================================

Memory Map of the image

  Image Entry point : 0x000000e5

  Load Region LR_IROM1 (Base: 0x00000000, Size: 0x00050568, Max: 0x00080000, ABSOLUTE)

    Execution Region ER_IROM1 (Base: 0x00000000, Size: 0x00050508, Max: 0x00080000, ABSOLUTE)

    Base Addr    Size         Type   Attr      Idx    E Section Name        Object

    0x00000000   0x000000e4   Data   RO         1178    RESET               startup_lpc177x_8x.o
    0x000000e4   0x00000000   Code   RO         1186  * .ARM.Collect$$$$00000000  mc_w.l(entry.o)
    0x000000e4   0x00000004   Code   RO         1199    .ARM.Collect$$$$00000001  mc_w.l(entry2.o)
    0x000000e8   0x00000004   Code   RO         1202    .ARM.Collect$$$$00000004  mc_w.l(entry5.o)
    0x000000ec   0x00000008   Code   RO         1203    .ARM.Collect$$$$00000007  mc_w.l(entry7.o)
    0x000000f4   0x00000004   Code   RO         1200    .ARM.Collect$$$$00002712  mc_w.l(entry2.o)
    0x000000f8   0x00000024   Code   RO         1180    .text               startup_lpc177x_8x.o
    0x0000011c   0x00000062   Code   RO         1189    .text               mc_w.l(uldiv.o)
    0x0000017e   0x0000001e   Code   RO         1191    .text               mc_w.l(llshl.o)
    0x0000019c   0x00000020   Code   RO         1193    .text               mc_w.l(llushr.o)
    0x000001bc   0x00000024   Code   RO         1195    .text               mc_w.l(memcpya.o)
    0x000001e0   0x00000024   Code   RO         1204    .text               mc_w.l(init.o)
    0x00000204   0x00000054   Code   RO            2    i.Buffer_Init       main.o
    0x00000258   0x00000030   Code   RO          299    i.CLKPWR_ConfigPPWR  lpc177x_8x_clkpwr.o
    0x00000288   0x00000040   Code   RO          302    i.CLKPWR_GetCLK     lpc177x_8x_clkpwr.o
    0x000002c8   0x00000034   Code   RO         1000    i.I2C_Cmd           lpc177x_8x_i2c.o
    0x000002fc   0x00000004   Code   RO         1179    .ARM.__at_0x02FC    startup_lpc177x_8x.o
    0x00000300   0x00000026   Code   RO         1002    i.I2C_GetByte       lpc177x_8x_i2c.o
    0x00000326   0x00000002   PAD
    0x00000328   0x00000030   Code   RO         1003    i.I2C_GetPointer    lpc177x_8x_i2c.o
    0x00000358   0x0000004e   Code   RO         1004    i.I2C_Init          lpc177x_8x_i2c.o
    0x000003a6   0x00000002   PAD
    0x000003a8   0x00000070   Code   RO         1005    i.I2C_IntCmd        lpc177x_8x_i2c.o
    0x00000418   0x00000200   Code   RO         1007    i.I2C_MasterHanleStates  lpc177x_8x_i2c.o
    0x00000618   0x000000f0   Code   RO         1009    i.I2C_MasterTransferData  lpc177x_8x_i2c.o
    0x00000708   0x00000034   Code   RO         1014    i.I2C_SendByte      lpc177x_8x_i2c.o
    0x0000073c   0x00000022   Code   RO         1015    i.I2C_SetClock      lpc177x_8x_i2c.o
    0x0000075e   0x00000022   Code   RO         1021    i.I2C_Start         lpc177x_8x_i2c.o
    0x00000780   0x00000036   Code   RO         1022    i.I2C_Stop          lpc177x_8x_i2c.o
    0x000007b6   0x00000002   PAD
    0x000007b8   0x000000b0   Code   RO            3    i.I2S_Callback      main.o
    0x00000868   0x00000048   Code   RO          557    i.I2S_Config        lpc177x_8x_i2s.o
    0x000008b0   0x000001b0   Code   RO          561    i.I2S_FreqConfig    lpc177x_8x_i2s.o
    0x00000a60   0x00000014   Code   RO          564    i.I2S_GetLevel      lpc177x_8x_i2s.o
    0x00000a74   0x00000034   Code   RO          565    i.I2S_IRQCmd        lpc177x_8x_i2s.o
    0x00000aa8   0x00000018   Code   RO          566    i.I2S_IRQConfig     lpc177x_8x_i2s.o
    0x00000ac0   0x0000008c   Code   RO            4    i.I2S_IRQHandler    main.o
    0x00000b4c   0x00000020   Code   RO          567    i.I2S_Init          lpc177x_8x_i2s.o
    0x00000b6c   0x0000006a   Code   RO          568    i.I2S_ModeConfig    lpc177x_8x_i2s.o
    0x00000bd6   0x0000002a   Code   RO          574    i.I2S_Start         lpc177x_8x_i2s.o
    0x00000c00   0x0000002e   Code   RO          575    i.I2S_Stop          lpc177x_8x_i2s.o
    0x00000c2e   0x00000002   PAD
    0x00000c30   0x0000004c   Code   RO          725    i.PINSEL_ConfigPin  lpc177x_8x_pinsel.o
    0x00000c7c   0x000000ba   Code   RO          727    i.PINSEL_GetPinType  lpc177x_8x_pinsel.o
    0x00000d36   0x00000002   PAD
    0x00000d38   0x00000018   Code   RO          737    i.PIN_GetPointer    lpc177x_8x_pinsel.o
    0x00000d50   0x00000304   Code   RO         1149    i.SystemCoreClockUpdate  system_lpc177x_8x.o
    0x00001054   0x0000010c   Code   RO         1150    i.SystemInit        system_lpc177x_8x.o
    0x00001160   0x0000001e   Code   RO          183    i.UARTGetChar       debug_frmwrk.o
    0x0000117e   0x00000022   Code   RO          184    i.UARTGetCharInNonBlock  debug_frmwrk.o
    0x000011a0   0x000001d0   Code   RO          185    i.UARTGetValue      debug_frmwrk.o
    0x00001370   0x00000014   Code   RO          186    i.UARTPutChar       debug_frmwrk.o
    0x00001384   0x00000068   Code   RO          187    i.UARTPutDec        debug_frmwrk.o
    0x000013ec   0x000000a8   Code   RO          188    i.UARTPutDec16      debug_frmwrk.o
    0x00001494   0x00000154   Code   RO          189    i.UARTPutDec32      debug_frmwrk.o
    0x000015e8   0x0000004c   Code   RO          190    i.UARTPutHex        debug_frmwrk.o
    0x00001634   0x0000004c   Code   RO          191    i.UARTPutHex16      debug_frmwrk.o
    0x00001680   0x0000003e   Code   RO          192    i.UARTPutHex16_     debug_frmwrk.o
    0x000016be   0x00000002   PAD
    0x000016c0   0x0000004c   Code   RO          193    i.UARTPutHex32      debug_frmwrk.o
    0x0000170c   0x0000003e   Code   RO          194    i.UARTPutHex32_     debug_frmwrk.o
    0x0000174a   0x0000003e   Code   RO          195    i.UARTPutHex_       debug_frmwrk.o
    0x00001788   0x0000001c   Code   RO          196    i.UARTPuts          debug_frmwrk.o
    0x000017a4   0x0000001c   Code   RO          197    i.UARTPuts_         debug_frmwrk.o
    0x000017c0   0x00000016   Code   RO          815    i.UART_ConfigStructInit  lpc177x_8x_uart.o
    0x000017d6   0x00000002   PAD
    0x000017d8   0x00000234   Code   RO          825    i.UART_Init         lpc177x_8x_uart.o
    0x00001a0c   0x000000c8   Code   RO          835    i.UART_Receive      lpc177x_8x_uart.o
    0x00001ad4   0x00000048   Code   RO          836    i.UART_ReceiveByte  lpc177x_8x_uart.o
    0x00001b1c   0x000000f4   Code   RO          837    i.UART_Send         lpc177x_8x_uart.o
    0x00001c10   0x00000044   Code   RO          838    i.UART_SendByte     lpc177x_8x_uart.o
    0x00001c54   0x00000090   Code   RO          839    i.UART_TxCmd        lpc177x_8x_uart.o
    0x00001ce4   0x000000e8   Code   RO          127    i.Uda1380_Init      uda1380.o
    0x00001dcc   0x00000064   Code   RO          128    i.Uda1380_Mute      uda1380.o
    0x00001e30   0x00000062   Code   RO          129    i.Uda1380_ReadData  uda1380.o
    0x00001e92   0x00000072   Code   RO          130    i.Uda1380_WriteData  uda1380.o
    0x00001f04   0x0000000e   Code   RO         1208    i.__scatterload_copy  mc_w.l(handlers.o)
    0x00001f12   0x00000002   Code   RO         1209    i.__scatterload_null  mc_w.l(handlers.o)
    0x00001f14   0x0000000e   Code   RO         1210    i.__scatterload_zeroinit  mc_w.l(handlers.o)
    0x00001f22   0x00000002   PAD
    0x00001f24   0x000000f0   Code   RO            5    i.c_entry           main.o
    0x00002014   0x00000100   Code   RO          198    i.debug_frmwrk_init  debug_frmwrk.o
    0x00002114   0x00000020   Code   RO          576    i.i2s_GetChannel    lpc177x_8x_i2s.o
    0x00002134   0x00000028   Code   RO          577    i.i2s_GetWordWidth  lpc177x_8x_i2s.o
    0x0000215c   0x00000004   Code   RO            6    i.main              main.o
    0x00002160   0x00000030   Code   RO          840    i.uart_get_pointer  lpc177x_8x_uart.o
    0x00002190   0x0000025c   Code   RO          841    i.uart_set_divisors  lpc177x_8x_uart.o
    0x000023ec   0x0004e0a0   Data   RO            8    .constdata          main.o
    0x0005048c   0x00000059   Data   RO          199    .constdata          debug_frmwrk.o
    0x000504e5   0x00000003   PAD
    0x000504e8   0x00000020   Data   RO         1206    Region$$Table       anon$$obj.o


    Execution Region RW_IRAM1 (Base: 0x10000000, Size: 0x00001320, Max: 0x00010000, ABSOLUTE)

    Base Addr    Size         Type   Attr      Idx    E Section Name        Object

    0x10000000   0x00000014   Data   RW            9    .data               main.o
    0x10000014   0x0000003c   Data   RW          200    .data               debug_frmwrk.o
    0x10000050   0x00000010   Data   RW         1151    .data               system_lpc177x_8x.o
    0x10000060   0x00001060   Zero   RW            7    .bss                main.o
    0x100010c0   0x0000002c   Zero   RW           98    .bss                wav.o
    0x100010ec   0x00000030   Zero   RW         1023    .bss                lpc177x_8x_i2c.o
    0x1000111c   0x00000004   PAD
    0x10001120   0x00000200   Zero   RW         1176    STACK               startup_lpc177x_8x.o


    Execution Region RW_IRAM2 (Base: 0x20000000, Size: 0x00000000, Max: 0x00008000, ABSOLUTE)

    **** No section assigned to this execution region ****


==============================================================================

Image component sizes


      Code (inc. data)   RO Data    RW Data    ZI Data      Debug   Object Name

      1886        272         89         60          0      20009   debug_frmwrk.o
       112         28          0          0          0       1232   lpc177x_8x_clkpwr.o
      1254         32          0          0         48      24598   lpc177x_8x_i2c.o
       898          8          0          0          0      11881   lpc177x_8x_i2s.o
       286         14          0          0          0       2799   lpc177x_8x_pinsel.o
      1966        160          0          0          0       8531   lpc177x_8x_uart.o
       644         84     319648         20       4192      49682   main.o
        40         12        228          0        512       1168   startup_lpc177x_8x.o
      1040        104          0         16          0       2437   system_lpc177x_8x.o
       544          6          0          0          0      30925   uda1380.o
         0          0          0          0         44       2026   wav.o

    ----------------------------------------------------------------------
      8684        720     320000         96       4800     155288   Object Totals
         0          0         32          0          0          0   (incl. Generated)
        14          0          3          0          4          0   (incl. Padding)

    ----------------------------------------------------------------------

      Code (inc. data)   RO Data    RW Data    ZI Data      Debug   Library Member Name

         0          0          0          0          0          0   entry.o
         8          4          0          0          0          0   entry2.o
         4          0          0          0          0          0   entry5.o
         8          4          0          0          0          0   entry7.o
        30          0          0          0          0          0   handlers.o
        36          8          0          0          0         68   init.o
        30          0          0          0          0         68   llshl.o
        32          0          0          0          0         68   llushr.o
        36          0          0          0          0         68   memcpya.o
        98          0          0          0          0         92   uldiv.o

    ----------------------------------------------------------------------
       284         16          0          0          0        364   Library Totals
         2          0          0          0          0          0   (incl. Padding)

    ----------------------------------------------------------------------

      Code (inc. data)   RO Data    RW Data    ZI Data      Debug   Library Name

       282         16          0          0          0        364   mc_w.l

    ----------------------------------------------------------------------
       284         16          0          0          0        364   Library Totals

    ----------------------------------------------------------------------

==============================================================================


      Code (inc. data)   RO Data    RW Data    ZI Data      Debug   

      8968        736     320000         96       4800     152324   Grand Totals
      8968        736     320000         96       4800     152324   ELF Image Totals
      8968        736     320000         96          0          0   ROM Totals

==============================================================================

    Total RO  Size (Code + RO Data)               328968 ( 321.26kB)
    Total RW  Size (RW Data + ZI Data)              4896 (   4.78kB)
    Total ROM Size (Code + RO Data + RW Data)     329064 ( 321.35kB)

==============================================================================

