<html>
<body>
<pre>
<h1>µVision Build Log</h1>
<h2>Project:</h2>
E:\HY-LPC1788\FreeRTOSV6.1.0\MDK-ARM\Project.uvproj
Project File Date:  09/13/2012

<h2>Output:</h2>
Build target 'HY-LPC1788-SDK'
compiling main.c...
..\USER\main.c(68): warning:  #223-D: function "PINSEL_ConfigPin" declared implicitly
..\USER\main.c(69): warning:  #223-D: function "GPIO_SetDir" declared implicitly
..\USER\main.c(83): warning:  #223-D: function "GPIO_ClearValue" declared implicitly
..\USER\main.c(90): warning:  #223-D: function "GPIO_SetValue" declared implicitly
..\USER\main.c(34): warning:  #177-D: function "prvSetupHardware" was declared but never referenced
compiling list.c...
compiling queue.c...
compiling tasks.c...
compiling heap_2.c...
compiling port.c...
compiling debug_frmwrk.c...
compiling lpc177x_8x_clkpwr.c...
compiling lpc177x_8x_gpio.c...
compiling lpc177x_8x_nvic.c...
compiling lpc177x_8x_pinsel.c...
compiling lpc177x_8x_uart.c...
compiling system_LPC177x_8x.c...
assembling startup_LPC177x_8x.s...
linking...
Program Size: Code=4144 RO-data=260 RW-data=100 ZI-data=16076  
FromELF: creating hex file...
".\Obj\Project.axf" - 0 Error(s), 5 Warning(s).
Build target 'HY-LPC1788-SDK'
linking...
Program Size: Code=4144 RO-data=260 RW-data=100 ZI-data=16076  
FromELF: creating hex file...
".\Obj\Project.axf" - 0 Error(s), 0 Warning(s).
Build target 'HY-LPC1788-SDK'
linking...
Program Size: Code=4144 RO-data=260 RW-data=100 ZI-data=16076  
FromELF: creating hex file...
".\Obj\Project.axf" - 0 Error(s), 0 Warning(s).
Load "E:\\HY-LPC1788\\FreeRTOSV6.1.0\\MDK-ARM\\Obj\\Project.AXF" 
Erase Done.
Programming Done.
Verify OK.
Application running ...
